
> siren-site@1.0.0 dev
> next dev

▲ Next.js 16.2.12 (Turbopack)
- Local:         http://localhost:3000
- Network:       http://172.20.1.8:3000
✓ Ready in 3.9s

 GET /admin 200 in 922ms (next.js: 517ms, application-code: 405ms)
 GET /admin 200 in 48ms (next.js: 6ms, application-code: 42ms)
 GET / 200 in 705ms (next.js: 94ms, application-code: 612ms)
 GET / 200 in 210ms (next.js: 10ms, application-code: 200ms)
 GET / 200 in 263ms (next.js: 13ms, application-code: 250ms)
 GET /admin 200 in 63ms (next.js: 8ms, application-code: 55ms)
✓ Compiled in 936ms
 GET /admin 200 in 410ms (next.js: 365ms, application-code: 45ms)
 GET / 200 in 407ms (next.js: 110ms, application-code: 297ms)
✓ Compiled in 383ms
 GET /admin 200 in 599ms (next.js: 153ms, application-code: 445ms)
 GET /admin 200 in 43ms (next.js: 15ms, application-code: 28ms)
 GET /admin 200 in 398ms (next.js: 220ms, application-code: 179ms)
 GET /admin 200 in 405ms (next.js: 8ms, application-code: 397ms)
 GET / 200 in 665ms (next.js: 208ms, application-code: 458ms)
 GET / 200 in 166ms (next.js: 10ms, application-code: 156ms)
 GET / 200 in 68ms (next.js: 6ms, application-code: 62ms)
 GET /products/sdf?color=purple 200 in 778ms (next.js: 723ms, application-code: 55ms)
✓ Compiled in 474ms
 GET /admin 200 in 417ms (next.js: 212ms, application-code: 204ms)
 GET /admin 200 in 171ms (next.js: 50ms, application-code: 121ms)
 GET / 200 in 507ms (next.js: 124ms, application-code: 383ms)
 GET / 200 in 258ms (next.js: 6ms, application-code: 252ms)
 GET / 200 in 259ms (next.js: 46ms, application-code: 213ms)
 GET / 200 in 261ms (next.js: 7ms, application-code: 254ms)
 GET /admin 200 in 121ms (next.js: 7ms, application-code: 115ms)
 GET /admin 200 in 86ms (next.js: 9ms, application-code: 78ms)
 GET / 200 in 175ms (next.js: 8ms, application-code: 167ms)
 GET /admin 200 in 44ms (next.js: 7ms, application-code: 36ms)
✓ Compiled in 66ms
 GET /admin 200 in 152ms (next.js: 55ms, application-code: 97ms)
 GET / 200 in 154ms (next.js: 106ms, application-code: 48ms)
✓ Compiled in 201ms
 GET /admin 200 in 209ms (next.js: 102ms, application-code: 106ms)
 GET / 200 in 210ms (next.js: 154ms, application-code: 57ms)
 GET /products/sdf?color=purple 200 in 208ms (next.js: 106ms, application-code: 103ms)
 GET /products/zor-narsa?color=red 200 in 75ms (next.js: 22ms, application-code: 53ms)
✓ Compiled in 23ms
 GET /admin 200 in 142ms (next.js: 120ms, application-code: 21ms)
 GET / 200 in 145ms (next.js: 61ms, application-code: 84ms)
 GET / 200 in 280ms (next.js: 5ms, application-code: 275ms)
 GET /products/sdf?color=purple 200 in 158ms (next.js: 111ms, application-code: 47ms)
 GET /products/zor-narsa?color=blue 200 in 54ms (next.js: 16ms, application-code: 38ms)
 GET /products/zor-narsa?color=red 200 in 59ms (next.js: 16ms, application-code: 44ms)
✓ Compiled in 320ms
 GET /admin 200 in 253ms (next.js: 149ms, application-code: 104ms)
 GET /products/zor-narsa?color=red 200 in 63ms (next.js: 23ms, application-code: 41ms)
✓ Compiled in 267ms
 GET /admin 200 in 236ms (next.js: 126ms, application-code: 110ms)
 GET /products/zor-narsa?color=red 200 in 72ms (next.js: 26ms, application-code: 45ms)
 GET /admin 200 in 166ms (next.js: 7ms, application-code: 160ms)
 GET /admin 200 in 55ms (next.js: 7ms, application-code: 48ms)
 GET /admin 200 in 40ms (next.js: 5ms, application-code: 36ms)
✓ Compiled in 281ms
 GET /admin 200 in 245ms (next.js: 145ms, application-code: 100ms)
 GET /products/zor-narsa?color=red 200 in 62ms (next.js: 26ms, application-code: 36ms)
 GET /admin 200 in 128ms (next.js: 6ms, application-code: 123ms)
 GET /admin 200 in 44ms (next.js: 6ms, application-code: 38ms)
 GET /admin 200 in 38ms (next.js: 5ms, application-code: 33ms)
 GET /admin 200 in 49ms (next.js: 6ms, application-code: 43ms)
✓ Compiled in 169ms
 GET /admin 200 in 260ms (next.js: 134ms, application-code: 125ms)
 GET /products/zor-narsa?color=red 200 in 90ms (next.js: 32ms, application-code: 58ms)
✓ Compiled in 238ms
 GET /admin 200 in 225ms (next.js: 105ms, application-code: 119ms)
 GET /products/zor-narsa?color=red 200 in 70ms (next.js: 25ms, application-code: 46ms)
✓ Compiled in 302ms
 GET /admin 200 in 240ms (next.js: 124ms, application-code: 117ms)
 GET /products/zor-narsa?color=red 200 in 70ms (next.js: 24ms, application-code: 46ms)
✓ Compiled in 208ms
 GET /admin 200 in 241ms (next.js: 125ms, application-code: 116ms)
 GET /products/zor-narsa?color=red 200 in 73ms (next.js: 25ms, application-code: 48ms)
 GET /admin 200 in 171ms (next.js: 5ms, application-code: 165ms)
 GET /admin 200 in 45ms (next.js: 6ms, application-code: 39ms)
 GET /admin 200 in 37ms (next.js: 5ms, application-code: 32ms)
 GET /products/zor-narsa?color=red 200 in 257ms (next.js: 20ms, application-code: 237ms)
 GET /products/zor-narsa?color=red 200 in 172ms (next.js: 20ms, application-code: 152ms)
 GET / 200 in 151ms (next.js: 26ms, application-code: 125ms)
 GET /products/werwewer?color=orangered 200 in 66ms (next.js: 17ms, application-code: 48ms)
 GET /admin 200 in 55ms (next.js: 6ms, application-code: 49ms)
 GET / 200 in 77ms (next.js: 6ms, application-code: 71ms)
 GET /records 200 in 252ms (next.js: 170ms, application-code: 82ms)
✓ Compiled in 694ms
 GET /admin 200 in 1503ms (next.js: 187ms, application-code: 1316ms)
 GET /admin 200 in 348ms (next.js: 60ms, application-code: 287ms)
 GET /records 200 in 67ms (next.js: 36ms, application-code: 31ms)
 GET /records 200 in 68ms (next.js: 9ms, application-code: 59ms)
 GET /records 200 in 420ms (next.js: 102ms, application-code: 318ms)
 GET /records 200 in 1578ms (next.js: 365ms, application-code: 1213ms)
 GET /admin 200 in 309ms (next.js: 35ms, application-code: 274ms)
 GET /records 200 in 314ms (next.js: 10ms, application-code: 304ms)
 GET /admin 200 in 49ms (next.js: 5ms, application-code: 44ms)
✓ Compiled in 440ms
 GET /admin 200 in 174ms (next.js: 104ms, application-code: 69ms)
 GET /records 200 in 175ms (next.js: 143ms, application-code: 32ms)
✓ Compiled in 331ms
 GET /admin 200 in 175ms (next.js: 106ms, application-code: 69ms)
 GET /records 200 in 176ms (next.js: 146ms, application-code: 30ms)
 GET / 200 in 198ms (next.js: 97ms, application-code: 101ms)
✓ Compiled in 307ms
 GET /admin 200 in 251ms (next.js: 133ms, application-code: 118ms)
 GET / 200 in 252ms (next.js: 193ms, application-code: 59ms)
 GET /admin 200 in 163ms (next.js: 7ms, application-code: 156ms)
 GET /admin 200 in 42ms (next.js: 6ms, application-code: 36ms)
✓ Compiled in 293ms
 GET /admin 200 in 529ms (next.js: 125ms, application-code: 404ms)
 GET /admin 200 in 200ms (next.js: 8ms, application-code: 192ms)
 GET / 200 in 535ms (next.js: 283ms, application-code: 252ms)
 GET / 200 in 506ms (next.js: 34ms, application-code: 472ms)
 GET /admin 200 in 180ms (next.js: 147ms, application-code: 34ms)
 GET / 200 in 183ms (next.js: 71ms, application-code: 112ms)
✓ Compiled in 442ms
 GET / 200 in 241ms (next.js: 5ms, application-code: 236ms)
 GET /admin 200 in 70ms (next.js: 6ms, application-code: 65ms)
 GET / 200 in 206ms (next.js: 5ms, application-code: 200ms)
 GET /admin 200 in 45ms (next.js: 5ms, application-code: 40ms)
 GET /admin 200 in 1558ms (next.js: 341ms, application-code: 1217ms)
 GET /admin 200 in 103ms (next.js: 11ms, application-code: 91ms)
 GET /admin 200 in 76ms (next.js: 7ms, application-code: 68ms)
✓ Compiled in 2.1s
 GET /admin 200 in 515ms (next.js: 398ms, application-code: 117ms)
 GET /admin 200 in 70ms (next.js: 7ms, application-code: 63ms)
 GET /admin 200 in 33ms (next.js: 6ms, application-code: 27ms)
 GET /admin 200 in 264ms (next.js: 7ms, application-code: 258ms)
 GET /admin 200 in 78ms (next.js: 8ms, application-code: 70ms)
✓ Compiled in 349ms
 GET /admin 200 in 391ms (next.js: 68ms, application-code: 322ms)
✓ Compiled in 2.1s
 GET /admin 200 in 1126ms (next.js: 858ms, application-code: 268ms)
✓ Compiled in 441ms
✓ Compiled in 476ms
 GET /admin 200 in 1076ms (next.js: 475ms, application-code: 601ms)
 GET / 200 in 1091ms (next.js: 662ms, application-code: 429ms)
✓ Compiled in 488ms
 GET /admin 200 in 1092ms (next.js: 945ms, application-code: 146ms)
 GET / 200 in 1122ms (next.js: 380ms, application-code: 742ms)
✓ Compiled in 3.6s
 GET /admin 500 in 7.3s (next.js: 6.2s, application-code: 1043ms)
 GET / 500 in 7.3s (next.js: 7.3s, application-code: 67ms)
 GET / 500 in 396ms (next.js: 230ms, application-code: 166ms)
 GET /admin 500 in 405ms (next.js: 317ms, application-code: 88ms)
 GET / 500 in 303ms (next.js: 217ms, application-code: 86ms)
 GET /admin 500 in 297ms (next.js: 232ms, application-code: 65ms)
 GET / 500 in 258ms (next.js: 210ms, application-code: 48ms)
 GET /admin 500 in 224ms (next.js: 200ms, application-code: 23ms)
✓ Compiled in 558ms
 GET /admin 200 in 2.5s (next.js: 1220ms, application-code: 1265ms)
 GET / 200 in 4.4s (next.js: 1508ms, application-code: 2.9s)
✓ Compiled in 467ms
 GET /admin 200 in 512ms (next.js: 193ms, application-code: 318ms)
✓ Compiled in 1479ms
 GET /admin 200 in 1891ms (next.js: 1038ms, application-code: 854ms)
 GET / 200 in 1867ms (next.js: 1316ms, application-code: 551ms)
✓ Compiled in 53ms
 GET /admin 200 in 196ms (next.js: 110ms, application-code: 86ms)
 GET / 200 in 197ms (next.js: 154ms, application-code: 43ms)
✓ Compiled in 45ms
 GET /admin 200 in 227ms (next.js: 98ms, application-code: 128ms)
 GET / 200 in 97ms (next.js: 17ms, application-code: 80ms)
✓ Compiled in 40ms
 GET /admin 200 in 201ms (next.js: 105ms, application-code: 96ms)
 GET / 200 in 203ms (next.js: 152ms, application-code: 51ms)
✓ Compiled in 247ms
✓ Compiled in 183ms
 GET /admin 200 in 278ms (next.js: 19ms, application-code: 259ms)
✓ Compiled in 310ms
 GET /admin 200 in 263ms (next.js: 175ms, application-code: 88ms)
 GET / 200 in 264ms (next.js: 219ms, application-code: 45ms)
 GET /admin 200 in 132ms (next.js: 6ms, application-code: 127ms)
✓ Compiled in 906ms
 GET / 500 in 84ms (next.js: 18ms, application-code: 66ms)
 GET /admin 500 in 107ms (next.js: 94ms, application-code: 13ms)
 GET / 500 in 44ms (next.js: 26ms, application-code: 18ms)
 GET / 500 in 72ms (next.js: 41ms, application-code: 31ms)
 GET /admin 500 in 70ms (next.js: 51ms, application-code: 19ms)
 GET / 500 in 29ms
 GET /admin 500 in 71ms (next.js: 52ms, application-code: 19ms)
 GET /admin 200 in 1315ms (next.js: 850ms, application-code: 464ms)
 GET / 500 in 1525ms (next.js: 81ms, application-code: 1444ms)
✓ Compiled in 549ms
 GET /admin 200 in 436ms (next.js: 256ms, application-code: 180ms)
 GET /admin 200 in 134ms (next.js: 9ms, application-code: 125ms)
 GET / 200 in 471ms (next.js: 85ms, application-code: 386ms)
 GET / 200 in 182ms (next.js: 7ms, application-code: 174ms)
 GET /admin 200 in 33ms (next.js: 7ms, application-code: 26ms)
 GET / 200 in 108ms (next.js: 7ms, application-code: 101ms)
 GET /admin 200 in 131ms (next.js: 6ms, application-code: 126ms)
 GET / 200 in 167ms (next.js: 5ms, application-code: 162ms)
✓ Compiled in 187ms
 GET /admin 200 in 112ms (next.js: 26ms, application-code: 87ms)
✓ Compiled in 339ms
 GET /admin 200 in 431ms (next.js: 110ms, application-code: 321ms)
 GET / 200 in 439ms (next.js: 253ms, application-code: 186ms)
 GET / 200 in 134ms (next.js: 8ms, application-code: 126ms)
 GET / 200 in 59ms (next.js: 9ms, application-code: 50ms)
✓ Compiled in 529ms
 GET /admin 200 in 371ms (next.js: 134ms, application-code: 236ms)
 GET /admin 200 in 136ms (next.js: 8ms, application-code: 127ms)
 GET /admin 200 in 79ms (next.js: 8ms, application-code: 71ms)
 GET / 200 in 414ms (next.js: 187ms, application-code: 227ms)
 GET / 200 in 145ms (next.js: 9ms, application-code: 136ms)
 GET / 200 in 44ms (next.js: 8ms, application-code: 37ms)
✓ Compiled in 133ms
 GET / 200 in 231ms (next.js: 7ms, application-code: 224ms)
✓ Compiled in 28ms
 GET /admin 200 in 318ms (next.js: 137ms, application-code: 181ms)
 GET /admin 200 in 322ms (next.js: 98ms, application-code: 224ms)
 GET / 200 in 322ms (next.js: 269ms, application-code: 53ms)
✓ Compiled in 531ms
 GET /admin 200 in 308ms (next.js: 193ms, application-code: 115ms)
 GET /admin 200 in 82ms (next.js: 48ms, application-code: 34ms)
 GET / 200 in 314ms (next.js: 59ms, application-code: 255ms)
 GET / 200 in 88ms (next.js: 7ms, application-code: 81ms)
✓ Compiled in 6ms
 GET /admin 200 in 256ms (next.js: 213ms, application-code: 43ms)
 GET / 200 in 262ms (next.js: 62ms, application-code: 200ms)
✓ Compiled in 165ms
 GET /admin 200 in 125ms (next.js: 7ms, application-code: 118ms)
 GET /admin 200 in 52ms (next.js: 6ms, application-code: 46ms)
 GET / 200 in 226ms (next.js: 7ms, application-code: 219ms)
 GET /profile 200 in 159ms (next.js: 131ms, application-code: 28ms)
 GET / 200 in 84ms (next.js: 5ms, application-code: 79ms)
 GET / 200 in 2.9s (next.js: 32ms, application-code: 2.8s)
 GET /products/zor-narsa?color=red 200 in 794ms (next.js: 426ms, application-code: 368ms)
 GET /checkout 200 in 524ms (next.js: 491ms, application-code: 33ms)
 GET /_next/image?url=https%3A%2F%2Fi.pinimg.com%2F1200x%2F1f%2F54%2F2a%2F1f542a00f05b88b033b46bc049baede9.jpg&w=64&q=75 500 in 538ms (next.js: 501ms, application-code: 36ms)
 GET /_next/image?url=https%3A%2F%2Fi.pinimg.com%2F1200x%2F1f%2F54%2F2a%2F1f542a00f05b88b033b46bc049baede9.jpg&w=64&q=75 500 in 538ms (next.js: 501ms, application-code: 37ms)
 GET /checkout 200 in 164ms (next.js: 7ms, application-code: 157ms)
 GET /_next/image?url=https%3A%2F%2Fi.pinimg.com%2F1200x%2F1f%2F54%2F2a%2F1f542a00f05b88b033b46bc049baede9.jpg&w=64&q=75 500 in 277ms (next.js: 265ms, application-code: 12ms)
 GET /_next/image?url=https%3A%2F%2Fi.pinimg.com%2F1200x%2F1f%2F54%2F2a%2F1f542a00f05b88b033b46bc049baede9.jpg&w=64&q=75 500 in 277ms (next.js: 265ms, application-code: 12ms)
 GET /checkout 200 in 55ms (next.js: 7ms, application-code: 48ms)
 GET /_next/image?url=https%3A%2F%2Fi.pinimg.com%2F1200x%2F1f%2F54%2F2a%2F1f542a00f05b88b033b46bc049baede9.jpg&w=128&q=75 500 in 74ms (next.js: 59ms, application-code: 15ms)
 GET /_next/image?url=https%3A%2F%2Fi.pinimg.com%2F1200x%2F1f%2F54%2F2a%2F1f542a00f05b88b033b46bc049baede9.jpg&w=128&q=75 500 in 74ms (next.js: 59ms, application-code: 15ms)
 GET / 200 in 132ms (next.js: 6ms, application-code: 126ms)
 GET / 200 in 143ms (next.js: 7ms, application-code: 137ms)
✓ Compiled in 5.4s
 GET / 500 in 193ms (next.js: 140ms, application-code: 53ms)
 GET / 500 in 189ms (next.js: 162ms, application-code: 27ms)
 GET /admin 500 in 190ms (next.js: 177ms, application-code: 13ms)
 GET / 500 in 29ms (next.js: 16ms, application-code: 14ms)
 GET / 500 in 57ms (next.js: 29ms, application-code: 28ms)
 GET /admin 500 in 58ms (next.js: 45ms, application-code: 14ms)
 GET / 500 in 111ms (next.js: 73ms, application-code: 38ms)
 GET / 500 in 111ms (next.js: 87ms, application-code: 24ms)
 GET /admin 500 in 111ms (next.js: 100ms, application-code: 11ms)
 GET / 500 in 30ms (next.js: 16ms, application-code: 14ms)
 GET / 500 in 91ms (next.js: 67ms, application-code: 24ms)
 GET /admin 500 in 91ms (next.js: 79ms, application-code: 12ms)
 GET /admin 200 in 433ms (next.js: 191ms, application-code: 242ms)
 GET / 200 in 715ms (next.js: 377ms, application-code: 339ms)
 GET / 200 in 1425ms (next.js: 424ms, application-code: 1001ms)
✓ Compiled in 260ms
 GET /admin 200 in 331ms (next.js: 251ms, application-code: 80ms)
 GET / 200 in 335ms (next.js: 93ms, application-code: 242ms)
 GET / 200 in 55ms (next.js: 6ms, application-code: 49ms)
 GET /admin 200 in 188ms (next.js: 7ms, application-code: 181ms)
 GET /admin 200 in 44ms (next.js: 6ms, application-code: 37ms)
 GET /admin 200 in 38ms (next.js: 6ms, application-code: 33ms)
 GET /admin 200 in 44ms (next.js: 6ms, application-code: 38ms)
 GET / 200 in 201ms (next.js: 9ms, application-code: 192ms)
 GET / 200 in 195ms (next.js: 7ms, application-code: 188ms)
 GET /admin 200 in 43ms (next.js: 7ms, application-code: 36ms)
 GET /admin 200 in 50ms (next.js: 7ms, application-code: 43ms)
 GET /admin 200 in 53ms (next.js: 8ms, application-code: 44ms)
 GET /admin 200 in 41ms (next.js: 7ms, application-code: 35ms)
[?25h
