
> siren-site@1.0.0 dev
> next dev

▲ Next.js 16.2.12 (Turbopack)
- Local:         http://localhost:3000
- Network:       http://172.20.1.8:3000
- Environments: .env.local
✓ Ready in 4.1s

 GET / 200 in 1129ms (next.js: 721ms, application-code: 408ms)
 GET / 200 in 397ms (next.js: 10ms, application-code: 388ms)
 GET / 200 in 207ms (next.js: 9ms, application-code: 199ms)
 GET /admin 200 in 603ms (next.js: 126ms, application-code: 476ms)
✓ Compiled in 3.8s
 GET /admin?section=pickup 200 in 574ms (next.js: 542ms, application-code: 32ms)
 GET / 200 in 552ms (next.js: 352ms, application-code: 200ms)
 GET /admin?section=pickup 200 in 475ms (next.js: 6ms, application-code: 468ms)
✓ Compiled in 605ms
 GET /admin?section=orders 200 in 292ms (next.js: 156ms, application-code: 136ms)
 GET / 200 in 294ms (next.js: 223ms, application-code: 71ms)
✓ Compiled in 1543ms
 GET /admin?section=orders 200 in 214ms (next.js: 6ms, application-code: 208ms)
✓ Compiled in 668ms
 GET /admin?section=orders 200 in 332ms (next.js: 173ms, application-code: 159ms)
 GET / 200 in 335ms (next.js: 269ms, application-code: 66ms)
 GET /shop 200 in 160ms (next.js: 127ms, application-code: 33ms)
 GET /lookbook 200 in 146ms (next.js: 112ms, application-code: 34ms)
 GET /blog 200 in 184ms (next.js: 109ms, application-code: 75ms)
 GET /lookbook 200 in 26ms (next.js: 6ms, application-code: 20ms)
 GET /blog 200 in 41ms (next.js: 6ms, application-code: 35ms)
 GET /lookbook 200 in 24ms (next.js: 5ms, application-code: 19ms)
 GET /blog 200 in 43ms (next.js: 5ms, application-code: 38ms)
 GET /lookbook 200 in 27ms (next.js: 5ms, application-code: 22ms)
 GET /blog 200 in 40ms (next.js: 5ms, application-code: 35ms)
 GET /lookbook 200 in 28ms (next.js: 5ms, application-code: 22ms)
 GET /blog 200 in 38ms (next.js: 5ms, application-code: 32ms)
 GET /lookbook 200 in 27ms (next.js: 6ms, application-code: 22ms)
 GET /favorites 200 in 153ms (next.js: 118ms, application-code: 35ms)
 GET /profile 200 in 142ms (next.js: 104ms, application-code: 38ms)
 GET /cart 200 in 137ms (next.js: 103ms, application-code: 34ms)
 GET /admin?section=orders 200 in 172ms (next.js: 5ms, application-code: 167ms)
✓ Compiled in 539ms
 GET /admin?section=orders 200 in 260ms (next.js: 218ms, application-code: 43ms)
 GET /cart 200 in 261ms (next.js: 71ms, application-code: 190ms)
 GET /admin?section=orders 200 in 169ms (next.js: 5ms, application-code: 164ms)
✓ Compiled in 479ms
 GET /cart 200 in 214ms (next.js: 189ms, application-code: 26ms)
 GET /admin?section=orders 200 in 217ms (next.js: 147ms, application-code: 70ms)
✓ Compiled in 1204ms
 GET /admin?section=orders 200 in 232ms (next.js: 7ms, application-code: 225ms)
 GET /admin?section=orders 200 in 45ms (next.js: 5ms, application-code: 41ms)
 GET /admin?section=orders 200 in 47ms (next.js: 5ms, application-code: 42ms)
 GET /admin?section=pickup 200 in 41ms (next.js: 5ms, application-code: 36ms)
✓ Compiled in 1408ms
 GET /admin?section=orders 200 in 59ms (next.js: 7ms, application-code: 52ms)
✓ Compiled in 525ms
 GET /cart 200 in 243ms (next.js: 218ms, application-code: 24ms)
 GET /admin?section=pickup 200 in 244ms (next.js: 165ms, application-code: 79ms)
✓ Compiled in 1374ms
 GET /admin?section=pickup 200 in 214ms (next.js: 6ms, application-code: 207ms)
 GET / 200 in 115ms (next.js: 17ms, application-code: 98ms)
 GET / 200 in 217ms (next.js: 5ms, application-code: 212ms)
 GET / 200 in 147ms (next.js: 5ms, application-code: 142ms)
 GET / 200 in 139ms (next.js: 6ms, application-code: 133ms)
 GET / 200 in 159ms (next.js: 7ms, application-code: 152ms)
 GET /products/zor-narsa?color=blue 200 in 977ms (next.js: 904ms, application-code: 73ms)
 GET / 200 in 72ms (next.js: 5ms, application-code: 67ms)
 GET /admin?section=pickup 200 in 45ms (next.js: 5ms, application-code: 40ms)
 GET /admin?section=pickup 200 in 51ms (next.js: 5ms, application-code: 46ms)
✓ Compiled in 870ms
 GET /admin?section=pickup 200 in 347ms (next.js: 291ms, application-code: 56ms)
 GET / 200 in 351ms (next.js: 74ms, application-code: 277ms)
✓ Compiled in 507ms
 GET /admin?section=pickup 200 in 249ms (next.js: 144ms, application-code: 104ms)
 GET / 200 in 250ms (next.js: 190ms, application-code: 60ms)
✓ Compiled in 496ms
 GET /admin?section=refunds 200 in 233ms (next.js: 128ms, application-code: 105ms)
 GET / 200 in 234ms (next.js: 188ms, application-code: 46ms)
 GET /admin?section=refunds 200 in 181ms (next.js: 6ms, application-code: 175ms)
✓ Compiled in 1377ms
 GET /admin?section=refunds 200 in 58ms (next.js: 6ms, application-code: 53ms)
 GET /admin?section=refunds 200 in 48ms (next.js: 5ms, application-code: 43ms)
✓ Compiled in 1230ms
✓ Compiled in 517ms
 GET /admin?section=refunds 200 in 284ms (next.js: 248ms, application-code: 36ms)
 GET / 200 in 288ms (next.js: 80ms, application-code: 209ms)
✓ Compiled in 1154ms
✓ Compiled in 1153ms
✓ Compiled in 477ms
 GET /admin?section=customers 200 in 223ms (next.js: 130ms, application-code: 92ms)
 GET / 200 in 224ms (next.js: 181ms, application-code: 43ms)
 GET /favorites 200 in 51ms (next.js: 24ms, application-code: 27ms)
✓ Compiled in 540ms
 GET /favorites 200 in 277ms (next.js: 81ms, application-code: 196ms)
 GET /admin?section=customers 200 in 279ms (next.js: 234ms, application-code: 44ms)
 GET /products/zor-narsa?color=red 200 in 114ms (next.js: 28ms, application-code: 86ms)
 GET /shop 200 in 36ms (next.js: 15ms, application-code: 21ms)
 GET /favorites 200 in 25ms (next.js: 6ms, application-code: 19ms)
 GET /profile 200 in 36ms (next.js: 15ms, application-code: 22ms)
✓ Compiled in 1378ms
 GET /admin?section=customers 200 in 235ms (next.js: 5ms, application-code: 230ms)
 GET /admin?section=customers 200 in 50ms (next.js: 6ms, application-code: 44ms)
 GET /profile/orders 200 in 148ms (next.js: 118ms, application-code: 30ms)
 GET /profile 200 in 26ms (next.js: 5ms, application-code: 21ms)
 GET /favorites 200 in 36ms (next.js: 7ms, application-code: 29ms)
✓ Compiled in 1380ms
 GET /favorites 200 in 90ms (next.js: 5ms, application-code: 84ms)
 GET /favorites 200 in 51ms (next.js: 5ms, application-code: 46ms)
 GET /favorites 200 in 54ms (next.js: 6ms, application-code: 48ms)
 GET /favorites 200 in 52ms (next.js: 5ms, application-code: 47ms)
✓ Compiled in 1361ms
 GET /favorites 200 in 53ms (next.js: 5ms, application-code: 48ms)
 GET /favorites 200 in 53ms (next.js: 6ms, application-code: 48ms)
✓ Compiled in 1441ms
 GET /favorites 200 in 59ms (next.js: 6ms, application-code: 53ms)
 GET /products/fgwer?color=brown 200 in 83ms (next.js: 17ms, application-code: 66ms)
 GET /profile 200 in 23ms (next.js: 5ms, application-code: 18ms)
 GET /favorites 200 in 29ms (next.js: 7ms, application-code: 23ms)
✓ Compiled in 1400ms
✓ Compiled in 1453ms
 GET /favorites 200 in 58ms (next.js: 7ms, application-code: 52ms)
✓ Compiled in 1323ms
 GET /favorites 200 in 58ms (next.js: 6ms, application-code: 52ms)
 GET / 200 in 133ms (next.js: 21ms, application-code: 111ms)
 GET /favorites 200 in 24ms (next.js: 5ms, application-code: 19ms)
✓ Compiled in 554ms
 GET /favorites 200 in 378ms (next.js: 133ms, application-code: 246ms)
 GET /admin?section=customers 200 in 381ms (next.js: 198ms, application-code: 183ms)
 GET /favorites 200 in 157ms (next.js: 7ms, application-code: 150ms)
 GET /admin?section=customers 200 in 187ms (next.js: 22ms, application-code: 164ms)
 GET /favorites 200 in 132ms (next.js: 36ms, application-code: 96ms)
 GET /favorites 200 in 134ms (next.js: 7ms, application-code: 127ms)
 GET /admin?section=customers 200 in 70ms (next.js: 9ms, application-code: 61ms)
 GET /admin?section=customers 200 in 70ms (next.js: 41ms, application-code: 29ms)
✓ Compiled in 396ms
 GET /favorites 200 in 329ms (next.js: 211ms, application-code: 118ms)
 GET /admin?section=customers 200 in 331ms (next.js: 81ms, application-code: 250ms)
 GET /admin?section=customers 200 in 84ms (next.js: 7ms, application-code: 77ms)
 GET /favorites 200 in 49ms (next.js: 7ms, application-code: 42ms)
✓ Compiled in 376ms
 GET /admin?section=customers 200 in 263ms (next.js: 72ms, application-code: 192ms)
 GET /favorites 200 in 142ms (next.js: 100ms, application-code: 42ms)
 GET /favorites 200 in 161ms (next.js: 6ms, application-code: 155ms)
✓ Compiled in 767ms
 GET /admin?section=customers 200 in 420ms (next.js: 87ms, application-code: 333ms)
 GET /favorites 200 in 421ms (next.js: 263ms, application-code: 158ms)
 GET /admin?section=customers 200 in 93ms (next.js: 10ms, application-code: 83ms)
 GET /favorites 200 in 54ms (next.js: 10ms, application-code: 44ms)
 GET /profile 200 in 40ms (next.js: 16ms, application-code: 24ms)
✓ Compiled in 470ms
 GET /profile 200 in 179ms (next.js: 102ms, application-code: 77ms)
 GET /admin?section=customers 200 in 181ms (next.js: 58ms, application-code: 123ms)
 GET /admin?section=customers 200 in 56ms (next.js: 6ms, application-code: 51ms)
 GET /profile 200 in 30ms (next.js: 6ms, application-code: 24ms)
 GET / 200 in 241ms (next.js: 110ms, application-code: 130ms)
 GET /products/futbol-prevailen?color=darkcyan 200 in 297ms (next.js: 210ms, application-code: 87ms)
 GET /favorites 200 in 122ms (next.js: 90ms, application-code: 32ms)
 GET / 200 in 134ms (next.js: 6ms, application-code: 128ms)
 GET /products/zor-narsa?color=red 200 in 126ms (next.js: 14ms, application-code: 112ms)
 GET /products/zor-narsa?color=blue 200 in 70ms (next.js: 13ms, application-code: 57ms)
 GET /products/corteiz-rtw?color=black 200 in 67ms (next.js: 13ms, application-code: 53ms)
 GET /products/zor-narsa?color=black 200 in 69ms (next.js: 13ms, application-code: 56ms)
 GET /products/zor-narsa?color=black 200 in 286ms (next.js: 13ms, application-code: 273ms)
✓ Compiled in 1322ms
 GET / 200 in 85ms (next.js: 7ms, application-code: 78ms)
✓ Compiled in 436ms
 GET /admin?section=customers 200 in 513ms (next.js: 69ms, application-code: 443ms)
 GET /admin?section=customers 200 in 208ms (next.js: 8ms, application-code: 200ms)
 GET /admin?section=customers 200 in 92ms (next.js: 7ms, application-code: 85ms)
 GET / 200 in 521ms (next.js: 221ms, application-code: 300ms)
 GET / 200 in 215ms (next.js: 50ms, application-code: 165ms)
 GET / 200 in 97ms (next.js: 37ms, application-code: 60ms)
✓ Compiled in 1363ms
 GET / 200 in 243ms (next.js: 6ms, application-code: 237ms)
✓ Compiled in 417ms
 GET /admin?section=discounts 200 in 440ms (next.js: 63ms, application-code: 377ms)
 GET /admin?section=discounts 200 in 172ms (next.js: 7ms, application-code: 165ms)
 GET /admin?section=discounts 200 in 102ms (next.js: 6ms, application-code: 96ms)
 GET / 200 in 702ms (next.js: 197ms, application-code: 505ms)
 GET /admin?section=discounts 200 in 265ms (next.js: 8ms, application-code: 257ms)
 GET / 200 in 399ms (next.js: 25ms, application-code: 374ms)
 GET / 200 in 308ms (next.js: 5ms, application-code: 303ms)
 GET /admin?section=discounts 200 in 237ms (next.js: 7ms, application-code: 230ms)
✓ Compiled in 1386ms
 GET /products/futbol-prevailen?color=darkcyan 200 in 227ms (next.js: 103ms, application-code: 123ms)
 GET /products/futbol-prevailen 200 in 235ms (next.js: 14ms, application-code: 221ms)
 GET /admin?section=catalog 200 in 52ms (next.js: 7ms, application-code: 45ms)
 GET / 200 in 181ms (next.js: 6ms, application-code: 175ms)
 GET /products/sdf?color=purple 200 in 76ms (next.js: 14ms, application-code: 62ms)
✓ Compiled in 427ms
 GET /admin?section=discounts 200 in 259ms (next.js: 66ms, application-code: 193ms)
 GET /products/sdf?color=purple 200 in 160ms (next.js: 103ms, application-code: 57ms)
✓ Compiled in 1291ms
 GET /products/sdf?color=purple 200 in 219ms (next.js: 14ms, application-code: 204ms)
 GET / 200 in 96ms (next.js: 15ms, application-code: 80ms)
 GET /profile 200 in 31ms (next.js: 12ms, application-code: 19ms)
 GET / 200 in 86ms (next.js: 6ms, application-code: 80ms)
 GET /profile 200 in 24ms (next.js: 6ms, application-code: 17ms)
 GET /profile/settings 200 in 136ms (next.js: 108ms, application-code: 28ms)
 GET /profile 200 in 22ms (next.js: 5ms, application-code: 16ms)
✓ Compiled in 633ms
 GET /profile 200 in 288ms (next.js: 246ms, application-code: 42ms)
 GET /admin?section=orders 200 in 291ms (next.js: 121ms, application-code: 169ms)
✓ Compiled in 486ms
 GET /admin?section=orders 200 in 301ms (next.js: 129ms, application-code: 172ms)
 GET /profile 200 in 301ms (next.js: 263ms, application-code: 38ms)
 GET / 200 in 220ms (next.js: 97ms, application-code: 124ms)
 GET /records 200 in 1699ms (next.js: 1658ms, application-code: 42ms)
 GET /_next/image?url=https%3A%2F%2Fi.pinimg.com%2F736x%2F0c%2F95%2Fc5%2F0c95c57bfbc018150f1f042c82cf92a2.jpg&w=48&q=75 500 in 627ms (next.js: 556ms, application-code: 71ms)
 GET /_next/image?url=https%3A%2F%2Fi.pinimg.com%2F736x%2F0c%2F95%2Fc5%2F0c95c57bfbc018150f1f042c82cf92a2.jpg&w=48&q=75 500 in 627ms (next.js: 556ms, application-code: 71ms)
 GET /_next/image?url=https%3A%2F%2Fi.pinimg.com%2F736x%2Fb5%2F83%2F94%2Fb58394728b6a63ae467d7a102e21333d.jpg&w=48&q=75 500 in 629ms (next.js: 595ms, application-code: 34ms)
 GET /_next/image?url=https%3A%2F%2Fi.pinimg.com%2F736x%2Fb5%2F83%2F94%2Fb58394728b6a63ae467d7a102e21333d.jpg&w=48&q=75 500 in 629ms (next.js: 595ms, application-code: 34ms)
 GET /_next/image?url=https%3A%2F%2Fi.pinimg.com%2F736x%2Fb1%2Fa1%2F62%2Fb1a1620889a8050c25c0de9a6e75176c.jpg&w=48&q=75 500 in 631ms (next.js: 615ms, application-code: 16ms)
 GET /_next/image?url=https%3A%2F%2Fi.pinimg.com%2F736x%2Fb1%2Fa1%2F62%2Fb1a1620889a8050c25c0de9a6e75176c.jpg&w=48&q=75 500 in 631ms (next.js: 615ms, application-code: 16ms)
 GET /records 200 in 142ms (next.js: 7ms, application-code: 135ms)
 GET /_next/image?url=https%3A%2F%2Fi.pinimg.com%2F736x%2Fb1%2Fa1%2F62%2Fb1a1620889a8050c25c0de9a6e75176c.jpg&w=48&q=75 500 in 97ms (next.js: 41ms, application-code: 56ms)
 GET /_next/image?url=https%3A%2F%2Fi.pinimg.com%2F736x%2Fb1%2Fa1%2F62%2Fb1a1620889a8050c25c0de9a6e75176c.jpg&w=48&q=75 500 in 97ms (next.js: 41ms, application-code: 56ms)
 GET /_next/image?url=https%3A%2F%2Fi.pinimg.com%2F736x%2Fb5%2F83%2F94%2Fb58394728b6a63ae467d7a102e21333d.jpg&w=48&q=75 500 in 97ms (next.js: 58ms, application-code: 39ms)
 GET /_next/image?url=https%3A%2F%2Fi.pinimg.com%2F736x%2Fb5%2F83%2F94%2Fb58394728b6a63ae467d7a102e21333d.jpg&w=48&q=75 500 in 97ms (next.js: 58ms, application-code: 40ms)
 GET /_next/image?url=https%3A%2F%2Fi.pinimg.com%2F736x%2F0c%2F95%2Fc5%2F0c95c57bfbc018150f1f042c82cf92a2.jpg&w=48&q=75 500 in 98ms (next.js: 78ms, application-code: 19ms)
 GET /_next/image?url=https%3A%2F%2Fi.pinimg.com%2F736x%2F0c%2F95%2Fc5%2F0c95c57bfbc018150f1f042c82cf92a2.jpg&w=48&q=75 500 in 98ms (next.js: 78ms, application-code: 19ms)
 GET / 200 in 79ms (next.js: 6ms, application-code: 72ms)
 GET / 200 in 150ms (next.js: 5ms, application-code: 145ms)
 GET /records 200 in 36ms (next.js: 6ms, application-code: 30ms)
 GET /_next/image?url=https%3A%2F%2Fi.pinimg.com%2F736x%2Fb5%2F83%2F94%2Fb58394728b6a63ae467d7a102e21333d.jpg&w=48&q=75 500 in 84ms (next.js: 35ms, application-code: 49ms)
 GET /_next/image?url=https%3A%2F%2Fi.pinimg.com%2F736x%2Fb5%2F83%2F94%2Fb58394728b6a63ae467d7a102e21333d.jpg&w=48&q=75 500 in 85ms (next.js: 35ms, application-code: 50ms)
 GET /_next/image?url=https%3A%2F%2Fi.pinimg.com%2F736x%2Fb1%2Fa1%2F62%2Fb1a1620889a8050c25c0de9a6e75176c.jpg&w=48&q=75 500 in 86ms (next.js: 53ms, application-code: 33ms)
 GET /_next/image?url=https%3A%2F%2Fi.pinimg.com%2F736x%2Fb1%2Fa1%2F62%2Fb1a1620889a8050c25c0de9a6e75176c.jpg&w=48&q=75 500 in 86ms (next.js: 53ms, application-code: 33ms)
 GET /_next/image?url=https%3A%2F%2Fi.pinimg.com%2F736x%2F0c%2F95%2Fc5%2F0c95c57bfbc018150f1f042c82cf92a2.jpg&w=48&q=75 500 in 85ms (next.js: 69ms, application-code: 16ms)
 GET /_next/image?url=https%3A%2F%2Fi.pinimg.com%2F736x%2F0c%2F95%2Fc5%2F0c95c57bfbc018150f1f042c82cf92a2.jpg&w=48&q=75 500 in 85ms (next.js: 69ms, application-code: 16ms)
 GET / 200 in 86ms (next.js: 6ms, application-code: 79ms)
 GET /_next/image?url=https%3A%2F%2Fi.pinimg.com%2F736x%2Fb1%2Fa1%2F62%2Fb1a1620889a8050c25c0de9a6e75176c.jpg&w=64&q=75 500 in 94ms (next.js: 80ms, application-code: 14ms)
 GET /_next/image?url=https%3A%2F%2Fi.pinimg.com%2F736x%2Fb1%2Fa1%2F62%2Fb1a1620889a8050c25c0de9a6e75176c.jpg&w=64&q=75 500 in 94ms (next.js: 80ms, application-code: 14ms)
✓ Compiled in 478ms
 GET /admin?section=orders 200 in 648ms (next.js: 292ms, application-code: 355ms)
 GET /admin?section=orders 200 in 321ms (next.js: 8ms, application-code: 314ms)
 GET / 200 in 655ms (next.js: 126ms, application-code: 530ms)
 GET / 200 in 529ms (next.js: 249ms, application-code: 280ms)
 GET /admin?section=orders 200 in 48ms (next.js: 13ms, application-code: 35ms)
 GET / 200 in 165ms (next.js: 57ms, application-code: 107ms)
 GET /records 200 in 136ms (next.js: 86ms, application-code: 50ms)
 GET /records 200 in 163ms (next.js: 5ms, application-code: 158ms)
 GET /records 200 in 60ms (next.js: 5ms, application-code: 55ms)
 GET /records 200 in 69ms (next.js: 6ms, application-code: 63ms)
 GET /records 200 in 76ms (next.js: 6ms, application-code: 69ms)
 GET /records 200 in 68ms (next.js: 6ms, application-code: 63ms)
 GET /records 200 in 65ms (next.js: 5ms, application-code: 59ms)
 GET /records 200 in 207ms (next.js: 6ms, application-code: 202ms)
✓ Compiled in 1315ms
 GET /records 200 in 63ms (next.js: 6ms, application-code: 57ms)
 GET /records 200 in 67ms (next.js: 6ms, application-code: 61ms)
 GET /records 200 in 65ms (next.js: 6ms, application-code: 59ms)
✓ Compiled in 474ms
 GET /admin?section=orders 200 in 664ms (next.js: 267ms, application-code: 397ms)
 GET /records 200 in 675ms (next.js: 101ms, application-code: 574ms)
 GET /admin?section=orders 200 in 368ms (next.js: 48ms, application-code: 320ms)
 GET /records 200 in 372ms (next.js: 10ms, application-code: 362ms)
✓ Compiled in 1258ms
 GET /records 200 in 108ms (next.js: 6ms, application-code: 102ms)
✓ Compiled in 1331ms
 GET /records 200 in 77ms (next.js: 6ms, application-code: 71ms)
 GET /records 200 in 67ms (next.js: 6ms, application-code: 61ms)
 GET /records 200 in 62ms (next.js: 5ms, application-code: 57ms)
 GET /records 200 in 75ms (next.js: 7ms, application-code: 69ms)
✓ Compiled in 1807ms
 GET /records 200 in 70ms (next.js: 6ms, application-code: 65ms)
✓ Compiled in 1362ms
 GET /records 200 in 80ms (next.js: 8ms, application-code: 72ms)
 GET /records 200 in 103ms (next.js: 5ms, application-code: 97ms)
 GET /_next/image?url=https%3A%2F%2Fi.pinimg.com%2F736x%2Fb1%2Fa1%2F62%2Fb1a1620889a8050c25c0de9a6e75176c.jpg&w=640&q=75 500 in 366ms (next.js: 341ms, application-code: 25ms)
 GET /_next/image?url=https%3A%2F%2Fi.pinimg.com%2F736x%2Fb1%2Fa1%2F62%2Fb1a1620889a8050c25c0de9a6e75176c.jpg&w=640&q=75 500 in 366ms (next.js: 341ms, application-code: 26ms)
 GET /records 200 in 64ms (next.js: 5ms, application-code: 59ms)
✓ Compiled in 460ms
 GET /admin?section=orders 200 in 510ms (next.js: 475ms, application-code: 36ms)
 GET /records 200 in 513ms (next.js: 356ms, application-code: 157ms)
✓ Compiled in 381ms
 GET /admin?section=orders 200 in 266ms (next.js: 63ms, application-code: 203ms)
 GET /records 200 in 169ms (next.js: 129ms, application-code: 39ms)
✓ Compiled in 1258ms
 GET /records 200 in 406ms (next.js: 7ms, application-code: 399ms)
 GET / 200 in 314ms (next.js: 154ms, application-code: 160ms)
 GET /_next/image?url=https%3A%2F%2Fi.pinimg.com%2F736x%2Fb1%2Fa1%2F62%2Fb1a1620889a8050c25c0de9a6e75176c.jpg&w=64&q=75 500 in 124ms (next.js: 105ms, application-code: 19ms)
 GET /_next/image?url=https%3A%2F%2Fi.pinimg.com%2F736x%2Fb1%2Fa1%2F62%2Fb1a1620889a8050c25c0de9a6e75176c.jpg&w=64&q=75 500 in 124ms (next.js: 105ms, application-code: 19ms)
 GET / 200 in 302ms (next.js: 5ms, application-code: 297ms)
 GET /_next/image?url=https%3A%2F%2Fi.pinimg.com%2F736x%2Fb1%2Fa1%2F62%2Fb1a1620889a8050c25c0de9a6e75176c.jpg&w=64&q=75 500 in 31ms (next.js: 19ms, application-code: 12ms)
 GET /_next/image?url=https%3A%2F%2Fi.pinimg.com%2F736x%2Fb1%2Fa1%2F62%2Fb1a1620889a8050c25c0de9a6e75176c.jpg&w=64&q=75 500 in 32ms (next.js: 19ms, application-code: 13ms)
 GET /_next/image?url=https%3A%2F%2Fi.pinimg.com%2F736x%2Fb5%2F83%2F94%2Fb58394728b6a63ae467d7a102e21333d.jpg&w=64&q=75 500 in 31ms (next.js: 18ms, application-code: 14ms)
 GET /_next/image?url=https%3A%2F%2Fi.pinimg.com%2F736x%2Fb5%2F83%2F94%2Fb58394728b6a63ae467d7a102e21333d.jpg&w=64&q=75 500 in 32ms (next.js: 18ms, application-code: 14ms)
✓ Compiled in 1398ms
 GET /records 200 in 48ms (next.js: 7ms, application-code: 41ms)
✓ Compiled in 635ms
 GET /admin?section=orders 200 in 978ms (next.js: 281ms, application-code: 697ms)
 GET /records 200 in 992ms (next.js: 105ms, application-code: 887ms)
 GET /admin?section=orders 200 in 669ms (next.js: 38ms, application-code: 631ms)
 GET /records 200 in 675ms (next.js: 7ms, application-code: 668ms)
 GET /records 200 in 66ms (next.js: 6ms, application-code: 60ms)
 GET / 200 in 213ms (next.js: 114ms, application-code: 100ms)
 GET /lookbook 200 in 183ms (next.js: 147ms, application-code: 36ms)
 GET /blog 200 in 246ms (next.js: 171ms, application-code: 75ms)
 GET /profile 200 in 247ms (next.js: 201ms, application-code: 46ms)
✓ Compiled in 1382ms
 GET /profile/orders 200 in 177ms (next.js: 134ms, application-code: 43ms)
 GET /profile 200 in 21ms (next.js: 5ms, application-code: 15ms)
 GET /profile/orders 200 in 23ms (next.js: 6ms, application-code: 18ms)
 GET /profile 200 in 22ms (next.js: 6ms, application-code: 16ms)
 GET /profile/orders 200 in 24ms (next.js: 6ms, application-code: 18ms)
 GET /profile 200 in 25ms (next.js: 6ms, application-code: 19ms)
 GET /profile/orders 200 in 23ms (next.js: 6ms, application-code: 17ms)
 GET /profile 200 in 27ms (next.js: 7ms, application-code: 20ms)
 GET /cart 200 in 214ms (next.js: 174ms, application-code: 39ms)
 GET / 200 in 81ms (next.js: 5ms, application-code: 75ms)
 GET /products/futbol-prevailen?color=darkcyan 200 in 273ms (next.js: 180ms, application-code: 94ms)
 GET /checkout 200 in 171ms (next.js: 128ms, application-code: 43ms)
 GET /cart 200 in 23ms (next.js: 5ms, application-code: 18ms)
 GET /checkout 200 in 27ms (next.js: 6ms, application-code: 21ms)
✓ Compiled in 479ms
 GET /admin?section=refunds 200 in 204ms (next.js: 102ms, application-code: 102ms)
 GET /checkout 200 in 43ms (next.js: 15ms, application-code: 29ms)
✓ Compiled in 421ms
 GET /admin?section=refunds 200 in 151ms (next.js: 73ms, application-code: 78ms)
 GET /checkout 200 in 36ms (next.js: 12ms, application-code: 24ms)
 GET /profile 200 in 143ms (next.js: 111ms, application-code: 32ms)
 GET /profile 200 in 133ms (next.js: 7ms, application-code: 126ms)
✓ Compiled in 1362ms
 GET /profile 200 in 56ms (next.js: 6ms, application-code: 50ms)
 GET /profile/orders 200 in 157ms (next.js: 122ms, application-code: 35ms)
 GET /profile/orders 200 in 135ms (next.js: 5ms, application-code: 130ms)
 GET /profile 200 in 26ms (next.js: 5ms, application-code: 21ms)
 GET /profile 200 in 49ms (next.js: 7ms, application-code: 42ms)
 GET /cart 200 in 46ms (next.js: 19ms, application-code: 26ms)
 GET /shop 200 in 234ms (next.js: 190ms, application-code: 44ms)
 GET /products/futbol-prevailen?color=darkcyan 200 in 138ms (next.js: 33ms, application-code: 104ms)
 GET /checkout 200 in 28ms (next.js: 7ms, application-code: 21ms)
 GET /cart 200 in 26ms (next.js: 6ms, application-code: 21ms)
 GET /checkout 200 in 24ms (next.js: 6ms, application-code: 18ms)
 GET /profile 200 in 23ms (next.js: 6ms, application-code: 17ms)
 GET /admin?section=pickup 200 in 265ms (next.js: 6ms, application-code: 259ms)
✓ Compiled in 506ms
 GET /profile 200 in 347ms (next.js: 311ms, application-code: 36ms)
 GET /admin?section=orders 200 in 350ms (next.js: 164ms, application-code: 186ms)
✓ Compiled in 396ms
 GET /admin?section=orders 200 in 328ms (next.js: 150ms, application-code: 178ms)
 GET /profile 200 in 329ms (next.js: 294ms, application-code: 35ms)
✓ Compiled in 370ms
 GET /admin?section=orders 200 in 144ms (next.js: 77ms, application-code: 67ms)
 GET /profile 200 in 35ms (next.js: 14ms, application-code: 21ms)
 GET /profile 200 in 169ms (next.js: 7ms, application-code: 162ms)
 GET /profile/orders 200 in 150ms (next.js: 119ms, application-code: 32ms)
 GET /profile 200 in 25ms (next.js: 6ms, application-code: 19ms)
 GET /admin?section=refunds 200 in 180ms (next.js: 7ms, application-code: 174ms)
 GET /admin?section=refunds 200 in 43ms (next.js: 6ms, application-code: 37ms)
 GET /profile 200 in 47ms (next.js: 6ms, application-code: 41ms)
 GET /profile/orders 200 in 24ms (next.js: 6ms, application-code: 18ms)
 GET /profile 200 in 26ms (next.js: 5ms, application-code: 21ms)
 GET /shop 200 in 132ms (next.js: 104ms, application-code: 27ms)
 GET /products/futbol-prevailen?color=darkcyan 200 in 203ms (next.js: 123ms, application-code: 80ms)
 GET /checkout 200 in 612ms (next.js: 582ms, application-code: 30ms)
✓ Compiled in 821ms
 GET /admin?section=refunds 200 in 342ms (next.js: 216ms, application-code: 127ms)
 GET /products/futbol-prevailen?color=darkcyan 200 in 85ms (next.js: 30ms, application-code: 55ms)
 GET /checkout 200 in 33ms (next.js: 14ms, application-code: 19ms)
 GET /checkout 200 in 28ms (next.js: 6ms, application-code: 22ms)
 GET /checkout 200 in 23ms (next.js: 6ms, application-code: 17ms)
 GET /checkout 200 in 34ms (next.js: 7ms, application-code: 27ms)
 GET /checkout 200 in 28ms (next.js: 7ms, application-code: 21ms)
 GET /checkout 200 in 25ms (next.js: 6ms, application-code: 19ms)
 GET /checkout 200 in 187ms (next.js: 6ms, application-code: 181ms)
✓ Compiled in 716ms
 GET /checkout 500 in 871ms (next.js: 347ms, application-code: 525ms)
 GET /admin?section=refunds 500 in 873ms (next.js: 855ms, application-code: 19ms)
 GET /checkout 500 in 62ms (next.js: 26ms, application-code: 36ms)
 GET /admin?section=refunds 500 in 62ms (next.js: 43ms, application-code: 19ms)
 GET /checkout 500 in 55ms (next.js: 24ms, application-code: 31ms)
 GET /admin?section=refunds 500 in 64ms (next.js: 39ms, application-code: 26ms)
 GET /checkout 500 in 81ms (next.js: 44ms, application-code: 36ms)
 GET /checkout 500 in 46ms (next.js: 23ms, application-code: 23ms)
 GET /admin?section=refunds 500 in 48ms (next.js: 38ms, application-code: 10ms)
 GET /checkout 500 in 42ms (next.js: 20ms, application-code: 23ms)
 GET /admin?section=refunds 500 in 42ms (next.js: 31ms, application-code: 11ms)
 GET /checkout 500 in 25ms (next.js: 13ms, application-code: 12ms)
 GET /checkout 500 in 23ms (next.js: 12ms, application-code: 11ms)
 GET /checkout 500 in 29ms (next.js: 13ms, application-code: 16ms)
 GET /checkout 500 in 47ms (next.js: 21ms, application-code: 26ms)
 GET /checkout 500 in 27ms (next.js: 14ms, application-code: 13ms)
 GET /checkout 500 in 27ms (next.js: 13ms, application-code: 13ms)
✓ Compiled in 611ms
 GET /admin?section=refunds 200 in 500ms (next.js: 167ms, application-code: 333ms)
 GET /checkout 200 in 500ms (next.js: 426ms, application-code: 74ms)
✓ Compiled in 553ms
 GET /admin?section=refunds 200 in 258ms (next.js: 160ms, application-code: 98ms)
 GET /checkout 200 in 259ms (next.js: 224ms, application-code: 36ms)
 GET /products/futbol-prevailen?color=darkcyan 200 in 184ms (next.js: 30ms, application-code: 154ms)
✓ Compiled in 437ms
 GET /products/futbol-prevailen?color=darkcyan 200 in 214ms (next.js: 156ms, application-code: 58ms)
✓ Compiled in 419ms
 GET /products/futbol-prevailen?color=darkcyan 200 in 214ms (next.js: 146ms, application-code: 68ms)
 GET /products/futbol-prevailen?color=darkcyan 200 in 168ms (next.js: 90ms, application-code: 78ms)
 GET /checkout 200 in 333ms (next.js: 260ms, application-code: 73ms)
 GET / 200 in 304ms (next.js: 160ms, application-code: 143ms)
 GET /profile 200 in 183ms (next.js: 138ms, application-code: 45ms)
 GET /cart 200 in 185ms (next.js: 122ms, application-code: 63ms)
 GET / 200 in 80ms (next.js: 6ms, application-code: 74ms)
 GET /products/futbol-prevailen?color=darkcyan 200 in 79ms (next.js: 15ms, application-code: 63ms)
 GET /cart 200 in 61ms (next.js: 6ms, application-code: 55ms)
✓ Compiled in 443ms
 GET /cart 200 in 314ms (next.js: 86ms, application-code: 228ms)
 GET /admin?section=refunds 200 in 196ms (next.js: 157ms, application-code: 39ms)
✓ Compiled in 1495ms
 GET /cart 200 in 7.3s (next.js: 363ms, application-code: 6.9s)
 GET /cart 200 in 397ms (next.js: 78ms, application-code: 319ms)
 GET /cart 200 in 53ms (next.js: 7ms, application-code: 47ms)
 GET /admin?section=refunds 200 in 7.3s (next.js: 6.5s, application-code: 837ms)
 GET /admin?section=refunds 200 in 381ms (next.js: 39ms, application-code: 342ms)
 GET /cart 200 in 413ms (next.js: 8ms, application-code: 405ms)
 GET /admin?section=refunds 200 in 193ms (next.js: 8ms, application-code: 185ms)
 GET /admin?section=refunds 200 in 194ms (next.js: 36ms, application-code: 158ms)
 GET /admin?section=refunds 200 in 194ms (next.js: 61ms, application-code: 133ms)
 GET /admin?section=refunds 200 in 114ms (next.js: 7ms, application-code: 107ms)
 GET /admin?section=refunds 200 in 226ms (next.js: 9ms, application-code: 217ms)
 GET /admin?section=refunds 200 in 227ms (next.js: 42ms, application-code: 184ms)
 GET /admin?section=refunds 200 in 157ms (next.js: 10ms, application-code: 147ms)
 GET /admin?section=refunds 200 in 157ms (next.js: 44ms, application-code: 113ms)
 GET /admin?section=refunds 200 in 254ms (next.js: 72ms, application-code: 182ms)
 GET /admin?section=refunds 200 in 213ms (next.js: 9ms, application-code: 203ms)
 GET /admin?section=refunds 200 in 235ms (next.js: 77ms, application-code: 158ms)
 GET /admin?section=refunds 200 in 238ms (next.js: 10ms, application-code: 227ms)
 GET /admin?section=refunds 200 in 138ms (next.js: 7ms, application-code: 131ms)
 GET /admin?section=refunds 200 in 138ms (next.js: 35ms, application-code: 103ms)
 GET /admin?section=refunds 200 in 134ms (next.js: 8ms, application-code: 126ms)
 GET /admin?section=refunds 200 in 152ms (next.js: 9ms, application-code: 143ms)
 GET /admin?section=refunds 200 in 180ms (next.js: 35ms, application-code: 145ms)
 GET /admin?section=refunds 200 in 181ms (next.js: 9ms, application-code: 172ms)
 GET /admin?section=refunds 200 in 125ms (next.js: 6ms, application-code: 119ms)
 GET /admin?section=refunds 200 in 162ms (next.js: 32ms, application-code: 130ms)
 GET /admin?section=refunds 200 in 167ms (next.js: 10ms, application-code: 157ms)
 GET /admin?section=refunds 200 in 162ms (next.js: 7ms, application-code: 155ms)
 GET /admin?section=refunds 200 in 184ms (next.js: 10ms, application-code: 175ms)
 GET /admin?section=refunds 200 in 184ms (next.js: 42ms, application-code: 142ms)
 GET /admin?section=refunds 200 in 121ms (next.js: 7ms, application-code: 114ms)
 GET /admin?section=refunds 200 in 119ms (next.js: 7ms, application-code: 112ms)
 GET /admin?section=refunds 200 in 151ms (next.js: 6ms, application-code: 145ms)
 GET /admin?section=refunds 200 in 154ms (next.js: 7ms, application-code: 148ms)
 GET /admin?section=refunds 200 in 175ms (next.js: 7ms, application-code: 168ms)
 GET /admin?section=refunds 200 in 151ms (next.js: 9ms, application-code: 142ms)
 GET /admin?section=refunds 200 in 150ms (next.js: 32ms, application-code: 118ms)
 GET /admin?section=refunds 200 in 117ms (next.js: 6ms, application-code: 111ms)
 GET /admin?section=refunds 200 in 150ms (next.js: 7ms, application-code: 143ms)
 GET /admin?section=refunds 200 in 150ms (next.js: 6ms, application-code: 144ms)
 GET /admin?section=refunds 200 in 179ms (next.js: 6ms, application-code: 173ms)
 GET /admin?section=refunds 200 in 155ms (next.js: 8ms, application-code: 148ms)
 GET /admin?section=refunds 200 in 156ms (next.js: 36ms, application-code: 119ms)
 GET /admin?section=refunds 200 in 122ms (next.js: 7ms, application-code: 115ms)
 GET /admin?section=refunds 200 in 151ms (next.js: 6ms, application-code: 145ms)
 GET /admin?section=refunds 200 in 177ms (next.js: 6ms, application-code: 171ms)
 GET /admin?section=refunds 200 in 149ms (next.js: 7ms, application-code: 142ms)
 GET /admin?section=refunds 200 in 161ms (next.js: 8ms, application-code: 154ms)
 GET /admin?section=refunds 200 in 162ms (next.js: 33ms, application-code: 128ms)
 GET /admin?section=refunds 200 in 132ms (next.js: 6ms, application-code: 126ms)
 GET /admin?section=refunds 200 in 155ms (next.js: 6ms, application-code: 149ms)
 GET /admin?section=refunds 200 in 179ms (next.js: 8ms, application-code: 171ms)
 GET /admin?section=refunds 200 in 139ms (next.js: 7ms, application-code: 132ms)
 GET /admin?section=refunds 200 in 139ms (next.js: 6ms, application-code: 133ms)
 GET /admin?section=refunds 200 in 148ms (next.js: 30ms, application-code: 118ms)
 GET /admin?section=refunds 200 in 101ms (next.js: 7ms, application-code: 94ms)
 GET /admin?section=refunds 200 in 103ms (next.js: 32ms, application-code: 71ms)
 GET /admin?section=refunds 200 in 59ms (next.js: 7ms, application-code: 52ms)
 GET / 200 in 282ms (next.js: 165ms, application-code: 117ms)
 GET / 200 in 111ms (next.js: 8ms, application-code: 103ms)
 GET /cart 200 in 24ms (next.js: 6ms, application-code: 17ms)
 GET / 200 in 86ms (next.js: 5ms, application-code: 81ms)
 GET /_next/image?url=https%3A%2F%2Fi.pinimg.com%2F736x%2Fb1%2Fa1%2F62%2Fb1a1620889a8050c25c0de9a6e75176c.jpg&w=1080&q=75 500 in 304ms (next.js: 283ms, application-code: 21ms)
 GET /_next/image?url=https%3A%2F%2Fi.pinimg.com%2F736x%2Fb1%2Fa1%2F62%2Fb1a1620889a8050c25c0de9a6e75176c.jpg&w=1080&q=75 500 in 305ms (next.js: 283ms, application-code: 21ms)
 GET /_next/image?url=https%3A%2F%2Fi.pinimg.com%2F736x%2Fb1%2Fa1%2F62%2Fb1a1620889a8050c25c0de9a6e75176c.jpg&w=1080&q=75 500 in 28ms (next.js: 17ms, application-code: 11ms)
 GET /_next/image?url=https%3A%2F%2Fi.pinimg.com%2F736x%2Fb1%2Fa1%2F62%2Fb1a1620889a8050c25c0de9a6e75176c.jpg&w=1080&q=75 500 in 29ms (next.js: 17ms, application-code: 11ms)
 GET /_next/image?url=https%3A%2F%2Fi.pinimg.com%2F736x%2Fb5%2F83%2F94%2Fb58394728b6a63ae467d7a102e21333d.jpg&w=1080&q=75 500 in 59ms (next.js: 29ms, application-code: 30ms)
 GET /_next/image?url=https%3A%2F%2Fi.pinimg.com%2F736x%2Fb5%2F83%2F94%2Fb58394728b6a63ae467d7a102e21333d.jpg&w=1080&q=75 500 in 59ms (next.js: 29ms, application-code: 30ms)
 GET /_next/image?url=https%3A%2F%2Fi.pinimg.com%2F736x%2F0c%2F95%2Fc5%2F0c95c57bfbc018150f1f042c82cf92a2.jpg&w=1080&q=75 500 in 59ms (next.js: 46ms, application-code: 12ms)
 GET /_next/image?url=https%3A%2F%2Fi.pinimg.com%2F736x%2F0c%2F95%2Fc5%2F0c95c57bfbc018150f1f042c82cf92a2.jpg&w=1080&q=75 500 in 59ms (next.js: 46ms, application-code: 13ms)
 GET / 200 in 289ms (next.js: 6ms, application-code: 284ms)
 GET /_next/image?url=https%3A%2F%2Fi.pinimg.com%2F736x%2Fb1%2Fa1%2F62%2Fb1a1620889a8050c25c0de9a6e75176c.jpg&w=1080&q=75 500 in 119ms (next.js: 61ms, application-code: 59ms)
 GET /_next/image?url=https%3A%2F%2Fi.pinimg.com%2F736x%2Fb1%2Fa1%2F62%2Fb1a1620889a8050c25c0de9a6e75176c.jpg&w=1080&q=75 500 in 120ms (next.js: 61ms, application-code: 59ms)
 GET /_next/image?url=https%3A%2F%2Fi.pinimg.com%2F736x%2Fb5%2F83%2F94%2Fb58394728b6a63ae467d7a102e21333d.jpg&w=1080&q=75 500 in 120ms (next.js: 83ms, application-code: 37ms)
 GET /_next/image?url=https%3A%2F%2Fi.pinimg.com%2F736x%2Fb5%2F83%2F94%2Fb58394728b6a63ae467d7a102e21333d.jpg&w=1080&q=75 500 in 120ms (next.js: 83ms, application-code: 37ms)
 GET /_next/image?url=https%3A%2F%2Fi.pinimg.com%2F736x%2F0c%2F95%2Fc5%2F0c95c57bfbc018150f1f042c82cf92a2.jpg&w=1080&q=75 500 in 120ms (next.js: 104ms, application-code: 16ms)
 GET /_next/image?url=https%3A%2F%2Fi.pinimg.com%2F736x%2F0c%2F95%2Fc5%2F0c95c57bfbc018150f1f042c82cf92a2.jpg&w=1080&q=75 500 in 120ms (next.js: 104ms, application-code: 16ms)
 GET /records 200 in 161ms (next.js: 116ms, application-code: 45ms)
 GET /_next/image?url=https%3A%2F%2Fi.pinimg.com%2F736x%2Fb1%2Fa1%2F62%2Fb1a1620889a8050c25c0de9a6e75176c.jpg&w=1200&q=75 500 in 36ms (next.js: 22ms, application-code: 15ms)
 GET /_next/image?url=https%3A%2F%2Fi.pinimg.com%2F736x%2Fb1%2Fa1%2F62%2Fb1a1620889a8050c25c0de9a6e75176c.jpg&w=1200&q=75 500 in 37ms (next.js: 22ms, application-code: 15ms)
 GET / 200 in 87ms (next.js: 6ms, application-code: 81ms)
 GET /_next/image?url=https%3A%2F%2Fi.pinimg.com%2F736x%2Fb1%2Fa1%2F62%2Fb1a1620889a8050c25c0de9a6e75176c.jpg&w=1080&q=75 500 in 102ms (next.js: 90ms, application-code: 12ms)
 GET /_next/image?url=https%3A%2F%2Fi.pinimg.com%2F736x%2Fb1%2Fa1%2F62%2Fb1a1620889a8050c25c0de9a6e75176c.jpg&w=1080&q=75 500 in 102ms (next.js: 90ms, application-code: 12ms)
 GET /_next/image?url=https%3A%2F%2Fi.pinimg.com%2F736x%2Fb1%2Fa1%2F62%2Fb1a1620889a8050c25c0de9a6e75176c.jpg&w=1080&q=75 500 in 29ms (next.js: 17ms, application-code: 12ms)
 GET /_next/image?url=https%3A%2F%2Fi.pinimg.com%2F736x%2Fb1%2Fa1%2F62%2Fb1a1620889a8050c25c0de9a6e75176c.jpg&w=1080&q=75 500 in 29ms (next.js: 17ms, application-code: 12ms)
 GET /_next/image?url=https%3A%2F%2Fi.pinimg.com%2F736x%2Fb5%2F83%2F94%2Fb58394728b6a63ae467d7a102e21333d.jpg&w=1080&q=75 500 in 53ms (next.js: 26ms, application-code: 27ms)
 GET /_next/image?url=https%3A%2F%2Fi.pinimg.com%2F736x%2Fb5%2F83%2F94%2Fb58394728b6a63ae467d7a102e21333d.jpg&w=1080&q=75 500 in 53ms (next.js: 26ms, application-code: 28ms)
 GET /_next/image?url=https%3A%2F%2Fi.pinimg.com%2F736x%2F0c%2F95%2Fc5%2F0c95c57bfbc018150f1f042c82cf92a2.jpg&w=1080&q=75 500 in 53ms (next.js: 42ms, application-code: 11ms)
 GET /_next/image?url=https%3A%2F%2Fi.pinimg.com%2F736x%2F0c%2F95%2Fc5%2F0c95c57bfbc018150f1f042c82cf92a2.jpg&w=1080&q=75 500 in 54ms (next.js: 42ms, application-code: 12ms)
 GET /cart 200 in 581ms (next.js: 138ms, application-code: 443ms)
 GET /profile 200 in 927ms (next.js: 562ms, application-code: 365ms)
 GET /profile/orders 200 in 225ms (next.js: 191ms, application-code: 34ms)
 GET /profile 200 in 27ms (next.js: 8ms, application-code: 19ms)
 GET /profile/orders 200 in 31ms (next.js: 7ms, application-code: 24ms)
 GET /profile 200 in 25ms (next.js: 6ms, application-code: 19ms)
 GET / 200 in 169ms (next.js: 10ms, application-code: 159ms)
 GET /profile 200 in 27ms (next.js: 8ms, application-code: 19ms)
 GET / 200 in 80ms (next.js: 7ms, application-code: 73ms)
 GET / 200 in 313ms (next.js: 7ms, application-code: 306ms)
 GET / 200 in 319ms (next.js: 6ms, application-code: 313ms)
 GET / 200 in 167ms (next.js: 6ms, application-code: 161ms)
 GET / 200 in 161ms (next.js: 6ms, application-code: 156ms)
 GET / 200 in 163ms (next.js: 6ms, application-code: 157ms)
 GET / 200 in 163ms (next.js: 6ms, application-code: 157ms)
 GET / 200 in 167ms (next.js: 6ms, application-code: 161ms)
 GET /blog 200 in 249ms (next.js: 193ms, application-code: 56ms)
 GET /blog/https-i-pinimg-com-736x-b1-ed-5f-b1ed5f297a7e832f3013ca5915df5278-jpg/1 200 in 1039ms (next.js: 1012ms, application-code: 27ms)
 GET /blog 200 in 41ms (next.js: 6ms, application-code: 35ms)
 GET /shop 200 in 153ms (next.js: 120ms, application-code: 33ms)
 GET /shop?category=futbolka 200 in 26ms (next.js: 5ms, application-code: 20ms)
 GET /shop?category=testcat 200 in 22ms (next.js: 6ms, application-code: 16ms)
 GET /shop?category=tusik 200 in 22ms (next.js: 5ms, application-code: 16ms)
 GET /shop?category=futbolka 200 in 27ms (next.js: 7ms, application-code: 20ms)
 GET /shop?category=testcat 200 in 28ms (next.js: 6ms, application-code: 22ms)
 GET /shop?category=tusik 200 in 24ms (next.js: 6ms, application-code: 18ms)
 GET /shop?category=testcat 200 in 23ms (next.js: 6ms, application-code: 17ms)
 GET /shop?category=testcat 200 in 23ms (next.js: 5ms, application-code: 17ms)
 GET /shop?category=testcat 200 in 23ms (next.js: 5ms, application-code: 18ms)
 GET /shop?category=tusik 200 in 22ms (next.js: 5ms, application-code: 17ms)
 GET /shop?category=testcat 200 in 22ms (next.js: 5ms, application-code: 17ms)
 GET /shop?category=testcat 200 in 21ms (next.js: 5ms, application-code: 16ms)
 GET /shop?category=testcat 200 in 40ms (next.js: 9ms, application-code: 31ms)
 GET / 200 in 139ms (next.js: 6ms, application-code: 133ms)
 GET / 200 in 171ms (next.js: 6ms, application-code: 165ms)
 GET /profile 200 in 23ms (next.js: 6ms, application-code: 17ms)
 GET / 200 in 79ms (next.js: 6ms, application-code: 73ms)
✓ Compiled in 4.1s
 GET /admin?section=content&content=header-quotes 200 in 2.1s (next.js: 2.1s, application-code: 37ms)
 GET / 200 in 2.2s (next.js: 2.0s, application-code: 121ms)
 GET /lookbook 200 in 182ms (next.js: 152ms, application-code: 30ms)
 GET / 200 in 81ms (next.js: 6ms, application-code: 75ms)
 GET /profile 200 in 147ms (next.js: 114ms, application-code: 33ms)
 GET /profile 200 in 190ms (next.js: 5ms, application-code: 185ms)
 GET /profile/orders 200 in 52ms (next.js: 23ms, application-code: 29ms)
 GET /profile/orders 200 in 26ms (next.js: 5ms, application-code: 20ms)
✓ Compiled in 428ms
 GET /profile/orders 200 in 149ms (next.js: 75ms, application-code: 74ms)
 GET /admin?section=content&content=custom-pages 200 in 41ms (next.js: 15ms, application-code: 26ms)
 GET /profile 200 in 133ms (next.js: 105ms, application-code: 28ms)
 GET / 200 in 158ms (next.js: 22ms, application-code: 136ms)
 GET /profile 200 in 22ms (next.js: 5ms, application-code: 16ms)
 GET /products/zor-narsa?color=blue 200 in 231ms (next.js: 139ms, application-code: 92ms)
✓ Compiled in 477ms
 GET /admin?section=content&content=custom-pages 200 in 215ms (next.js: 82ms, application-code: 133ms)
 GET /products/zor-narsa?color=blue 200 in 93ms (next.js: 30ms, application-code: 63ms)
 GET / 200 in 116ms (next.js: 21ms, application-code: 95ms)
 GET /profile 200 in 139ms (next.js: 108ms, application-code: 31ms)
 GET /profile 200 in 161ms (next.js: 6ms, application-code: 155ms)
 GET /cart 200 in 41ms (next.js: 21ms, application-code: 20ms)
✓ Compiled in 448ms
 GET /admin?section=content&content=custom-pages 200 in 261ms (next.js: 85ms, application-code: 176ms)
 GET /cart 200 in 142ms (next.js: 103ms, application-code: 39ms)
 GET / 200 in 130ms (next.js: 20ms, application-code: 110ms)
 GET /_next/image?url=https%3A%2F%2Fi.pinimg.com%2F736x%2Fb1%2Fa1%2F62%2Fb1a1620889a8050c25c0de9a6e75176c.jpg&w=1080&q=75 500 in 178ms (next.js: 153ms, application-code: 24ms)
 GET /_next/image?url=https%3A%2F%2Fi.pinimg.com%2F736x%2Fb1%2Fa1%2F62%2Fb1a1620889a8050c25c0de9a6e75176c.jpg&w=1080&q=75 500 in 178ms (next.js: 153ms, application-code: 25ms)
 GET /_next/image?url=https%3A%2F%2Fi.pinimg.com%2F736x%2Fb1%2Fa1%2F62%2Fb1a1620889a8050c25c0de9a6e75176c.jpg&w=1080&q=75 500 in 29ms (next.js: 17ms, application-code: 12ms)
 GET /_next/image?url=https%3A%2F%2Fi.pinimg.com%2F736x%2Fb1%2Fa1%2F62%2Fb1a1620889a8050c25c0de9a6e75176c.jpg&w=1080&q=75 500 in 29ms (next.js: 17ms, application-code: 12ms)
 GET /_next/image?url=https%3A%2F%2Fi.pinimg.com%2F736x%2Fb5%2F83%2F94%2Fb58394728b6a63ae467d7a102e21333d.jpg&w=1080&q=75 500 in 44ms (next.js: 29ms, application-code: 15ms)
 GET /_next/image?url=https%3A%2F%2Fi.pinimg.com%2F736x%2Fb5%2F83%2F94%2Fb58394728b6a63ae467d7a102e21333d.jpg&w=1080&q=75 500 in 44ms (next.js: 29ms, application-code: 16ms)
 GET /_next/image?url=https%3A%2F%2Fi.pinimg.com%2F736x%2F0c%2F95%2Fc5%2F0c95c57bfbc018150f1f042c82cf92a2.jpg&w=1080&q=75 500 in 65ms (next.js: 51ms, application-code: 14ms)
 GET /_next/image?url=https%3A%2F%2Fi.pinimg.com%2F736x%2F0c%2F95%2Fc5%2F0c95c57bfbc018150f1f042c82cf92a2.jpg&w=1080&q=75 500 in 66ms (next.js: 51ms, application-code: 14ms)
 GET /cart 200 in 33ms (next.js: 6ms, application-code: 27ms)
 GET / 200 in 100ms (next.js: 6ms, application-code: 93ms)
 GET /products/futbol-prevailen?color=darkcyan 200 in 105ms (next.js: 29ms, application-code: 76ms)
 GET /cart 200 in 25ms (next.js: 7ms, application-code: 18ms)
 GET /shop 200 in 40ms (next.js: 18ms, application-code: 22ms)
 GET /products/futbol-prevailen?color=darkcyan 200 in 86ms (next.js: 13ms, application-code: 73ms)
 GET /cart 200 in 28ms (next.js: 7ms, application-code: 21ms)
 GET /shop 200 in 24ms (next.js: 6ms, application-code: 18ms)
 GET /products/futbol-prevailen?color=darkcyan 200 in 71ms (next.js: 13ms, application-code: 58ms)
 GET /cart 200 in 28ms (next.js: 7ms, application-code: 21ms)
 GET / 200 in 125ms (next.js: 6ms, application-code: 119ms)
 GET /products/zor-narsa?color=black 200 in 77ms (next.js: 12ms, application-code: 65ms)
 GET / 200 in 71ms (next.js: 7ms, application-code: 64ms)
 GET /products/fgwer?color=qora 200 in 63ms (next.js: 13ms, application-code: 50ms)
 GET /cart 200 in 26ms (next.js: 6ms, application-code: 21ms)
 GET / 200 in 82ms (next.js: 6ms, application-code: 76ms)
 GET /cart 200 in 25ms (next.js: 6ms, application-code: 19ms)
 GET /cart 200 in 23ms (next.js: 6ms, application-code: 17ms)
 GET /cart 200 in 158ms (next.js: 5ms, application-code: 153ms)
✓ Compiled in 520ms
 GET /admin?section=content&content=custom-pages 200 in 341ms (next.js: 97ms, application-code: 244ms)
 GET /cart 200 in 183ms (next.js: 121ms, application-code: 62ms)
✓ Compiled in 1393ms
 GET / 200 in 157ms (next.js: 22ms, application-code: 135ms)
 GET /cart 200 in 27ms (next.js: 7ms, application-code: 20ms)
✓ Compiled in 376ms
 GET /admin?section=content&content=custom-pages 200 in 345ms (next.js: 121ms, application-code: 224ms)
 GET /cart 200 in 168ms (next.js: 121ms, application-code: 47ms)
✓ Compiled in 585ms
 GET /admin?section=products 200 in 962ms (next.js: 195ms, application-code: 767ms)
 GET /cart 200 in 722ms (next.js: 144ms, application-code: 578ms)
 GET /admin?section=products 200 in 743ms (next.js: 194ms, application-code: 549ms)
 GET /cart 200 in 557ms (next.js: 364ms, application-code: 193ms)
 GET /admin?section=products 200 in 336ms (next.js: 180ms, application-code: 156ms)
 GET /cart 200 in 96ms (next.js: 29ms, application-code: 67ms)
 GET /admin?section=products 200 in 192ms (next.js: 96ms, application-code: 97ms)
 GET /cart 200 in 53ms (next.js: 17ms, application-code: 36ms)
 GET /cart 200 in 158ms (next.js: 11ms, application-code: 147ms)
 GET /cart 200 in 57ms (next.js: 7ms, application-code: 51ms)
 GET /admin?section=products 200 in 163ms (next.js: 97ms, application-code: 66ms)
✓ Compiled in 462ms
 GET /admin?section=products 200 in 669ms (next.js: 151ms, application-code: 518ms)
 GET /cart 200 in 671ms (next.js: 303ms, application-code: 368ms)
 GET /cart 200 in 331ms (next.js: 37ms, application-code: 294ms)
 GET /admin?section=products 200 in 333ms (next.js: 6ms, application-code: 326ms)
 GET /cart 200 in 58ms (next.js: 7ms, application-code: 51ms)
 GET /cart 200 in 55ms (next.js: 6ms, application-code: 49ms)
 GET / 200 in 233ms (next.js: 138ms, application-code: 95ms)
 GET /cart 200 in 25ms (next.js: 5ms, application-code: 19ms)
 GET / 200 in 65ms (next.js: 5ms, application-code: 60ms)
 GET / 200 in 263ms (next.js: 6ms, application-code: 257ms)
 GET /cart 200 in 21ms (next.js: 6ms, application-code: 16ms)
 GET / 200 in 76ms (next.js: 5ms, application-code: 71ms)
 GET /lookbook 200 in 141ms (next.js: 113ms, application-code: 28ms)
 GET /blog 200 in 155ms (next.js: 109ms, application-code: 46ms)
 GET /cart 200 in 22ms (next.js: 6ms, application-code: 16ms)
 GET / 200 in 67ms (next.js: 6ms, application-code: 61ms)
 GET / 200 in 145ms (next.js: 6ms, application-code: 140ms)
 GET / 200 in 137ms (next.js: 8ms, application-code: 130ms)
 GET / 200 in 148ms (next.js: 8ms, application-code: 140ms)
 GET / 200 in 183ms (next.js: 7ms, application-code: 176ms)
 GET / 200 in 171ms (next.js: 9ms, application-code: 162ms)
 GET /cart 200 in 20ms (next.js: 5ms, application-code: 15ms)
 GET / 200 in 66ms (next.js: 5ms, application-code: 61ms)
 GET /products/corteiz-rtw?color=black 200 in 201ms (next.js: 123ms, application-code: 78ms)
 GET /cart 200 in 26ms (next.js: 6ms, application-code: 20ms)
 GET / 200 in 82ms (next.js: 6ms, application-code: 76ms)
 GET /products/corteiz-rtw?color=black 200 in 77ms (next.js: 12ms, application-code: 65ms)
 GET /cart 200 in 31ms (next.js: 7ms, application-code: 24ms)
✓ Compiled in 450ms
 GET / 200 in 645ms (next.js: 533ms, application-code: 111ms)
 GET / 200 in 1556ms (next.js: 491ms, application-code: 1064ms)
 GET /admin?section=products 200 in 863ms (next.js: 164ms, application-code: 699ms)
 GET /cart 200 in 668ms (next.js: 165ms, application-code: 503ms)
 GET /admin?section=products 200 in 672ms (next.js: 7ms, application-code: 665ms)
 GET /admin?section=products 200 in 354ms (next.js: 138ms, application-code: 216ms)
 GET /cart 200 in 356ms (next.js: 80ms, application-code: 276ms)
 GET /cart 200 in 193ms (next.js: 6ms, application-code: 186ms)
 GET /cart 200 in 70ms (next.js: 7ms, application-code: 64ms)
 GET /cart 200 in 75ms (next.js: 6ms, application-code: 69ms)
 GET /cart 200 in 62ms (next.js: 6ms, application-code: 56ms)
 GET /cart 200 in 837ms (next.js: 408ms, application-code: 429ms)
 GET /admin?section=products 200 in 229ms (next.js: 153ms, application-code: 76ms)
 GET / 200 in 87ms (next.js: 7ms, application-code: 80ms)
✓ Compiled in 386ms
 GET /admin?section=products 200 in 160ms (next.js: 75ms, application-code: 85ms)
 GET / 200 in 163ms (next.js: 121ms, application-code: 42ms)
 GET /cart 200 in 140ms (next.js: 111ms, application-code: 29ms)
 GET / 200 in 86ms (next.js: 6ms, application-code: 80ms)
 GET /cart 200 in 23ms (next.js: 6ms, application-code: 17ms)
✓ Compiled in 367ms
 GET /cart 200 in 205ms (next.js: 116ms, application-code: 88ms)
 GET /admin?section=products 200 in 205ms (next.js: 171ms, application-code: 34ms)
 GET /cart 200 in 147ms (next.js: 74ms, application-code: 72ms)
 GET /admin?section=products 200 in 148ms (next.js: 122ms, application-code: 25ms)
 GET / 200 in 370ms (next.js: 79ms, application-code: 291ms)
 GET /cart 200 in 23ms (next.js: 6ms, application-code: 17ms)
✓ Compiled in 1323ms
 GET /cart 200 in 144ms (next.js: 7ms, application-code: 137ms)
 GET /products/680be77e-f624-4264-bf4f-a94d4eff95d2?color=Black&size=XL 200 in 181ms (next.js: 125ms, application-code: 56ms)
 GET /products/680be77e-f624-4264-bf4f-a94d4eff95d2?color=Black&size=XL 200 in 47ms (next.js: 13ms, application-code: 34ms)
 GET / 200 in 79ms (next.js: 6ms, application-code: 74ms)
 GET / 200 in 170ms (next.js: 6ms, application-code: 165ms)
 GET /cart 200 in 22ms (next.js: 6ms, application-code: 16ms)
 GET /cart 200 in 54ms (next.js: 5ms, application-code: 49ms)
 GET /cart 200 in 47ms (next.js: 5ms, application-code: 42ms)
 GET /cart 200 in 59ms (next.js: 8ms, application-code: 52ms)
 GET /cart 200 in 69ms (next.js: 6ms, application-code: 63ms)
 GET / 200 in 72ms (next.js: 6ms, application-code: 66ms)
 GET /cart 200 in 26ms (next.js: 6ms, application-code: 20ms)
 GET /products/680be77e-f624-4264-bf4f-a94d4eff95d2?color=Black&size=XL 200 in 59ms (next.js: 14ms, application-code: 45ms)
 GET /products/680be77e-f624-4264-bf4f-a94d4eff95d2?color=Black&size=XL 200 in 93ms (next.js: 13ms, application-code: 79ms)
 GET /cart 200 in 54ms (next.js: 6ms, application-code: 48ms)
 GET /cart 200 in 53ms (next.js: 5ms, application-code: 48ms)
 GET / 200 in 89ms (next.js: 5ms, application-code: 83ms)
 GET / 200 in 141ms (next.js: 5ms, application-code: 135ms)
 GET / 200 in 149ms (next.js: 7ms, application-code: 142ms)
 GET /cart 200 in 22ms (next.js: 5ms, application-code: 17ms)
 GET / 200 in 77ms (next.js: 5ms, application-code: 71ms)
 GET / 200 in 171ms (next.js: 6ms, application-code: 165ms)
 GET / 200 in 154ms (next.js: 6ms, application-code: 148ms)
 GET / 200 in 159ms (next.js: 7ms, application-code: 152ms)
 GET / 200 in 179ms (next.js: 7ms, application-code: 173ms)
 GET / 200 in 150ms (next.js: 7ms, application-code: 143ms)
 GET / 200 in 164ms (next.js: 8ms, application-code: 156ms)
 GET /cart 200 in 22ms (next.js: 6ms, application-code: 16ms)
 GET /cart 200 in 23ms (next.js: 5ms, application-code: 17ms)
 GET / 200 in 82ms (next.js: 5ms, application-code: 77ms)
 GET /cart 200 in 22ms (next.js: 5ms, application-code: 17ms)
 GET /products/680be77e-f624-4264-bf4f-a94d4eff95d2?color=Black&size=XL 200 in 49ms (next.js: 14ms, application-code: 35ms)
✓ Compiled in 803ms
 GET /cart 200 in 7.3s (next.js: 4.3s, application-code: 3.0s)
 GET /admin?section=products 200 in 8.2s (next.js: 7.1s, application-code: 1118ms)
 GET /admin?section=products 200 in 806ms (next.js: 327ms, application-code: 479ms)
 GET /cart 200 in 8.3s (next.js: 4.4s, application-code: 3.9s)
 GET /cart 200 in 874ms (next.js: 133ms, application-code: 740ms)
 GET /cart 200 in 62ms (next.js: 9ms, application-code: 53ms)
 GET /cart 200 in 62ms (next.js: 36ms, application-code: 26ms)
 GET /admin?section=products 200 in 882ms (next.js: 371ms, application-code: 511ms)
 GET /cart 200 in 202ms (next.js: 12ms, application-code: 191ms)
 GET /cart 200 in 55ms (next.js: 5ms, application-code: 50ms)
 GET /cart 200 in 57ms (next.js: 7ms, application-code: 51ms)
 GET /cart 200 in 79ms (next.js: 9ms, application-code: 70ms)
 GET /cart 200 in 61ms (next.js: 7ms, application-code: 54ms)
 GET /cart 200 in 58ms (next.js: 5ms, application-code: 53ms)
 GET /cart 200 in 60ms (next.js: 6ms, application-code: 54ms)
 GET /cart 200 in 70ms (next.js: 6ms, application-code: 64ms)
 GET /cart 200 in 67ms (next.js: 5ms, application-code: 61ms)
 GET /cart 200 in 84ms (next.js: 6ms, application-code: 78ms)
 GET /cart 200 in 82ms (next.js: 6ms, application-code: 75ms)
 GET /cart 200 in 61ms (next.js: 6ms, application-code: 54ms)
 GET /cart 200 in 62ms (next.js: 6ms, application-code: 56ms)
 GET /cart 200 in 70ms (next.js: 6ms, application-code: 63ms)
 GET /cart 200 in 65ms (next.js: 6ms, application-code: 59ms)
 GET /cart 200 in 66ms (next.js: 6ms, application-code: 60ms)
 GET /cart 200 in 71ms (next.js: 6ms, application-code: 65ms)
 GET /cart 200 in 85ms (next.js: 5ms, application-code: 80ms)
 GET /cart 200 in 65ms (next.js: 6ms, application-code: 59ms)
 GET /cart 200 in 67ms (next.js: 7ms, application-code: 60ms)
 GET /cart 200 in 71ms (next.js: 6ms, application-code: 65ms)
 GET / 200 in 226ms (next.js: 121ms, application-code: 105ms)
 GET / 200 in 252ms (next.js: 5ms, application-code: 247ms)
 GET /products/zor-narsa?color=blue 200 in 379ms (next.js: 136ms, application-code: 243ms)
 GET /products/zor-narsa?color=blue 200 in 228ms (next.js: 13ms, application-code: 215ms)
 GET /products/zor-narsa?color=blue 200 in 174ms (next.js: 13ms, application-code: 161ms)
 GET /products/zor-narsa?color=blue 200 in 135ms (next.js: 13ms, application-code: 122ms)
✓ Compiled in 421ms
 GET /admin?section=products 200 in 345ms (next.js: 137ms, application-code: 208ms)
 GET /products/zor-narsa?color=blue 200 in 177ms (next.js: 125ms, application-code: 52ms)
✓ Compiled in 380ms
 GET /admin?section=products 200 in 409ms (next.js: 204ms, application-code: 205ms)
 GET /products/zor-narsa?color=blue 200 in 173ms (next.js: 118ms, application-code: 55ms)
 GET / 200 in 260ms (next.js: 115ms, application-code: 144ms)
 GET /products/corteiz-rtw?color=black 200 in 70ms (next.js: 12ms, application-code: 58ms)
✓ Compiled in 363ms
 GET /admin?section=products 200 in 295ms (next.js: 80ms, application-code: 216ms)
 GET /products/corteiz-rtw?color=black 200 in 174ms (next.js: 123ms, application-code: 51ms)
 GET /products/futbol-prevailen 200 in 87ms (next.js: 16ms, application-code: 71ms)
✓ Compiled in 745ms
 GET /admin?section=products 200 in 1078ms (next.js: 206ms, application-code: 872ms)
 GET /admin?section=products 200 in 404ms (next.js: 234ms, application-code: 170ms)
 GET /admin?section=products 200 in 1183ms (next.js: 269ms, application-code: 914ms)
 GET /products/corteiz-rtw?color=black 200 in 158ms (next.js: 31ms, application-code: 127ms)
 GET /products/corteiz-rtw?color=black 200 in 676ms (next.js: 172ms, application-code: 504ms)
 GET /products/corteiz-rtw?color=black 200 in 68ms (next.js: 11ms, application-code: 57ms)
 GET /products/corteiz-rtw?color=black 200 in 252ms (next.js: 7ms, application-code: 245ms)
 GET /products/corteiz-rtw?color=black 200 in 710ms (next.js: 268ms, application-code: 442ms)
✓ Compiled in 476ms
 GET /admin?section=products 200 in 271ms (next.js: 166ms, application-code: 105ms)
 GET /products/corteiz-rtw?color=black 200 in 63ms (next.js: 23ms, application-code: 40ms)
✓ Compiled in 525ms
 GET /admin?section=products 200 in 881ms (next.js: 169ms, application-code: 712ms)
 GET /admin?section=products 200 in 330ms (next.js: 255ms, application-code: 76ms)
 GET /admin?section=products 200 in 687ms (next.js: 9ms, application-code: 679ms)
 GET /products/corteiz-rtw?color=black 200 in 362ms (next.js: 199ms, application-code: 163ms)
✓ Compiled in 609ms
 GET /products/corteiz-rtw?color=black 200 in 874ms (next.js: 643ms, application-code: 231ms)
 GET /admin?section=products 200 in 643ms (next.js: 156ms, application-code: 487ms)
 GET /products/corteiz-rtw?color=black 200 in 1690ms (next.js: 665ms, application-code: 1025ms)
 GET /products/corteiz-rtw?color=black 200 in 132ms (next.js: 46ms, application-code: 86ms)
 GET /products/corteiz-rtw?color=black 200 in 138ms (next.js: 8ms, application-code: 130ms)
 GET /products/corteiz-rtw?color=black 200 in 630ms (next.js: 267ms, application-code: 364ms)
 GET /admin?section=products 200 in 638ms (next.js: 8ms, application-code: 630ms)
 GET /products/corteiz-rtw?color=black 200 in 244ms (next.js: 16ms, application-code: 228ms)
✓ Compiled in 487ms
 GET /admin?section=products 200 in 536ms (next.js: 483ms, application-code: 52ms)
 GET /admin?section=products 200 in 829ms (next.js: 171ms, application-code: 659ms)
 GET /admin?section=products 200 in 682ms (next.js: 214ms, application-code: 468ms)
 GET /products/corteiz-rtw?color=black 200 in 711ms (next.js: 155ms, application-code: 556ms)
 GET /products/corteiz-rtw?color=black 200 in 293ms (next.js: 10ms, application-code: 283ms)
 GET /products/corteiz-rtw?color=black 200 in 128ms (next.js: 21ms, application-code: 107ms)
 GET /products/corteiz-rtw?color=black 200 in 292ms (next.js: 46ms, application-code: 246ms)
 GET /products/corteiz-rtw?color=black 200 in 385ms (next.js: 10ms, application-code: 375ms)
 GET /products/corteiz-rtw?color=black 200 in 523ms (next.js: 14ms, application-code: 508ms)
 GET /admin?section=products 200 in 51ms (next.js: 5ms, application-code: 46ms)
 GET /admin?section=products 200 in 46ms (next.js: 6ms, application-code: 40ms)
 GET /products/corteiz-rtw?color=black 200 in 136ms (next.js: 13ms, application-code: 123ms)
 GET /admin?section=products 200 in 45ms (next.js: 6ms, application-code: 39ms)
 GET /favorites 200 in 193ms (next.js: 163ms, application-code: 30ms)
 GET /admin?section=products 200 in 54ms (next.js: 7ms, application-code: 48ms)
 GET /admin?section=products 200 in 51ms (next.js: 6ms, application-code: 46ms)
 GET /favorites 200 in 156ms (next.js: 5ms, application-code: 151ms)
 GET /admin?section=products 200 in 48ms (next.js: 6ms, application-code: 42ms)
 GET /favorites 200 in 52ms (next.js: 6ms, application-code: 46ms)
 GET / 200 in 223ms (next.js: 131ms, application-code: 92ms)
 GET /products/corteiz-rtw?color=black 200 in 71ms (next.js: 13ms, application-code: 58ms)
 GET /admin?section=products 200 in 53ms (next.js: 6ms, application-code: 48ms)
 GET / 200 in 85ms (next.js: 6ms, application-code: 79ms)
 GET /records 200 in 209ms (next.js: 158ms, application-code: 51ms)
 GET /_next/image?url=https%3A%2F%2Fi.pinimg.com%2F736x%2Fb1%2Fa1%2F62%2Fb1a1620889a8050c25c0de9a6e75176c.jpg&w=1200&q=75 500 in 176ms (next.js: 147ms, application-code: 29ms)
 GET /_next/image?url=https%3A%2F%2Fi.pinimg.com%2F736x%2Fb1%2Fa1%2F62%2Fb1a1620889a8050c25c0de9a6e75176c.jpg&w=1200&q=75 500 in 177ms (next.js: 147ms, application-code: 30ms)
 GET / 200 in 78ms (next.js: 5ms, application-code: 72ms)
✓ Compiled in 539ms
 GET /admin?section=products 200 in 373ms (next.js: 317ms, application-code: 56ms)
 GET / 200 in 375ms (next.js: 93ms, application-code: 282ms)
 GET /records 200 in 48ms (next.js: 13ms, application-code: 35ms)
 GET / 200 in 95ms (next.js: 11ms, application-code: 83ms)
 GET /admin?section=products 200 in 292ms (next.js: 6ms, application-code: 286ms)
✓ Compiled in 561ms
 GET /admin?section=products 200 in 344ms (next.js: 303ms, application-code: 41ms)
 GET / 200 in 347ms (next.js: 98ms, application-code: 249ms)
✓ Compiled in 1287ms
✓ Compiled in 1290ms
✓ Compiled in 463ms
 GET /admin?section=products 200 in 278ms (next.js: 163ms, application-code: 114ms)
 GET / 200 in 279ms (next.js: 228ms, application-code: 51ms)
✓ Compiled in 456ms
 GET /admin?section=products 200 in 327ms (next.js: 288ms, application-code: 39ms)
 GET / 200 in 329ms (next.js: 103ms, application-code: 226ms)
 GET /admin?section=products 200 in 297ms (next.js: 6ms, application-code: 291ms)
 GET /admin?section=products 200 in 48ms (next.js: 6ms, application-code: 42ms)
[?25h
