
> siren-backend@1.0.0 start:dev
> nest start --watch

[2J[3J[H[[90m2:50:37 PM[0m] Starting compilation in watch mode...

[[90m2:50:43 PM[0m] Found 0 errors. Watching for file changes.

[Nest] 43992  - 09/11/2026, 2:51:05 PM     LOG [NestFactory] Starting Nest application...
[Nest] 43992  - 09/11/2026, 2:51:05 PM     LOG [InstanceLoader] AppModule dependencies initialized +13ms
[Nest] 43992  - 09/11/2026, 2:51:05 PM     LOG [InstanceLoader] TypeOrmModule dependencies initialized +0ms
[Nest] 43992  - 09/11/2026, 2:51:05 PM     LOG [InstanceLoader] PassportModule dependencies initialized +0ms
[Nest] 43992  - 09/11/2026, 2:51:05 PM     LOG [InstanceLoader] ConfigHostModule dependencies initialized +0ms
[Nest] 43992  - 09/11/2026, 2:51:05 PM     LOG [InstanceLoader] ConfigModule dependencies initialized +1ms
[Nest] 43992  - 09/11/2026, 2:51:05 PM     LOG [InstanceLoader] ConfigModule dependencies initialized +0ms
[Nest] 43992  - 09/11/2026, 2:51:05 PM     LOG [InstanceLoader] JwtModule dependencies initialized +480ms
[Nest] 43992  - 09/11/2026, 2:51:05 PM     LOG [InstanceLoader] TypeOrmCoreModule dependencies initialized +284ms
[Nest] 43992  - 09/11/2026, 2:51:05 PM     LOG [InstanceLoader] TypeOrmModule dependencies initialized +0ms
[Nest] 43992  - 09/11/2026, 2:51:05 PM     LOG [InstanceLoader] TypeOrmModule dependencies initialized +0ms
[Nest] 43992  - 09/11/2026, 2:51:05 PM     LOG [InstanceLoader] TypeOrmModule dependencies initialized +0ms
[Nest] 43992  - 09/11/2026, 2:51:05 PM     LOG [InstanceLoader] TypeOrmModule dependencies initialized +0ms
[Nest] 43992  - 09/11/2026, 2:51:05 PM     LOG [InstanceLoader] TypeOrmModule dependencies initialized +0ms
[Nest] 43992  - 09/11/2026, 2:51:05 PM     LOG [InstanceLoader] AuthModule dependencies initialized +2ms
[Nest] 43992  - 09/11/2026, 2:51:05 PM     LOG [InstanceLoader] CatalogModule dependencies initialized +0ms
[Nest] 43992  - 09/11/2026, 2:51:05 PM     LOG [InstanceLoader] CmsModule dependencies initialized +0ms
[Nest] 43992  - 09/11/2026, 2:51:05 PM     LOG [InstanceLoader] AdminModule dependencies initialized +0ms
[Nest] 43992  - 09/11/2026, 2:51:05 PM     LOG [InstanceLoader] CommerceModule dependencies initialized +0ms
[Nest] 43992  - 09/11/2026, 2:51:06 PM     LOG [RoutesResolver] AuthController {/api/auth}: +38ms
[Nest] 43992  - 09/11/2026, 2:51:06 PM     LOG [RouterExplorer] Mapped {/api/auth/login, POST} route +2ms
[Nest] 43992  - 09/11/2026, 2:51:06 PM     LOG [RouterExplorer] Mapped {/api/auth/me, GET} route +0ms
[Nest] 43992  - 09/11/2026, 2:51:06 PM     LOG [RouterExplorer] Mapped {/api/auth/customer/email, POST} route +0ms
[Nest] 43992  - 09/11/2026, 2:51:06 PM     LOG [RouterExplorer] Mapped {/api/auth/customer/verify-registration, POST} route +0ms
[Nest] 43992  - 09/11/2026, 2:51:06 PM     LOG [RouterExplorer] Mapped {/api/auth/customer/register, POST} route +1ms
[Nest] 43992  - 09/11/2026, 2:51:06 PM     LOG [RouterExplorer] Mapped {/api/auth/customer/login, POST} route +0ms
[Nest] 43992  - 09/11/2026, 2:51:06 PM     LOG [RouterExplorer] Mapped {/api/auth/customer/password-reset/request, POST} route +0ms
[Nest] 43992  - 09/11/2026, 2:51:06 PM     LOG [RouterExplorer] Mapped {/api/auth/customer/password-reset/verify, POST} route +0ms
[Nest] 43992  - 09/11/2026, 2:51:06 PM     LOG [RouterExplorer] Mapped {/api/auth/customer/password-reset/complete, POST} route +0ms
[Nest] 43992  - 09/11/2026, 2:51:06 PM     LOG [RouterExplorer] Mapped {/api/auth/customer/me, GET} route +0ms
[Nest] 43992  - 09/11/2026, 2:51:06 PM     LOG [RouterExplorer] Mapped {/api/auth/customer/me, PATCH} route +1ms
[Nest] 43992  - 09/11/2026, 2:51:06 PM     LOG [RoutesResolver] CatalogController {/api/catalog}: +0ms
[Nest] 43992  - 09/11/2026, 2:51:06 PM     LOG [RouterExplorer] Mapped {/api/catalog/products, GET} route +0ms
[Nest] 43992  - 09/11/2026, 2:51:06 PM     LOG [RouterExplorer] Mapped {/api/catalog/products/listing, GET} route +0ms
[Nest] 43992  - 09/11/2026, 2:51:06 PM     LOG [RouterExplorer] Mapped {/api/catalog/products/random, GET} route +0ms
[Nest] 43992  - 09/11/2026, 2:51:06 PM     LOG [RouterExplorer] Mapped {/api/catalog/products/:slug, GET} route +0ms
[Nest] 43992  - 09/11/2026, 2:51:06 PM     LOG [RouterExplorer] Mapped {/api/catalog/categories, GET} route +0ms
[Nest] 43992  - 09/11/2026, 2:51:06 PM     LOG [RouterExplorer] Mapped {/api/catalog/collections, GET} route +0ms
[Nest] 43992  - 09/11/2026, 2:51:06 PM     LOG [RoutesResolver] AdminCatalogController {/api/admin/catalog}: +0ms
[Nest] 43992  - 09/11/2026, 2:51:06 PM     LOG [RouterExplorer] Mapped {/api/admin/catalog/products, GET} route +1ms
[Nest] 43992  - 09/11/2026, 2:51:06 PM     LOG [RouterExplorer] Mapped {/api/admin/catalog/products, POST} route +0ms
[Nest] 43992  - 09/11/2026, 2:51:06 PM     LOG [RouterExplorer] Mapped {/api/admin/catalog/products/:id, PATCH} route +0ms
[Nest] 43992  - 09/11/2026, 2:51:06 PM     LOG [RouterExplorer] Mapped {/api/admin/catalog/products/:id, DELETE} route +0ms
[Nest] 43992  - 09/11/2026, 2:51:06 PM     LOG [RouterExplorer] Mapped {/api/admin/catalog/products/:id/variants, GET} route +0ms
[Nest] 43992  - 09/11/2026, 2:51:06 PM     LOG [RouterExplorer] Mapped {/api/admin/catalog/products/:id/variants, POST} route +0ms
[Nest] 43992  - 09/11/2026, 2:51:06 PM     LOG [RouterExplorer] Mapped {/api/admin/catalog/variants/:id, PATCH} route +0ms
[Nest] 43992  - 09/11/2026, 2:51:06 PM     LOG [RouterExplorer] Mapped {/api/admin/catalog/variants/:id, DELETE} route +0ms
[Nest] 43992  - 09/11/2026, 2:51:06 PM     LOG [RouterExplorer] Mapped {/api/admin/catalog/transfers, GET} route +1ms
[Nest] 43992  - 09/11/2026, 2:51:06 PM     LOG [RouterExplorer] Mapped {/api/admin/catalog/transfers, POST} route +0ms
[Nest] 43992  - 09/11/2026, 2:51:06 PM     LOG [RouterExplorer] Mapped {/api/admin/catalog/transfers/return, POST} route +0ms
[Nest] 43992  - 09/11/2026, 2:51:06 PM     LOG [RouterExplorer] Mapped {/api/admin/catalog/categories, GET} route +0ms
[Nest] 43992  - 09/11/2026, 2:51:06 PM     LOG [RouterExplorer] Mapped {/api/admin/catalog/categories, POST} route +0ms
[Nest] 43992  - 09/11/2026, 2:51:06 PM     LOG [RouterExplorer] Mapped {/api/admin/catalog/categories/:id, PATCH} route +0ms
[Nest] 43992  - 09/11/2026, 2:51:06 PM     LOG [RouterExplorer] Mapped {/api/admin/catalog/categories/:id, DELETE} route +0ms
[Nest] 43992  - 09/11/2026, 2:51:06 PM     LOG [RouterExplorer] Mapped {/api/admin/catalog/collections, GET} route +0ms
[Nest] 43992  - 09/11/2026, 2:51:06 PM     LOG [RouterExplorer] Mapped {/api/admin/catalog/collections, POST} route +0ms
[Nest] 43992  - 09/11/2026, 2:51:06 PM     LOG [RouterExplorer] Mapped {/api/admin/catalog/collections/:id, PATCH} route +0ms
[Nest] 43992  - 09/11/2026, 2:51:06 PM     LOG [RouterExplorer] Mapped {/api/admin/catalog/collections/:id, DELETE} route +0ms
[Nest] 43992  - 09/11/2026, 2:51:06 PM     LOG [RoutesResolver] CheckoutController {/api/checkout}: +1ms
[Nest] 43992  - 09/11/2026, 2:51:06 PM     LOG [RouterExplorer] Mapped {/api/checkout/orders, POST} route +0ms
[Nest] 43992  - 09/11/2026, 2:51:06 PM     LOG [RoutesResolver] AdminCommerceController {/api/admin}: +0ms
[Nest] 43992  - 09/11/2026, 2:51:06 PM     LOG [RouterExplorer] Mapped {/api/admin/orders, GET} route +0ms
[Nest] 43992  - 09/11/2026, 2:51:06 PM     LOG [RouterExplorer] Mapped {/api/admin/orders/:id, PATCH} route +0ms
[Nest] 43992  - 09/11/2026, 2:51:06 PM     LOG [RouterExplorer] Mapped {/api/admin/customers, GET} route +0ms
[Nest] 43992  - 09/11/2026, 2:51:06 PM     LOG [RoutesResolver] CmsController {/api/content}: +0ms
[Nest] 43992  - 09/11/2026, 2:51:06 PM     LOG [RouterExplorer] Mapped {/api/content/banners, GET} route +0ms
[Nest] 43992  - 09/11/2026, 2:51:06 PM     LOG [RouterExplorer] Mapped {/api/content/posts, GET} route +0ms
[Nest] 43992  - 09/11/2026, 2:51:06 PM     LOG [RouterExplorer] Mapped {/api/content/lookbook, GET} route +0ms
[Nest] 43992  - 09/11/2026, 2:51:06 PM     LOG [RouterExplorer] Mapped {/api/content/custom-sections, GET} route +0ms
[Nest] 43992  - 09/11/2026, 2:51:06 PM     LOG [RouterExplorer] Mapped {/api/content/navigation, GET} route +0ms
[Nest] 43992  - 09/11/2026, 2:51:06 PM     LOG [RouterExplorer] Mapped {/api/content/records, GET} route +1ms
[Nest] 43992  - 09/11/2026, 2:51:06 PM     LOG [RouterExplorer] Mapped {/api/content/notifications, GET} route +0ms
[Nest] 43992  - 09/11/2026, 2:51:06 PM     LOG [RouterExplorer] Mapped {/api/content/notifications/:id/click, POST} route +0ms
[Nest] 43992  - 09/11/2026, 2:51:06 PM     LOG [RouterExplorer] Mapped {/api/content/pages/:slug, GET} route +0ms
[Nest] 43992  - 09/11/2026, 2:51:06 PM     LOG [RoutesResolver] AdminCmsController {/api/admin/content}: +0ms
[Nest] 43992  - 09/11/2026, 2:51:06 PM     LOG [RouterExplorer] Mapped {/api/admin/content/banners, GET} route +0ms
[Nest] 43992  - 09/11/2026, 2:51:06 PM     LOG [RouterExplorer] Mapped {/api/admin/content/banners, POST} route +0ms
[Nest] 43992  - 09/11/2026, 2:51:06 PM     LOG [RouterExplorer] Mapped {/api/admin/content/banners/upload, POST} route +0ms
[Nest] 43992  - 09/11/2026, 2:51:06 PM     LOG [RouterExplorer] Mapped {/api/admin/content/banners/:id, PATCH} route +0ms
[Nest] 43992  - 09/11/2026, 2:51:06 PM     LOG [RouterExplorer] Mapped {/api/admin/content/banners/:id, DELETE} route +1ms
[Nest] 43992  - 09/11/2026, 2:51:06 PM     LOG [RouterExplorer] Mapped {/api/admin/content/posts, GET} route +0ms
[Nest] 43992  - 09/11/2026, 2:51:06 PM     LOG [RouterExplorer] Mapped {/api/admin/content/posts/upload, POST} route +0ms
[Nest] 43992  - 09/11/2026, 2:51:06 PM     LOG [RouterExplorer] Mapped {/api/admin/content/posts, POST} route +0ms
[Nest] 43992  - 09/11/2026, 2:51:06 PM     LOG [RouterExplorer] Mapped {/api/admin/content/posts/:id, PATCH} route +0ms
[Nest] 43992  - 09/11/2026, 2:51:06 PM     LOG [RouterExplorer] Mapped {/api/admin/content/posts/:id, DELETE} route +0ms
[Nest] 43992  - 09/11/2026, 2:51:06 PM     LOG [RouterExplorer] Mapped {/api/admin/content/lookbook, GET} route +0ms
[Nest] 43992  - 09/11/2026, 2:51:06 PM     LOG [RouterExplorer] Mapped {/api/admin/content/lookbook/upload, POST} route +0ms
[Nest] 43992  - 09/11/2026, 2:51:06 PM     LOG [RouterExplorer] Mapped {/api/admin/content/lookbook, POST} route +1ms
[Nest] 43992  - 09/11/2026, 2:51:06 PM     LOG [RouterExplorer] Mapped {/api/admin/content/lookbook/:id, PATCH} route +0ms
[Nest] 43992  - 09/11/2026, 2:51:06 PM     LOG [RouterExplorer] Mapped {/api/admin/content/lookbook/:id, DELETE} route +0ms
[Nest] 43992  - 09/11/2026, 2:51:06 PM     LOG [RouterExplorer] Mapped {/api/admin/content/records, GET} route +0ms
[Nest] 43992  - 09/11/2026, 2:51:06 PM     LOG [RouterExplorer] Mapped {/api/admin/content/records, POST} route +0ms
[Nest] 43992  - 09/11/2026, 2:51:06 PM     LOG [RouterExplorer] Mapped {/api/admin/content/records/:id, PATCH} route +0ms
[Nest] 43992  - 09/11/2026, 2:51:06 PM     LOG [RouterExplorer] Mapped {/api/admin/content/records/:id, DELETE} route +0ms
[Nest] 43992  - 09/11/2026, 2:51:06 PM     LOG [RouterExplorer] Mapped {/api/admin/content/records/upload, POST} route +0ms
[Nest] 43992  - 09/11/2026, 2:51:06 PM     LOG [RouterExplorer] Mapped {/api/admin/content/pages, GET} route +0ms
[Nest] 43992  - 09/11/2026, 2:51:06 PM     LOG [RouterExplorer] Mapped {/api/admin/content/pages, POST} route +0ms
[Nest] 43992  - 09/11/2026, 2:51:06 PM     LOG [RouterExplorer] Mapped {/api/admin/content/pages/:id, PATCH} route +1ms
[Nest] 43992  - 09/11/2026, 2:51:06 PM     LOG [RouterExplorer] Mapped {/api/admin/content/pages/:id/sections, GET} route +0ms
[Nest] 43992  - 09/11/2026, 2:51:06 PM     LOG [RouterExplorer] Mapped {/api/admin/content/pages/:id/sections, POST} route +0ms
[Nest] 43992  - 09/11/2026, 2:51:06 PM     LOG [RouterExplorer] Mapped {/api/admin/content/sections/:id, PATCH} route +0ms
[Nest] 43992  - 09/11/2026, 2:51:06 PM     LOG [RouterExplorer] Mapped {/api/admin/content/sections/:id, DELETE} route +0ms
[Nest] 43992  - 09/11/2026, 2:51:06 PM     LOG [RouterExplorer] Mapped {/api/admin/content/settings, GET} route +0ms
[Nest] 43992  - 09/11/2026, 2:51:06 PM     LOG [RouterExplorer] Mapped {/api/admin/content/settings/:key, PUT} route +0ms
[Nest] 43992  - 09/11/2026, 2:51:06 PM     LOG [RoutesResolver] AdminController {/api/admin}: +0ms
[Nest] 43992  - 09/11/2026, 2:51:06 PM     LOG [RouterExplorer] Mapped {/api/admin/dashboard, GET} route +1ms
[Nest] 43992  - 09/11/2026, 2:51:06 PM     LOG [RouterExplorer] Mapped {/api/admin/audit-logs, GET} route +0ms
[Nest] 43992  - 09/11/2026, 2:51:06 PM     LOG [RouterExplorer] Mapped {/api/admin/users, GET} route +0ms
[Nest] 43992  - 09/11/2026, 2:51:06 PM     LOG [RouterExplorer] Mapped {/api/admin/users, POST} route +0ms
[Nest] 43992  - 09/11/2026, 2:51:06 PM     LOG [RouterExplorer] Mapped {/api/admin/users/:id, PATCH} route +0ms
[Nest] 43992  - 09/11/2026, 2:51:06 PM     LOG [NestApplication] Nest application successfully started +9ms
[2J[3J[H[[90m3:41:07 PM[0m] File change detected. Starting incremental compilation...

[[90m3:41:08 PM[0m] Found 0 errors. Watching for file changes.

[2J[3J[H[[90m3:41:09 PM[0m] File change detected. Starting incremental compilation...

[[90m3:41:09 PM[0m] Found 0 errors. Watching for file changes.

[2J[3J[H[[90m3:41:12 PM[0m] File change detected. Starting incremental compilation...

[[90m3:41:12 PM[0m] Found 0 errors. Watching for file changes.

[Nest] 35776  - 09/11/2026, 3:41:15 PM     LOG [NestFactory] Starting Nest application...
[Nest] 35776  - 09/11/2026, 3:41:16 PM     LOG [InstanceLoader] AppModule dependencies initialized +14ms
[Nest] 35776  - 09/11/2026, 3:41:16 PM     LOG [InstanceLoader] TypeOrmModule dependencies initialized +0ms
[Nest] 35776  - 09/11/2026, 3:41:16 PM     LOG [InstanceLoader] PassportModule dependencies initialized +0ms
[Nest] 35776  - 09/11/2026, 3:41:16 PM     LOG [InstanceLoader] ConfigHostModule dependencies initialized +0ms
[Nest] 35776  - 09/11/2026, 3:41:16 PM     LOG [InstanceLoader] ConfigModule dependencies initialized +1ms
[Nest] 35776  - 09/11/2026, 3:41:16 PM     LOG [InstanceLoader] ConfigModule dependencies initialized +0ms
[Nest] 35776  - 09/11/2026, 3:41:16 PM     LOG [InstanceLoader] JwtModule dependencies initialized +73ms
[Nest] 35776  - 09/11/2026, 3:41:16 PM     LOG [InstanceLoader] TypeOrmCoreModule dependencies initialized +286ms
[Nest] 35776  - 09/11/2026, 3:41:16 PM     LOG [InstanceLoader] TypeOrmModule dependencies initialized +0ms
[Nest] 35776  - 09/11/2026, 3:41:16 PM     LOG [InstanceLoader] TypeOrmModule dependencies initialized +1ms
[Nest] 35776  - 09/11/2026, 3:41:16 PM     LOG [InstanceLoader] TypeOrmModule dependencies initialized +0ms
[Nest] 35776  - 09/11/2026, 3:41:16 PM     LOG [InstanceLoader] TypeOrmModule dependencies initialized +0ms
[Nest] 35776  - 09/11/2026, 3:41:16 PM     LOG [InstanceLoader] TypeOrmModule dependencies initialized +0ms
[Nest] 35776  - 09/11/2026, 3:41:16 PM     LOG [InstanceLoader] AuthModule dependencies initialized +2ms
[Nest] 35776  - 09/11/2026, 3:41:16 PM     LOG [InstanceLoader] CatalogModule dependencies initialized +0ms
[Nest] 35776  - 09/11/2026, 3:41:16 PM     LOG [InstanceLoader] CmsModule dependencies initialized +0ms
[Nest] 35776  - 09/11/2026, 3:41:16 PM     LOG [InstanceLoader] AdminModule dependencies initialized +0ms
[Nest] 35776  - 09/11/2026, 3:41:16 PM     LOG [InstanceLoader] CommerceModule dependencies initialized +0ms
[Nest] 35776  - 09/11/2026, 3:41:16 PM     LOG [RoutesResolver] AuthController {/api/auth}: +29ms
[Nest] 35776  - 09/11/2026, 3:41:16 PM     LOG [RouterExplorer] Mapped {/api/auth/login, POST} route +3ms
[Nest] 35776  - 09/11/2026, 3:41:16 PM     LOG [RouterExplorer] Mapped {/api/auth/me, GET} route +0ms
[Nest] 35776  - 09/11/2026, 3:41:16 PM     LOG [RouterExplorer] Mapped {/api/auth/customer/email, POST} route +1ms
[Nest] 35776  - 09/11/2026, 3:41:16 PM     LOG [RouterExplorer] Mapped {/api/auth/customer/verify-registration, POST} route +0ms
[Nest] 35776  - 09/11/2026, 3:41:16 PM     LOG [RouterExplorer] Mapped {/api/auth/customer/register, POST} route +0ms
[Nest] 35776  - 09/11/2026, 3:41:16 PM     LOG [RouterExplorer] Mapped {/api/auth/customer/login, POST} route +0ms
[Nest] 35776  - 09/11/2026, 3:41:16 PM     LOG [RouterExplorer] Mapped {/api/auth/customer/password-reset/request, POST} route +1ms
[Nest] 35776  - 09/11/2026, 3:41:16 PM     LOG [RouterExplorer] Mapped {/api/auth/customer/password-reset/verify, POST} route +0ms
[Nest] 35776  - 09/11/2026, 3:41:16 PM     LOG [RouterExplorer] Mapped {/api/auth/customer/password-reset/complete, POST} route +0ms
[Nest] 35776  - 09/11/2026, 3:41:16 PM     LOG [RouterExplorer] Mapped {/api/auth/customer/me, GET} route +0ms
[Nest] 35776  - 09/11/2026, 3:41:16 PM     LOG [RouterExplorer] Mapped {/api/auth/customer/me, PATCH} route +1ms
[Nest] 35776  - 09/11/2026, 3:41:16 PM     LOG [RoutesResolver] CatalogController {/api/catalog}: +0ms
[Nest] 35776  - 09/11/2026, 3:41:16 PM     LOG [RouterExplorer] Mapped {/api/catalog/products, GET} route +0ms
[Nest] 35776  - 09/11/2026, 3:41:16 PM     LOG [RouterExplorer] Mapped {/api/catalog/products/listing, GET} route +0ms
[Nest] 35776  - 09/11/2026, 3:41:16 PM     LOG [RouterExplorer] Mapped {/api/catalog/products/random, GET} route +0ms
[Nest] 35776  - 09/11/2026, 3:41:16 PM     LOG [RouterExplorer] Mapped {/api/catalog/products/:slug, GET} route +0ms
[Nest] 35776  - 09/11/2026, 3:41:16 PM     LOG [RouterExplorer] Mapped {/api/catalog/categories, GET} route +0ms
[Nest] 35776  - 09/11/2026, 3:41:16 PM     LOG [RouterExplorer] Mapped {/api/catalog/collections, GET} route +0ms
[Nest] 35776  - 09/11/2026, 3:41:16 PM     LOG [RoutesResolver] AdminCatalogController {/api/admin/catalog}: +0ms
[Nest] 35776  - 09/11/2026, 3:41:16 PM     LOG [RouterExplorer] Mapped {/api/admin/catalog/products, GET} route +1ms
[Nest] 35776  - 09/11/2026, 3:41:16 PM     LOG [RouterExplorer] Mapped {/api/admin/catalog/products, POST} route +0ms
[Nest] 35776  - 09/11/2026, 3:41:16 PM     LOG [RouterExplorer] Mapped {/api/admin/catalog/products/:id, PATCH} route +0ms
[Nest] 35776  - 09/11/2026, 3:41:16 PM     LOG [RouterExplorer] Mapped {/api/admin/catalog/products/:id, DELETE} route +0ms
[Nest] 35776  - 09/11/2026, 3:41:16 PM     LOG [RouterExplorer] Mapped {/api/admin/catalog/products/:id/variants, GET} route +0ms
[Nest] 35776  - 09/11/2026, 3:41:16 PM     LOG [RouterExplorer] Mapped {/api/admin/catalog/products/:id/variants, POST} route +0ms
[Nest] 35776  - 09/11/2026, 3:41:16 PM     LOG [RouterExplorer] Mapped {/api/admin/catalog/variants/:id, PATCH} route +0ms
[Nest] 35776  - 09/11/2026, 3:41:16 PM     LOG [RouterExplorer] Mapped {/api/admin/catalog/variants/:id, DELETE} route +0ms
[Nest] 35776  - 09/11/2026, 3:41:16 PM     LOG [RouterExplorer] Mapped {/api/admin/catalog/transfers, GET} route +1ms
[Nest] 35776  - 09/11/2026, 3:41:16 PM     LOG [RouterExplorer] Mapped {/api/admin/catalog/transfers, POST} route +0ms
[Nest] 35776  - 09/11/2026, 3:41:16 PM     LOG [RouterExplorer] Mapped {/api/admin/catalog/transfers/return, POST} route +0ms
[Nest] 35776  - 09/11/2026, 3:41:16 PM     LOG [RouterExplorer] Mapped {/api/admin/catalog/categories, GET} route +0ms
[Nest] 35776  - 09/11/2026, 3:41:16 PM     LOG [RouterExplorer] Mapped {/api/admin/catalog/categories, POST} route +0ms
[Nest] 35776  - 09/11/2026, 3:41:16 PM     LOG [RouterExplorer] Mapped {/api/admin/catalog/categories/:id, PATCH} route +0ms
[Nest] 35776  - 09/11/2026, 3:41:16 PM     LOG [RouterExplorer] Mapped {/api/admin/catalog/categories/:id, DELETE} route +0ms
[Nest] 35776  - 09/11/2026, 3:41:16 PM     LOG [RouterExplorer] Mapped {/api/admin/catalog/collections, GET} route +1ms
[Nest] 35776  - 09/11/2026, 3:41:16 PM     LOG [RouterExplorer] Mapped {/api/admin/catalog/collections, POST} route +0ms
[Nest] 35776  - 09/11/2026, 3:41:16 PM     LOG [RouterExplorer] Mapped {/api/admin/catalog/collections/:id, PATCH} route +0ms
[Nest] 35776  - 09/11/2026, 3:41:16 PM     LOG [RouterExplorer] Mapped {/api/admin/catalog/collections/:id, DELETE} route +0ms
[Nest] 35776  - 09/11/2026, 3:41:16 PM     LOG [RoutesResolver] CheckoutController {/api/checkout}: +0ms
[Nest] 35776  - 09/11/2026, 3:41:16 PM     LOG [RouterExplorer] Mapped {/api/checkout/orders, POST} route +0ms
[Nest] 35776  - 09/11/2026, 3:41:16 PM     LOG [RoutesResolver] AdminCommerceController {/api/admin}: +0ms
[Nest] 35776  - 09/11/2026, 3:41:16 PM     LOG [RouterExplorer] Mapped {/api/admin/orders, GET} route +0ms
[Nest] 35776  - 09/11/2026, 3:41:16 PM     LOG [RouterExplorer] Mapped {/api/admin/orders/:id, PATCH} route +0ms
[Nest] 35776  - 09/11/2026, 3:41:16 PM     LOG [RouterExplorer] Mapped {/api/admin/customers, GET} route +0ms
[Nest] 35776  - 09/11/2026, 3:41:16 PM     LOG [RoutesResolver] CmsController {/api/content}: +0ms
[Nest] 35776  - 09/11/2026, 3:41:16 PM     LOG [RouterExplorer] Mapped {/api/content/banners, GET} route +1ms
[Nest] 35776  - 09/11/2026, 3:41:16 PM     LOG [RouterExplorer] Mapped {/api/content/posts, GET} route +0ms
[Nest] 35776  - 09/11/2026, 3:41:16 PM     LOG [RouterExplorer] Mapped {/api/content/lookbook, GET} route +0ms
[Nest] 35776  - 09/11/2026, 3:41:16 PM     LOG [RouterExplorer] Mapped {/api/content/custom-sections, GET} route +0ms
[Nest] 35776  - 09/11/2026, 3:41:16 PM     LOG [RouterExplorer] Mapped {/api/content/navigation, GET} route +0ms
[Nest] 35776  - 09/11/2026, 3:41:16 PM     LOG [RouterExplorer] Mapped {/api/content/records, GET} route +0ms
[Nest] 35776  - 09/11/2026, 3:41:16 PM     LOG [RouterExplorer] Mapped {/api/content/notifications, GET} route +0ms
[Nest] 35776  - 09/11/2026, 3:41:16 PM     LOG [RouterExplorer] Mapped {/api/content/notifications/:id/click, POST} route +0ms
[Nest] 35776  - 09/11/2026, 3:41:16 PM     LOG [RouterExplorer] Mapped {/api/content/pages/:slug, GET} route +0ms
[Nest] 35776  - 09/11/2026, 3:41:16 PM     LOG [RoutesResolver] AdminCmsController {/api/admin/content}: +0ms
[Nest] 35776  - 09/11/2026, 3:41:16 PM     LOG [RouterExplorer] Mapped {/api/admin/content/banners, GET} route +0ms
[Nest] 35776  - 09/11/2026, 3:41:16 PM     LOG [RouterExplorer] Mapped {/api/admin/content/banners, POST} route +1ms
[Nest] 35776  - 09/11/2026, 3:41:16 PM     LOG [RouterExplorer] Mapped {/api/admin/content/banners/upload, POST} route +0ms
[Nest] 35776  - 09/11/2026, 3:41:16 PM     LOG [RouterExplorer] Mapped {/api/admin/content/banners/:id, PATCH} route +0ms
[Nest] 35776  - 09/11/2026, 3:41:16 PM     LOG [RouterExplorer] Mapped {/api/admin/content/banners/:id, DELETE} route +0ms
[Nest] 35776  - 09/11/2026, 3:41:16 PM     LOG [RouterExplorer] Mapped {/api/admin/content/posts, GET} route +0ms
[Nest] 35776  - 09/11/2026, 3:41:16 PM     LOG [RouterExplorer] Mapped {/api/admin/content/posts/upload, POST} route +0ms
[Nest] 35776  - 09/11/2026, 3:41:16 PM     LOG [RouterExplorer] Mapped {/api/admin/content/posts, POST} route +0ms
[Nest] 35776  - 09/11/2026, 3:41:16 PM     LOG [RouterExplorer] Mapped {/api/admin/content/posts/:id, PATCH} route +0ms
[Nest] 35776  - 09/11/2026, 3:41:16 PM     LOG [RouterExplorer] Mapped {/api/admin/content/posts/:id, DELETE} route +1ms
[Nest] 35776  - 09/11/2026, 3:41:16 PM     LOG [RouterExplorer] Mapped {/api/admin/content/lookbook, GET} route +0ms
[Nest] 35776  - 09/11/2026, 3:41:16 PM     LOG [RouterExplorer] Mapped {/api/admin/content/lookbook/upload, POST} route +0ms
[Nest] 35776  - 09/11/2026, 3:41:16 PM     LOG [RouterExplorer] Mapped {/api/admin/content/lookbook, POST} route +0ms
[Nest] 35776  - 09/11/2026, 3:41:16 PM     LOG [RouterExplorer] Mapped {/api/admin/content/lookbook/:id, PATCH} route +0ms
[Nest] 35776  - 09/11/2026, 3:41:16 PM     LOG [RouterExplorer] Mapped {/api/admin/content/lookbook/:id, DELETE} route +0ms
[Nest] 35776  - 09/11/2026, 3:41:16 PM     LOG [RouterExplorer] Mapped {/api/admin/content/records, GET} route +0ms
[Nest] 35776  - 09/11/2026, 3:41:16 PM     LOG [RouterExplorer] Mapped {/api/admin/content/records, POST} route +0ms
[Nest] 35776  - 09/11/2026, 3:41:16 PM     LOG [RouterExplorer] Mapped {/api/admin/content/records/:id, PATCH} route +0ms
[Nest] 35776  - 09/11/2026, 3:41:16 PM     LOG [RouterExplorer] Mapped {/api/admin/content/records/:id, DELETE} route +0ms
[Nest] 35776  - 09/11/2026, 3:41:16 PM     LOG [RouterExplorer] Mapped {/api/admin/content/records/upload, POST} route +1ms
[Nest] 35776  - 09/11/2026, 3:41:16 PM     LOG [RouterExplorer] Mapped {/api/admin/content/pages, GET} route +0ms
[Nest] 35776  - 09/11/2026, 3:41:16 PM     LOG [RouterExplorer] Mapped {/api/admin/content/pages, POST} route +0ms
[Nest] 35776  - 09/11/2026, 3:41:16 PM     LOG [RouterExplorer] Mapped {/api/admin/content/pages/:id, PATCH} route +0ms
[Nest] 35776  - 09/11/2026, 3:41:16 PM     LOG [RouterExplorer] Mapped {/api/admin/content/pages/:id/sections, GET} route +0ms
[Nest] 35776  - 09/11/2026, 3:41:16 PM     LOG [RouterExplorer] Mapped {/api/admin/content/pages/:id/sections, POST} route +0ms
[Nest] 35776  - 09/11/2026, 3:41:16 PM     LOG [RouterExplorer] Mapped {/api/admin/content/sections/:id, PATCH} route +0ms
[Nest] 35776  - 09/11/2026, 3:41:16 PM     LOG [RouterExplorer] Mapped {/api/admin/content/sections/:id, DELETE} route +0ms
[Nest] 35776  - 09/11/2026, 3:41:16 PM     LOG [RouterExplorer] Mapped {/api/admin/content/settings, GET} route +0ms
[Nest] 35776  - 09/11/2026, 3:41:16 PM     LOG [RouterExplorer] Mapped {/api/admin/content/settings/:key, PUT} route +0ms
[Nest] 35776  - 09/11/2026, 3:41:16 PM     LOG [RoutesResolver] AdminController {/api/admin}: +1ms
[Nest] 35776  - 09/11/2026, 3:41:16 PM     LOG [RouterExplorer] Mapped {/api/admin/dashboard, GET} route +0ms
[Nest] 35776  - 09/11/2026, 3:41:16 PM     LOG [RouterExplorer] Mapped {/api/admin/audit-logs, GET} route +0ms
[Nest] 35776  - 09/11/2026, 3:41:16 PM     LOG [RouterExplorer] Mapped {/api/admin/users, GET} route +0ms
[Nest] 35776  - 09/11/2026, 3:41:16 PM     LOG [RouterExplorer] Mapped {/api/admin/users, POST} route +0ms
[Nest] 35776  - 09/11/2026, 3:41:16 PM     LOG [RouterExplorer] Mapped {/api/admin/users/:id, PATCH} route +0ms
[Nest] 35776  - 09/11/2026, 3:41:16 PM     LOG [NestApplication] Nest application successfully started +9ms
[2J[3J[H[[90m4:54:04 PM[0m] File change detected. Starting incremental compilation...

[[90m4:54:06 PM[0m] Found 0 errors. Watching for file changes.

[2J[3J[H[[90m4:54:06 PM[0m] File change detected. Starting incremental compilation...

[[90m4:54:07 PM[0m] Found 0 errors. Watching for file changes.

[2J[3J[H[[90m4:54:08 PM[0m] File change detected. Starting incremental compilation...

[[90m4:54:09 PM[0m] Found 0 errors. Watching for file changes.

[2J[3J[H[[90m4:54:09 PM[0m] File change detected. Starting incremental compilation...

[[90m4:54:10 PM[0m] Found 0 errors. Watching for file changes.

[2J[3J[H[[90m4:54:10 PM[0m] File change detected. Starting incremental compilation...

[[90m4:54:11 PM[0m] Found 0 errors. Watching for file changes.

[2J[3J[H[[90m4:54:14 PM[0m] File change detected. Starting incremental compilation...

[[90m4:54:14 PM[0m] Found 0 errors. Watching for file changes.

[2J[3J[H[[90m4:54:15 PM[0m] File change detected. Starting incremental compilation...

[[90m4:54:15 PM[0m] Found 0 errors. Watching for file changes.

[Nest] 41876  - 09/11/2026, 4:54:20 PM     LOG [NestFactory] Starting Nest application...
[Nest] 41876  - 09/11/2026, 4:54:20 PM     LOG [InstanceLoader] AppModule dependencies initialized +14ms
[Nest] 41876  - 09/11/2026, 4:54:20 PM     LOG [InstanceLoader] TypeOrmModule dependencies initialized +0ms
[Nest] 41876  - 09/11/2026, 4:54:20 PM     LOG [InstanceLoader] PassportModule dependencies initialized +0ms
[Nest] 41876  - 09/11/2026, 4:54:20 PM     LOG [InstanceLoader] ConfigHostModule dependencies initialized +1ms
[Nest] 41876  - 09/11/2026, 4:54:20 PM     LOG [InstanceLoader] ConfigModule dependencies initialized +0ms
[Nest] 41876  - 09/11/2026, 4:54:20 PM     LOG [InstanceLoader] ConfigModule dependencies initialized +1ms
[Nest] 41876  - 09/11/2026, 4:54:20 PM     LOG [InstanceLoader] JwtModule dependencies initialized +71ms
[Nest] 41876  - 09/11/2026, 4:54:20 PM     LOG [InstanceLoader] TypeOrmCoreModule dependencies initialized +219ms
[Nest] 41876  - 09/11/2026, 4:54:20 PM     LOG [InstanceLoader] TypeOrmModule dependencies initialized +0ms
[Nest] 41876  - 09/11/2026, 4:54:20 PM     LOG [InstanceLoader] TypeOrmModule dependencies initialized +0ms
[Nest] 41876  - 09/11/2026, 4:54:20 PM     LOG [InstanceLoader] TypeOrmModule dependencies initialized +0ms
[Nest] 41876  - 09/11/2026, 4:54:20 PM     LOG [InstanceLoader] TypeOrmModule dependencies initialized +0ms
[Nest] 41876  - 09/11/2026, 4:54:20 PM     LOG [InstanceLoader] TypeOrmModule dependencies initialized +0ms
[Nest] 41876  - 09/11/2026, 4:54:20 PM     LOG [InstanceLoader] AuthModule dependencies initialized +3ms
[Nest] 41876  - 09/11/2026, 4:54:20 PM     LOG [InstanceLoader] CatalogModule dependencies initialized +0ms
[Nest] 41876  - 09/11/2026, 4:54:20 PM     LOG [InstanceLoader] CmsModule dependencies initialized +0ms
[Nest] 41876  - 09/11/2026, 4:54:20 PM     LOG [InstanceLoader] AdminModule dependencies initialized +0ms
[Nest] 41876  - 09/11/2026, 4:54:20 PM     LOG [InstanceLoader] CommerceModule dependencies initialized +0ms
[Nest] 41876  - 09/11/2026, 4:54:21 PM     LOG [RoutesResolver] AuthController {/api/auth}: +32ms
[Nest] 41876  - 09/11/2026, 4:54:21 PM     LOG [RouterExplorer] Mapped {/api/auth/login, POST} route +2ms
[Nest] 41876  - 09/11/2026, 4:54:21 PM     LOG [RouterExplorer] Mapped {/api/auth/me, GET} route +1ms
[Nest] 41876  - 09/11/2026, 4:54:21 PM     LOG [RouterExplorer] Mapped {/api/auth/customer/email, POST} route +0ms
[Nest] 41876  - 09/11/2026, 4:54:21 PM     LOG [RouterExplorer] Mapped {/api/auth/customer/verify-registration, POST} route +0ms
[Nest] 41876  - 09/11/2026, 4:54:21 PM     LOG [RouterExplorer] Mapped {/api/auth/customer/register, POST} route +0ms
[Nest] 41876  - 09/11/2026, 4:54:21 PM     LOG [RouterExplorer] Mapped {/api/auth/customer/login, POST} route +0ms
[Nest] 41876  - 09/11/2026, 4:54:21 PM     LOG [RouterExplorer] Mapped {/api/auth/customer/password-reset/request, POST} route +1ms
[Nest] 41876  - 09/11/2026, 4:54:21 PM     LOG [RouterExplorer] Mapped {/api/auth/customer/password-reset/verify, POST} route +0ms
[Nest] 41876  - 09/11/2026, 4:54:21 PM     LOG [RouterExplorer] Mapped {/api/auth/customer/password-reset/complete, POST} route +0ms
[Nest] 41876  - 09/11/2026, 4:54:21 PM     LOG [RouterExplorer] Mapped {/api/auth/customer/me, GET} route +0ms
[Nest] 41876  - 09/11/2026, 4:54:21 PM     LOG [RouterExplorer] Mapped {/api/auth/customer/me, PATCH} route +1ms
[Nest] 41876  - 09/11/2026, 4:54:21 PM     LOG [RoutesResolver] CatalogController {/api/catalog}: +0ms
[Nest] 41876  - 09/11/2026, 4:54:21 PM     LOG [RouterExplorer] Mapped {/api/catalog/products, GET} route +0ms
[Nest] 41876  - 09/11/2026, 4:54:21 PM     LOG [RouterExplorer] Mapped {/api/catalog/products/listing, GET} route +0ms
[Nest] 41876  - 09/11/2026, 4:54:21 PM     LOG [RouterExplorer] Mapped {/api/catalog/products/random, GET} route +0ms
[Nest] 41876  - 09/11/2026, 4:54:21 PM     LOG [RouterExplorer] Mapped {/api/catalog/products/:slug, GET} route +0ms
[Nest] 41876  - 09/11/2026, 4:54:21 PM     LOG [RouterExplorer] Mapped {/api/catalog/categories, GET} route +1ms
[Nest] 41876  - 09/11/2026, 4:54:21 PM     LOG [RouterExplorer] Mapped {/api/catalog/collections, GET} route +0ms
[Nest] 41876  - 09/11/2026, 4:54:21 PM     LOG [RoutesResolver] AdminCatalogController {/api/admin/catalog}: +0ms
[Nest] 41876  - 09/11/2026, 4:54:21 PM     LOG [RouterExplorer] Mapped {/api/admin/catalog/products, GET} route +0ms
[Nest] 41876  - 09/11/2026, 4:54:21 PM     LOG [RouterExplorer] Mapped {/api/admin/catalog/products, POST} route +0ms
[Nest] 41876  - 09/11/2026, 4:54:21 PM     LOG [RouterExplorer] Mapped {/api/admin/catalog/products/:id, PATCH} route +0ms
[Nest] 41876  - 09/11/2026, 4:54:21 PM     LOG [RouterExplorer] Mapped {/api/admin/catalog/products/:id, DELETE} route +0ms
[Nest] 41876  - 09/11/2026, 4:54:21 PM     LOG [RouterExplorer] Mapped {/api/admin/catalog/products/:id/variants, GET} route +1ms
[Nest] 41876  - 09/11/2026, 4:54:21 PM     LOG [RouterExplorer] Mapped {/api/admin/catalog/products/:id/variants, POST} route +0ms
[Nest] 41876  - 09/11/2026, 4:54:21 PM     LOG [RouterExplorer] Mapped {/api/admin/catalog/variants/:id, PATCH} route +0ms
[Nest] 41876  - 09/11/2026, 4:54:21 PM     LOG [RouterExplorer] Mapped {/api/admin/catalog/variants/:id, DELETE} route +0ms
[Nest] 41876  - 09/11/2026, 4:54:21 PM     LOG [RouterExplorer] Mapped {/api/admin/catalog/transfers, GET} route +0ms
[Nest] 41876  - 09/11/2026, 4:54:21 PM     LOG [RouterExplorer] Mapped {/api/admin/catalog/transfers, POST} route +0ms
[Nest] 41876  - 09/11/2026, 4:54:21 PM     LOG [RouterExplorer] Mapped {/api/admin/catalog/transfers/return, POST} route +0ms
[Nest] 41876  - 09/11/2026, 4:54:21 PM     LOG [RouterExplorer] Mapped {/api/admin/catalog/categories, GET} route +0ms
[Nest] 41876  - 09/11/2026, 4:54:21 PM     LOG [RouterExplorer] Mapped {/api/admin/catalog/categories, POST} route +0ms
[Nest] 41876  - 09/11/2026, 4:54:21 PM     LOG [RouterExplorer] Mapped {/api/admin/catalog/categories/:id, PATCH} route +1ms
[Nest] 41876  - 09/11/2026, 4:54:21 PM     LOG [RouterExplorer] Mapped {/api/admin/catalog/categories/:id, DELETE} route +0ms
[Nest] 41876  - 09/11/2026, 4:54:21 PM     LOG [RouterExplorer] Mapped {/api/admin/catalog/collections, GET} route +0ms
[Nest] 41876  - 09/11/2026, 4:54:21 PM     LOG [RouterExplorer] Mapped {/api/admin/catalog/collections, POST} route +0ms
[Nest] 41876  - 09/11/2026, 4:54:21 PM     LOG [RouterExplorer] Mapped {/api/admin/catalog/collections/:id, PATCH} route +0ms
[Nest] 41876  - 09/11/2026, 4:54:21 PM     LOG [RouterExplorer] Mapped {/api/admin/catalog/collections/:id, DELETE} route +0ms
[Nest] 41876  - 09/11/2026, 4:54:21 PM     LOG [RoutesResolver] CheckoutController {/api/checkout}: +0ms
[Nest] 41876  - 09/11/2026, 4:54:21 PM     LOG [RouterExplorer] Mapped {/api/checkout/orders, POST} route +0ms
[Nest] 41876  - 09/11/2026, 4:54:21 PM     LOG [RoutesResolver] AdminCommerceController {/api/admin}: +0ms
[Nest] 41876  - 09/11/2026, 4:54:21 PM     LOG [RouterExplorer] Mapped {/api/admin/orders, GET} route +0ms
[Nest] 41876  - 09/11/2026, 4:54:21 PM     LOG [RouterExplorer] Mapped {/api/admin/orders/:id, PATCH} route +1ms
[Nest] 41876  - 09/11/2026, 4:54:21 PM     LOG [RouterExplorer] Mapped {/api/admin/customers, GET} route +0ms
[Nest] 41876  - 09/11/2026, 4:54:21 PM     LOG [RoutesResolver] CmsController {/api/content}: +0ms
[Nest] 41876  - 09/11/2026, 4:54:21 PM     LOG [RouterExplorer] Mapped {/api/content/banners, GET} route +0ms
[Nest] 41876  - 09/11/2026, 4:54:21 PM     LOG [RouterExplorer] Mapped {/api/content/posts, GET} route +0ms
[Nest] 41876  - 09/11/2026, 4:54:21 PM     LOG [RouterExplorer] Mapped {/api/content/lookbook, GET} route +0ms
[Nest] 41876  - 09/11/2026, 4:54:21 PM     LOG [RouterExplorer] Mapped {/api/content/custom-sections, GET} route +0ms
[Nest] 41876  - 09/11/2026, 4:54:21 PM     LOG [RouterExplorer] Mapped {/api/content/navigation, GET} route +0ms
[Nest] 41876  - 09/11/2026, 4:54:21 PM     LOG [RouterExplorer] Mapped {/api/content/records, GET} route +0ms
[Nest] 41876  - 09/11/2026, 4:54:21 PM     LOG [RouterExplorer] Mapped {/api/content/notifications, GET} route +0ms
[Nest] 41876  - 09/11/2026, 4:54:21 PM     LOG [RouterExplorer] Mapped {/api/content/notifications/:id/click, POST} route +0ms
[Nest] 41876  - 09/11/2026, 4:54:21 PM     LOG [RouterExplorer] Mapped {/api/content/pages/:slug, GET} route +0ms
[Nest] 41876  - 09/11/2026, 4:54:21 PM     LOG [RoutesResolver] AdminCmsController {/api/admin/content}: +1ms
[Nest] 41876  - 09/11/2026, 4:54:21 PM     LOG [RouterExplorer] Mapped {/api/admin/content/banners, GET} route +0ms
[Nest] 41876  - 09/11/2026, 4:54:21 PM     LOG [RouterExplorer] Mapped {/api/admin/content/banners, POST} route +0ms
[Nest] 41876  - 09/11/2026, 4:54:21 PM     LOG [RouterExplorer] Mapped {/api/admin/content/banners/upload, POST} route +0ms
[Nest] 41876  - 09/11/2026, 4:54:21 PM     LOG [RouterExplorer] Mapped {/api/admin/content/banners/:id, PATCH} route +0ms
[Nest] 41876  - 09/11/2026, 4:54:21 PM     LOG [RouterExplorer] Mapped {/api/admin/content/banners/:id, DELETE} route +0ms
[Nest] 41876  - 09/11/2026, 4:54:21 PM     LOG [RouterExplorer] Mapped {/api/admin/content/posts, GET} route +0ms
[Nest] 41876  - 09/11/2026, 4:54:21 PM     LOG [RouterExplorer] Mapped {/api/admin/content/posts/upload, POST} route +1ms
[Nest] 41876  - 09/11/2026, 4:54:21 PM     LOG [RouterExplorer] Mapped {/api/admin/content/posts, POST} route +0ms
[Nest] 41876  - 09/11/2026, 4:54:21 PM     LOG [RouterExplorer] Mapped {/api/admin/content/posts/:id, PATCH} route +0ms
[Nest] 41876  - 09/11/2026, 4:54:21 PM     LOG [RouterExplorer] Mapped {/api/admin/content/posts/:id, DELETE} route +0ms
[Nest] 41876  - 09/11/2026, 4:54:21 PM     LOG [RouterExplorer] Mapped {/api/admin/content/lookbook, GET} route +0ms
[Nest] 41876  - 09/11/2026, 4:54:21 PM     LOG [RouterExplorer] Mapped {/api/admin/content/lookbook/upload, POST} route +0ms
[Nest] 41876  - 09/11/2026, 4:54:21 PM     LOG [RouterExplorer] Mapped {/api/admin/content/lookbook, POST} route +0ms
[Nest] 41876  - 09/11/2026, 4:54:21 PM     LOG [RouterExplorer] Mapped {/api/admin/content/lookbook/:id, PATCH} route +0ms
[Nest] 41876  - 09/11/2026, 4:54:21 PM     LOG [RouterExplorer] Mapped {/api/admin/content/lookbook/:id, DELETE} route +0ms
[Nest] 41876  - 09/11/2026, 4:54:21 PM     LOG [RouterExplorer] Mapped {/api/admin/content/records, GET} route +1ms
[Nest] 41876  - 09/11/2026, 4:54:21 PM     LOG [RouterExplorer] Mapped {/api/admin/content/records, POST} route +0ms
[Nest] 41876  - 09/11/2026, 4:54:21 PM     LOG [RouterExplorer] Mapped {/api/admin/content/records/:id, PATCH} route +0ms
[Nest] 41876  - 09/11/2026, 4:54:21 PM     LOG [RouterExplorer] Mapped {/api/admin/content/records/:id, DELETE} route +0ms
[Nest] 41876  - 09/11/2026, 4:54:21 PM     LOG [RouterExplorer] Mapped {/api/admin/content/records/upload, POST} route +0ms
[Nest] 41876  - 09/11/2026, 4:54:21 PM     LOG [RouterExplorer] Mapped {/api/admin/content/pages, GET} route +0ms
[Nest] 41876  - 09/11/2026, 4:54:21 PM     LOG [RouterExplorer] Mapped {/api/admin/content/pages, POST} route +0ms
[Nest] 41876  - 09/11/2026, 4:54:21 PM     LOG [RouterExplorer] Mapped {/api/admin/content/pages/:id, PATCH} route +0ms
[Nest] 41876  - 09/11/2026, 4:54:21 PM     LOG [RouterExplorer] Mapped {/api/admin/content/pages/:id/sections, GET} route +1ms
[Nest] 41876  - 09/11/2026, 4:54:21 PM     LOG [RouterExplorer] Mapped {/api/admin/content/pages/:id/sections, POST} route +0ms
[Nest] 41876  - 09/11/2026, 4:54:21 PM     LOG [RouterExplorer] Mapped {/api/admin/content/sections/:id, PATCH} route +0ms
[Nest] 41876  - 09/11/2026, 4:54:21 PM     LOG [RouterExplorer] Mapped {/api/admin/content/sections/:id, DELETE} route +0ms
[Nest] 41876  - 09/11/2026, 4:54:21 PM     LOG [RouterExplorer] Mapped {/api/admin/content/settings, GET} route +0ms
[Nest] 41876  - 09/11/2026, 4:54:21 PM     LOG [RouterExplorer] Mapped {/api/admin/content/settings/:key, PUT} route +0ms
[Nest] 41876  - 09/11/2026, 4:54:21 PM     LOG [RoutesResolver] AdminController {/api/admin}: +0ms
[Nest] 41876  - 09/11/2026, 4:54:21 PM     LOG [RouterExplorer] Mapped {/api/admin/dashboard, GET} route +0ms
[Nest] 41876  - 09/11/2026, 4:54:21 PM     LOG [RouterExplorer] Mapped {/api/admin/audit-logs, GET} route +0ms
[Nest] 41876  - 09/11/2026, 4:54:21 PM     LOG [RouterExplorer] Mapped {/api/admin/users, GET} route +0ms
[Nest] 41876  - 09/11/2026, 4:54:21 PM     LOG [RouterExplorer] Mapped {/api/admin/users, POST} route +1ms
[Nest] 41876  - 09/11/2026, 4:54:21 PM     LOG [RouterExplorer] Mapped {/api/admin/users/:id, PATCH} route +0ms
[Nest] 41876  - 09/11/2026, 4:54:21 PM     LOG [NestApplication] Nest application successfully started +8ms
[2J[3J[H[[90m4:54:21 PM[0m] File change detected. Starting incremental compilation...

[[90m4:54:21 PM[0m] Found 0 errors. Watching for file changes.

[Nest] 40900  - 09/11/2026, 4:54:24 PM     LOG [NestFactory] Starting Nest application...
[Nest] 40900  - 09/11/2026, 4:54:24 PM     LOG [InstanceLoader] AppModule dependencies initialized +13ms
[Nest] 40900  - 09/11/2026, 4:54:24 PM     LOG [InstanceLoader] TypeOrmModule dependencies initialized +0ms
[Nest] 40900  - 09/11/2026, 4:54:24 PM     LOG [InstanceLoader] PassportModule dependencies initialized +0ms
[Nest] 40900  - 09/11/2026, 4:54:24 PM     LOG [InstanceLoader] ConfigHostModule dependencies initialized +0ms
[Nest] 40900  - 09/11/2026, 4:54:24 PM     LOG [InstanceLoader] ConfigModule dependencies initialized +1ms
[Nest] 40900  - 09/11/2026, 4:54:24 PM     LOG [InstanceLoader] ConfigModule dependencies initialized +0ms
[Nest] 40900  - 09/11/2026, 4:54:24 PM     LOG [InstanceLoader] JwtModule dependencies initialized +44ms
[Nest] 40900  - 09/11/2026, 4:54:24 PM     LOG [InstanceLoader] TypeOrmCoreModule dependencies initialized +248ms
[Nest] 40900  - 09/11/2026, 4:54:24 PM     LOG [InstanceLoader] TypeOrmModule dependencies initialized +0ms
[Nest] 40900  - 09/11/2026, 4:54:24 PM     LOG [InstanceLoader] TypeOrmModule dependencies initialized +0ms
[Nest] 40900  - 09/11/2026, 4:54:24 PM     LOG [InstanceLoader] TypeOrmModule dependencies initialized +0ms
[Nest] 40900  - 09/11/2026, 4:54:24 PM     LOG [InstanceLoader] TypeOrmModule dependencies initialized +0ms
[Nest] 40900  - 09/11/2026, 4:54:24 PM     LOG [InstanceLoader] TypeOrmModule dependencies initialized +0ms
[Nest] 40900  - 09/11/2026, 4:54:24 PM     LOG [InstanceLoader] AuthModule dependencies initialized +2ms
[Nest] 40900  - 09/11/2026, 4:54:24 PM     LOG [InstanceLoader] CatalogModule dependencies initialized +0ms
[Nest] 40900  - 09/11/2026, 4:54:24 PM     LOG [InstanceLoader] CmsModule dependencies initialized +0ms
[Nest] 40900  - 09/11/2026, 4:54:24 PM     LOG [InstanceLoader] AdminModule dependencies initialized +0ms
[Nest] 40900  - 09/11/2026, 4:54:24 PM     LOG [InstanceLoader] CommerceModule dependencies initialized +0ms
[Nest] 40900  - 09/11/2026, 4:54:24 PM     LOG [RoutesResolver] AuthController {/api/auth}: +30ms
[Nest] 40900  - 09/11/2026, 4:54:24 PM     LOG [RouterExplorer] Mapped {/api/auth/login, POST} route +3ms
[Nest] 40900  - 09/11/2026, 4:54:24 PM     LOG [RouterExplorer] Mapped {/api/auth/me, GET} route +0ms
[Nest] 40900  - 09/11/2026, 4:54:24 PM     LOG [RouterExplorer] Mapped {/api/auth/customer/email, POST} route +0ms
[Nest] 40900  - 09/11/2026, 4:54:24 PM     LOG [RouterExplorer] Mapped {/api/auth/customer/verify-registration, POST} route +1ms
[Nest] 40900  - 09/11/2026, 4:54:24 PM     LOG [RouterExplorer] Mapped {/api/auth/customer/register, POST} route +0ms
[Nest] 40900  - 09/11/2026, 4:54:24 PM     LOG [RouterExplorer] Mapped {/api/auth/customer/login, POST} route +0ms
[Nest] 40900  - 09/11/2026, 4:54:24 PM     LOG [RouterExplorer] Mapped {/api/auth/customer/password-reset/request, POST} route +0ms
[Nest] 40900  - 09/11/2026, 4:54:24 PM     LOG [RouterExplorer] Mapped {/api/auth/customer/password-reset/verify, POST} route +0ms
[Nest] 40900  - 09/11/2026, 4:54:24 PM     LOG [RouterExplorer] Mapped {/api/auth/customer/password-reset/complete, POST} route +0ms
[Nest] 40900  - 09/11/2026, 4:54:24 PM     LOG [RouterExplorer] Mapped {/api/auth/customer/me, GET} route +1ms
[Nest] 40900  - 09/11/2026, 4:54:24 PM     LOG [RouterExplorer] Mapped {/api/auth/customer/me, PATCH} route +0ms
[Nest] 40900  - 09/11/2026, 4:54:24 PM     LOG [RoutesResolver] CatalogController {/api/catalog}: +0ms
[Nest] 40900  - 09/11/2026, 4:54:24 PM     LOG [RouterExplorer] Mapped {/api/catalog/products, GET} route +0ms
[Nest] 40900  - 09/11/2026, 4:54:24 PM     LOG [RouterExplorer] Mapped {/api/catalog/products/listing, GET} route +0ms
[Nest] 40900  - 09/11/2026, 4:54:24 PM     LOG [RouterExplorer] Mapped {/api/catalog/products/random, GET} route +0ms
[Nest] 40900  - 09/11/2026, 4:54:24 PM     LOG [RouterExplorer] Mapped {/api/catalog/products/:slug, GET} route +1ms
[Nest] 40900  - 09/11/2026, 4:54:24 PM     LOG [RouterExplorer] Mapped {/api/catalog/categories, GET} route +0ms
[Nest] 40900  - 09/11/2026, 4:54:24 PM     LOG [RouterExplorer] Mapped {/api/catalog/collections, GET} route +0ms
[Nest] 40900  - 09/11/2026, 4:54:24 PM     LOG [RoutesResolver] AdminCatalogController {/api/admin/catalog}: +0ms
[Nest] 40900  - 09/11/2026, 4:54:24 PM     LOG [RouterExplorer] Mapped {/api/admin/catalog/products, GET} route +0ms
[Nest] 40900  - 09/11/2026, 4:54:24 PM     LOG [RouterExplorer] Mapped {/api/admin/catalog/products, POST} route +0ms
[Nest] 40900  - 09/11/2026, 4:54:24 PM     LOG [RouterExplorer] Mapped {/api/admin/catalog/products/:id, PATCH} route +0ms
[Nest] 40900  - 09/11/2026, 4:54:24 PM     LOG [RouterExplorer] Mapped {/api/admin/catalog/products/:id, DELETE} route +0ms
[Nest] 40900  - 09/11/2026, 4:54:24 PM     LOG [RouterExplorer] Mapped {/api/admin/catalog/products/:id/variants, GET} route +1ms
[Nest] 40900  - 09/11/2026, 4:54:24 PM     LOG [RouterExplorer] Mapped {/api/admin/catalog/products/:id/variants, POST} route +0ms
[Nest] 40900  - 09/11/2026, 4:54:24 PM     LOG [RouterExplorer] Mapped {/api/admin/catalog/variants/:id, PATCH} route +0ms
[Nest] 40900  - 09/11/2026, 4:54:24 PM     LOG [RouterExplorer] Mapped {/api/admin/catalog/variants/:id, DELETE} route +0ms
[Nest] 40900  - 09/11/2026, 4:54:24 PM     LOG [RouterExplorer] Mapped {/api/admin/catalog/transfers, GET} route +0ms
[Nest] 40900  - 09/11/2026, 4:54:24 PM     LOG [RouterExplorer] Mapped {/api/admin/catalog/transfers, POST} route +0ms
[Nest] 40900  - 09/11/2026, 4:54:24 PM     LOG [RouterExplorer] Mapped {/api/admin/catalog/transfers/return, POST} route +0ms
[Nest] 40900  - 09/11/2026, 4:54:24 PM     LOG [RouterExplorer] Mapped {/api/admin/catalog/categories, GET} route +0ms
[Nest] 40900  - 09/11/2026, 4:54:24 PM     LOG [RouterExplorer] Mapped {/api/admin/catalog/categories, POST} route +1ms
[Nest] 40900  - 09/11/2026, 4:54:24 PM     LOG [RouterExplorer] Mapped {/api/admin/catalog/categories/:id, PATCH} route +0ms
[Nest] 40900  - 09/11/2026, 4:54:24 PM     LOG [RouterExplorer] Mapped {/api/admin/catalog/categories/:id, DELETE} route +0ms
[Nest] 40900  - 09/11/2026, 4:54:24 PM     LOG [RouterExplorer] Mapped {/api/admin/catalog/collections, GET} route +0ms
[Nest] 40900  - 09/11/2026, 4:54:24 PM     LOG [RouterExplorer] Mapped {/api/admin/catalog/collections, POST} route +0ms
[Nest] 40900  - 09/11/2026, 4:54:24 PM     LOG [RouterExplorer] Mapped {/api/admin/catalog/collections/:id, PATCH} route +0ms
[Nest] 40900  - 09/11/2026, 4:54:24 PM     LOG [RouterExplorer] Mapped {/api/admin/catalog/collections/:id, DELETE} route +0ms
[Nest] 40900  - 09/11/2026, 4:54:24 PM     LOG [RoutesResolver] CheckoutController {/api/checkout}: +0ms
[Nest] 40900  - 09/11/2026, 4:54:24 PM     LOG [RouterExplorer] Mapped {/api/checkout/orders, POST} route +0ms
[Nest] 40900  - 09/11/2026, 4:54:24 PM     LOG [RoutesResolver] AdminCommerceController {/api/admin}: +0ms
[Nest] 40900  - 09/11/2026, 4:54:24 PM     LOG [RouterExplorer] Mapped {/api/admin/orders, GET} route +1ms
[Nest] 40900  - 09/11/2026, 4:54:24 PM     LOG [RouterExplorer] Mapped {/api/admin/orders/:id, PATCH} route +0ms
[Nest] 40900  - 09/11/2026, 4:54:24 PM     LOG [RouterExplorer] Mapped {/api/admin/customers, GET} route +0ms
[Nest] 40900  - 09/11/2026, 4:54:24 PM     LOG [RoutesResolver] CmsController {/api/content}: +0ms
[Nest] 40900  - 09/11/2026, 4:54:24 PM     LOG [RouterExplorer] Mapped {/api/content/banners, GET} route +0ms
[Nest] 40900  - 09/11/2026, 4:54:24 PM     LOG [RouterExplorer] Mapped {/api/content/posts, GET} route +0ms
[Nest] 40900  - 09/11/2026, 4:54:24 PM     LOG [RouterExplorer] Mapped {/api/content/lookbook, GET} route +0ms
[Nest] 40900  - 09/11/2026, 4:54:24 PM     LOG [RouterExplorer] Mapped {/api/content/custom-sections, GET} route +0ms
[Nest] 40900  - 09/11/2026, 4:54:24 PM     LOG [RouterExplorer] Mapped {/api/content/navigation, GET} route +0ms
[Nest] 40900  - 09/11/2026, 4:54:24 PM     LOG [RouterExplorer] Mapped {/api/content/records, GET} route +0ms
[Nest] 40900  - 09/11/2026, 4:54:24 PM     LOG [RouterExplorer] Mapped {/api/content/notifications, GET} route +0ms
[Nest] 40900  - 09/11/2026, 4:54:24 PM     LOG [RouterExplorer] Mapped {/api/content/notifications/:id/click, POST} route +1ms
[Nest] 40900  - 09/11/2026, 4:54:24 PM     LOG [RouterExplorer] Mapped {/api/content/pages/:slug, GET} route +0ms
[Nest] 40900  - 09/11/2026, 4:54:24 PM     LOG [RoutesResolver] AdminCmsController {/api/admin/content}: +0ms
[Nest] 40900  - 09/11/2026, 4:54:24 PM     LOG [RouterExplorer] Mapped {/api/admin/content/banners, GET} route +0ms
[Nest] 40900  - 09/11/2026, 4:54:24 PM     LOG [RouterExplorer] Mapped {/api/admin/content/banners, POST} route +0ms
[Nest] 40900  - 09/11/2026, 4:54:24 PM     LOG [RouterExplorer] Mapped {/api/admin/content/banners/upload, POST} route +0ms
[Nest] 40900  - 09/11/2026, 4:54:24 PM     LOG [RouterExplorer] Mapped {/api/admin/content/banners/:id, PATCH} route +0ms
[Nest] 40900  - 09/11/2026, 4:54:24 PM     LOG [RouterExplorer] Mapped {/api/admin/content/banners/:id, DELETE} route +0ms
[Nest] 40900  - 09/11/2026, 4:54:24 PM     LOG [RouterExplorer] Mapped {/api/admin/content/posts, GET} route +0ms
[Nest] 40900  - 09/11/2026, 4:54:24 PM     LOG [RouterExplorer] Mapped {/api/admin/content/posts/upload, POST} route +0ms
[Nest] 40900  - 09/11/2026, 4:54:24 PM     LOG [RouterExplorer] Mapped {/api/admin/content/posts, POST} route +1ms
[Nest] 40900  - 09/11/2026, 4:54:24 PM     LOG [RouterExplorer] Mapped {/api/admin/content/posts/:id, PATCH} route +0ms
[Nest] 40900  - 09/11/2026, 4:54:24 PM     LOG [RouterExplorer] Mapped {/api/admin/content/posts/:id, DELETE} route +0ms
[Nest] 40900  - 09/11/2026, 4:54:24 PM     LOG [RouterExplorer] Mapped {/api/admin/content/lookbook, GET} route +0ms
[Nest] 40900  - 09/11/2026, 4:54:24 PM     LOG [RouterExplorer] Mapped {/api/admin/content/lookbook/upload, POST} route +0ms
[Nest] 40900  - 09/11/2026, 4:54:24 PM     LOG [RouterExplorer] Mapped {/api/admin/content/lookbook, POST} route +0ms
[Nest] 40900  - 09/11/2026, 4:54:24 PM     LOG [RouterExplorer] Mapped {/api/admin/content/lookbook/:id, PATCH} route +0ms
[Nest] 40900  - 09/11/2026, 4:54:24 PM     LOG [RouterExplorer] Mapped {/api/admin/content/lookbook/:id, DELETE} route +0ms
[Nest] 40900  - 09/11/2026, 4:54:24 PM     LOG [RouterExplorer] Mapped {/api/admin/content/records, GET} route +0ms
[Nest] 40900  - 09/11/2026, 4:54:24 PM     LOG [RouterExplorer] Mapped {/api/admin/content/records, POST} route +1ms
[Nest] 40900  - 09/11/2026, 4:54:24 PM     LOG [RouterExplorer] Mapped {/api/admin/content/records/:id, PATCH} route +0ms
[Nest] 40900  - 09/11/2026, 4:54:24 PM     LOG [RouterExplorer] Mapped {/api/admin/content/records/:id, DELETE} route +0ms
[Nest] 40900  - 09/11/2026, 4:54:24 PM     LOG [RouterExplorer] Mapped {/api/admin/content/records/upload, POST} route +0ms
[Nest] 40900  - 09/11/2026, 4:54:24 PM     LOG [RouterExplorer] Mapped {/api/admin/content/pages, GET} route +0ms
[Nest] 40900  - 09/11/2026, 4:54:24 PM     LOG [RouterExplorer] Mapped {/api/admin/content/pages, POST} route +0ms
[Nest] 40900  - 09/11/2026, 4:54:24 PM     LOG [RouterExplorer] Mapped {/api/admin/content/pages/:id, PATCH} route +0ms
[Nest] 40900  - 09/11/2026, 4:54:24 PM     LOG [RouterExplorer] Mapped {/api/admin/content/pages/:id/sections, GET} route +0ms
[Nest] 40900  - 09/11/2026, 4:54:24 PM     LOG [RouterExplorer] Mapped {/api/admin/content/pages/:id/sections, POST} route +0ms
[Nest] 40900  - 09/11/2026, 4:54:24 PM     LOG [RouterExplorer] Mapped {/api/admin/content/sections/:id, PATCH} route +0ms
[Nest] 40900  - 09/11/2026, 4:54:24 PM     LOG [RouterExplorer] Mapped {/api/admin/content/sections/:id, DELETE} route +1ms
[Nest] 40900  - 09/11/2026, 4:54:24 PM     LOG [RouterExplorer] Mapped {/api/admin/content/settings, GET} route +0ms
[Nest] 40900  - 09/11/2026, 4:54:24 PM     LOG [RouterExplorer] Mapped {/api/admin/content/settings/:key, PUT} route +0ms
[Nest] 40900  - 09/11/2026, 4:54:24 PM     LOG [RoutesResolver] AdminController {/api/admin}: +0ms
[Nest] 40900  - 09/11/2026, 4:54:24 PM     LOG [RouterExplorer] Mapped {/api/admin/dashboard, GET} route +0ms
[Nest] 40900  - 09/11/2026, 4:54:24 PM     LOG [RouterExplorer] Mapped {/api/admin/audit-logs, GET} route +0ms
[Nest] 40900  - 09/11/2026, 4:54:24 PM     LOG [RouterExplorer] Mapped {/api/admin/users, GET} route +0ms
[Nest] 40900  - 09/11/2026, 4:54:24 PM     LOG [RouterExplorer] Mapped {/api/admin/users, POST} route +0ms
[Nest] 40900  - 09/11/2026, 4:54:24 PM     LOG [RouterExplorer] Mapped {/api/admin/users/:id, PATCH} route +0ms
[Nest] 40900  - 09/11/2026, 4:54:24 PM     LOG [NestApplication] Nest application successfully started +8ms
[2J[3J[H[[90m5:54:35 PM[0m] File change detected. Starting incremental compilation...

[[90m5:54:37 PM[0m] Found 0 errors. Watching for file changes.

[2J[3J[H[[90m5:54:38 PM[0m] File change detected. Starting incremental compilation...

[[90m5:54:39 PM[0m] Found 0 errors. Watching for file changes.

[2J[3J[H[[90m5:54:40 PM[0m] File change detected. Starting incremental compilation...

[[90m5:54:41 PM[0m] Found 0 errors. Watching for file changes.

[2J[3J[H[[90m5:54:41 PM[0m] File change detected. Starting incremental compilation...

[[90m5:54:42 PM[0m] Found 0 errors. Watching for file changes.

[2J[3J[H[[90m5:54:44 PM[0m] File change detected. Starting incremental compilation...

[[90m5:54:44 PM[0m] Found 0 errors. Watching for file changes.

[2J[3J[H[[90m5:54:45 PM[0m] File change detected. Starting incremental compilation...

[[90m5:54:46 PM[0m] Found 0 errors. Watching for file changes.

[Nest] 33256  - 09/11/2026, 5:54:49 PM     LOG [NestFactory] Starting Nest application...
[Nest] 33256  - 09/11/2026, 5:54:49 PM     LOG [InstanceLoader] AppModule dependencies initialized +15ms
[Nest] 33256  - 09/11/2026, 5:54:49 PM     LOG [InstanceLoader] TypeOrmModule dependencies initialized +0ms
[Nest] 33256  - 09/11/2026, 5:54:49 PM     LOG [InstanceLoader] PassportModule dependencies initialized +0ms
[Nest] 33256  - 09/11/2026, 5:54:49 PM     LOG [InstanceLoader] ConfigHostModule dependencies initialized +0ms
[Nest] 33256  - 09/11/2026, 5:54:49 PM     LOG [InstanceLoader] ConfigModule dependencies initialized +1ms
[Nest] 33256  - 09/11/2026, 5:54:49 PM     LOG [InstanceLoader] ConfigModule dependencies initialized +0ms
[Nest] 33256  - 09/11/2026, 5:54:49 PM     LOG [InstanceLoader] JwtModule dependencies initialized +83ms
[Nest] 33256  - 09/11/2026, 5:54:49 PM     LOG [InstanceLoader] TypeOrmCoreModule dependencies initialized +175ms
[Nest] 33256  - 09/11/2026, 5:54:49 PM     LOG [InstanceLoader] TypeOrmModule dependencies initialized +0ms
[Nest] 33256  - 09/11/2026, 5:54:49 PM     LOG [InstanceLoader] TypeOrmModule dependencies initialized +0ms
[Nest] 33256  - 09/11/2026, 5:54:49 PM     LOG [InstanceLoader] TypeOrmModule dependencies initialized +0ms
[Nest] 33256  - 09/11/2026, 5:54:49 PM     LOG [InstanceLoader] TypeOrmModule dependencies initialized +0ms
[Nest] 33256  - 09/11/2026, 5:54:49 PM     LOG [InstanceLoader] TypeOrmModule dependencies initialized +0ms
[Nest] 33256  - 09/11/2026, 5:54:49 PM     LOG [InstanceLoader] AuthModule dependencies initialized +2ms
[Nest] 33256  - 09/11/2026, 5:54:49 PM     LOG [InstanceLoader] CatalogModule dependencies initialized +0ms
[Nest] 33256  - 09/11/2026, 5:54:49 PM     LOG [InstanceLoader] CmsModule dependencies initialized +0ms
[Nest] 33256  - 09/11/2026, 5:54:49 PM     LOG [InstanceLoader] AdminModule dependencies initialized +0ms
[Nest] 33256  - 09/11/2026, 5:54:49 PM     LOG [InstanceLoader] CommerceModule dependencies initialized +0ms
[Nest] 33256  - 09/11/2026, 5:54:49 PM     LOG [RoutesResolver] AuthController {/api/auth}: +29ms
[Nest] 33256  - 09/11/2026, 5:54:49 PM     LOG [RouterExplorer] Mapped {/api/auth/login, POST} route +2ms
[Nest] 33256  - 09/11/2026, 5:54:49 PM     LOG [RouterExplorer] Mapped {/api/auth/me, GET} route +1ms
[Nest] 33256  - 09/11/2026, 5:54:49 PM     LOG [RouterExplorer] Mapped {/api/auth/customer/email, POST} route +0ms
[Nest] 33256  - 09/11/2026, 5:54:49 PM     LOG [RouterExplorer] Mapped {/api/auth/customer/verify-registration, POST} route +0ms
[Nest] 33256  - 09/11/2026, 5:54:49 PM     LOG [RouterExplorer] Mapped {/api/auth/customer/register, POST} route +0ms
[Nest] 33256  - 09/11/2026, 5:54:49 PM     LOG [RouterExplorer] Mapped {/api/auth/customer/login, POST} route +0ms
[Nest] 33256  - 09/11/2026, 5:54:49 PM     LOG [RouterExplorer] Mapped {/api/auth/customer/password-reset/request, POST} route +1ms
[Nest] 33256  - 09/11/2026, 5:54:49 PM     LOG [RouterExplorer] Mapped {/api/auth/customer/password-reset/verify, POST} route +0ms
[Nest] 33256  - 09/11/2026, 5:54:49 PM     LOG [RouterExplorer] Mapped {/api/auth/customer/password-reset/complete, POST} route +0ms
[Nest] 33256  - 09/11/2026, 5:54:49 PM     LOG [RouterExplorer] Mapped {/api/auth/customer/me, GET} route +0ms
[Nest] 33256  - 09/11/2026, 5:54:49 PM     LOG [RouterExplorer] Mapped {/api/auth/customer/me, PATCH} route +0ms
[Nest] 33256  - 09/11/2026, 5:54:49 PM     LOG [RoutesResolver] CatalogController {/api/catalog}: +0ms
[Nest] 33256  - 09/11/2026, 5:54:49 PM     LOG [RouterExplorer] Mapped {/api/catalog/products, GET} route +0ms
[Nest] 33256  - 09/11/2026, 5:54:49 PM     LOG [RouterExplorer] Mapped {/api/catalog/products/listing, GET} route +1ms
[Nest] 33256  - 09/11/2026, 5:54:49 PM     LOG [RouterExplorer] Mapped {/api/catalog/products/random, GET} route +0ms
[Nest] 33256  - 09/11/2026, 5:54:49 PM     LOG [RouterExplorer] Mapped {/api/catalog/products/:slug, GET} route +0ms
[Nest] 33256  - 09/11/2026, 5:54:49 PM     LOG [RouterExplorer] Mapped {/api/catalog/categories, GET} route +0ms
[Nest] 33256  - 09/11/2026, 5:54:49 PM     LOG [RouterExplorer] Mapped {/api/catalog/collections, GET} route +0ms
[Nest] 33256  - 09/11/2026, 5:54:49 PM     LOG [RoutesResolver] AdminCatalogController {/api/admin/catalog}: +0ms
[Nest] 33256  - 09/11/2026, 5:54:49 PM     LOG [RouterExplorer] Mapped {/api/admin/catalog/products, GET} route +0ms
[Nest] 33256  - 09/11/2026, 5:54:49 PM     LOG [RouterExplorer] Mapped {/api/admin/catalog/products, POST} route +0ms
[Nest] 33256  - 09/11/2026, 5:54:49 PM     LOG [RouterExplorer] Mapped {/api/admin/catalog/products/:id, PATCH} route +1ms
[Nest] 33256  - 09/11/2026, 5:54:49 PM     LOG [RouterExplorer] Mapped {/api/admin/catalog/products/:id, DELETE} route +0ms
[Nest] 33256  - 09/11/2026, 5:54:49 PM     LOG [RouterExplorer] Mapped {/api/admin/catalog/products/:id/variants, GET} route +0ms
[Nest] 33256  - 09/11/2026, 5:54:49 PM     LOG [RouterExplorer] Mapped {/api/admin/catalog/products/:id/variants, POST} route +0ms
[Nest] 33256  - 09/11/2026, 5:54:49 PM     LOG [RouterExplorer] Mapped {/api/admin/catalog/variants/:id, PATCH} route +0ms
[Nest] 33256  - 09/11/2026, 5:54:49 PM     LOG [RouterExplorer] Mapped {/api/admin/catalog/variants/:id, DELETE} route +0ms
[Nest] 33256  - 09/11/2026, 5:54:49 PM     LOG [RouterExplorer] Mapped {/api/admin/catalog/transfers, GET} route +0ms
[Nest] 33256  - 09/11/2026, 5:54:49 PM     LOG [RouterExplorer] Mapped {/api/admin/catalog/transfers, POST} route +0ms
[Nest] 33256  - 09/11/2026, 5:54:49 PM     LOG [RouterExplorer] Mapped {/api/admin/catalog/transfers/return, POST} route +1ms
[Nest] 33256  - 09/11/2026, 5:54:49 PM     LOG [RouterExplorer] Mapped {/api/admin/catalog/categories, GET} route +0ms
[Nest] 33256  - 09/11/2026, 5:54:49 PM     LOG [RouterExplorer] Mapped {/api/admin/catalog/categories, POST} route +0ms
[Nest] 33256  - 09/11/2026, 5:54:49 PM     LOG [RouterExplorer] Mapped {/api/admin/catalog/categories/:id, PATCH} route +0ms
[Nest] 33256  - 09/11/2026, 5:54:49 PM     LOG [RouterExplorer] Mapped {/api/admin/catalog/categories/:id, DELETE} route +0ms
[Nest] 33256  - 09/11/2026, 5:54:49 PM     LOG [RouterExplorer] Mapped {/api/admin/catalog/collections, GET} route +0ms
[Nest] 33256  - 09/11/2026, 5:54:49 PM     LOG [RouterExplorer] Mapped {/api/admin/catalog/collections, POST} route +0ms
[Nest] 33256  - 09/11/2026, 5:54:49 PM     LOG [RouterExplorer] Mapped {/api/admin/catalog/collections/:id, PATCH} route +1ms
[Nest] 33256  - 09/11/2026, 5:54:49 PM     LOG [RouterExplorer] Mapped {/api/admin/catalog/collections/:id, DELETE} route +0ms
[Nest] 33256  - 09/11/2026, 5:54:49 PM     LOG [RoutesResolver] CheckoutController {/api/checkout}: +0ms
[Nest] 33256  - 09/11/2026, 5:54:49 PM     LOG [RouterExplorer] Mapped {/api/checkout/orders, POST} route +0ms
[Nest] 33256  - 09/11/2026, 5:54:49 PM     LOG [RoutesResolver] AdminCommerceController {/api/admin}: +0ms
[Nest] 33256  - 09/11/2026, 5:54:49 PM     LOG [RouterExplorer] Mapped {/api/admin/orders, GET} route +0ms
[Nest] 33256  - 09/11/2026, 5:54:49 PM     LOG [RouterExplorer] Mapped {/api/admin/orders/:id, PATCH} route +0ms
[Nest] 33256  - 09/11/2026, 5:54:49 PM     LOG [RouterExplorer] Mapped {/api/admin/customers, GET} route +0ms
[Nest] 33256  - 09/11/2026, 5:54:49 PM     LOG [RoutesResolver] CmsController {/api/content}: +0ms
[Nest] 33256  - 09/11/2026, 5:54:49 PM     LOG [RouterExplorer] Mapped {/api/content/banners, GET} route +1ms
[Nest] 33256  - 09/11/2026, 5:54:49 PM     LOG [RouterExplorer] Mapped {/api/content/posts, GET} route +0ms
[Nest] 33256  - 09/11/2026, 5:54:49 PM     LOG [RouterExplorer] Mapped {/api/content/lookbook, GET} route +0ms
[Nest] 33256  - 09/11/2026, 5:54:49 PM     LOG [RouterExplorer] Mapped {/api/content/custom-sections, GET} route +0ms
[Nest] 33256  - 09/11/2026, 5:54:49 PM     LOG [RouterExplorer] Mapped {/api/content/navigation, GET} route +0ms
[Nest] 33256  - 09/11/2026, 5:54:49 PM     LOG [RouterExplorer] Mapped {/api/content/records, GET} route +0ms
[Nest] 33256  - 09/11/2026, 5:54:49 PM     LOG [RouterExplorer] Mapped {/api/content/notifications, GET} route +0ms
[Nest] 33256  - 09/11/2026, 5:54:49 PM     LOG [RouterExplorer] Mapped {/api/content/notifications/:id/click, POST} route +0ms
[Nest] 33256  - 09/11/2026, 5:54:49 PM     LOG [RouterExplorer] Mapped {/api/content/pages/:slug, GET} route +0ms
[Nest] 33256  - 09/11/2026, 5:54:49 PM     LOG [RoutesResolver] AdminCmsController {/api/admin/content}: +0ms
[Nest] 33256  - 09/11/2026, 5:54:49 PM     LOG [RouterExplorer] Mapped {/api/admin/content/banners, GET} route +0ms
[Nest] 33256  - 09/11/2026, 5:54:49 PM     LOG [RouterExplorer] Mapped {/api/admin/content/banners, POST} route +1ms
[Nest] 33256  - 09/11/2026, 5:54:49 PM     LOG [RouterExplorer] Mapped {/api/admin/content/banners/upload, POST} route +0ms
[Nest] 33256  - 09/11/2026, 5:54:49 PM     LOG [RouterExplorer] Mapped {/api/admin/content/banners/:id, PATCH} route +0ms
[Nest] 33256  - 09/11/2026, 5:54:49 PM     LOG [RouterExplorer] Mapped {/api/admin/content/banners/:id, DELETE} route +0ms
[Nest] 33256  - 09/11/2026, 5:54:49 PM     LOG [RouterExplorer] Mapped {/api/admin/content/posts, GET} route +0ms
[Nest] 33256  - 09/11/2026, 5:54:49 PM     LOG [RouterExplorer] Mapped {/api/admin/content/posts/upload, POST} route +0ms
[Nest] 33256  - 09/11/2026, 5:54:49 PM     LOG [RouterExplorer] Mapped {/api/admin/content/posts, POST} route +0ms
[Nest] 33256  - 09/11/2026, 5:54:49 PM     LOG [RouterExplorer] Mapped {/api/admin/content/posts/:id, PATCH} route +0ms
[Nest] 33256  - 09/11/2026, 5:54:49 PM     LOG [RouterExplorer] Mapped {/api/admin/content/posts/:id, DELETE} route +0ms
[Nest] 33256  - 09/11/2026, 5:54:49 PM     LOG [RouterExplorer] Mapped {/api/admin/content/lookbook, GET} route +1ms
[Nest] 33256  - 09/11/2026, 5:54:49 PM     LOG [RouterExplorer] Mapped {/api/admin/content/lookbook/upload, POST} route +0ms
[Nest] 33256  - 09/11/2026, 5:54:49 PM     LOG [RouterExplorer] Mapped {/api/admin/content/lookbook, POST} route +0ms
[Nest] 33256  - 09/11/2026, 5:54:49 PM     LOG [RouterExplorer] Mapped {/api/admin/content/lookbook/:id, PATCH} route +0ms
[Nest] 33256  - 09/11/2026, 5:54:49 PM     LOG [RouterExplorer] Mapped {/api/admin/content/lookbook/:id, DELETE} route +0ms
[Nest] 33256  - 09/11/2026, 5:54:49 PM     LOG [RouterExplorer] Mapped {/api/admin/content/records, GET} route +0ms
[Nest] 33256  - 09/11/2026, 5:54:49 PM     LOG [RouterExplorer] Mapped {/api/admin/content/records, POST} route +0ms
[Nest] 33256  - 09/11/2026, 5:54:49 PM     LOG [RouterExplorer] Mapped {/api/admin/content/records/:id, PATCH} route +0ms
[Nest] 33256  - 09/11/2026, 5:54:49 PM     LOG [RouterExplorer] Mapped {/api/admin/content/records/:id, DELETE} route +0ms
[Nest] 33256  - 09/11/2026, 5:54:49 PM     LOG [RouterExplorer] Mapped {/api/admin/content/records/upload, POST} route +1ms
[Nest] 33256  - 09/11/2026, 5:54:49 PM     LOG [RouterExplorer] Mapped {/api/admin/content/pages, GET} route +0ms
[Nest] 33256  - 09/11/2026, 5:54:49 PM     LOG [RouterExplorer] Mapped {/api/admin/content/pages, POST} route +0ms
[Nest] 33256  - 09/11/2026, 5:54:49 PM     LOG [RouterExplorer] Mapped {/api/admin/content/pages/:id, PATCH} route +0ms
[Nest] 33256  - 09/11/2026, 5:54:49 PM     LOG [RouterExplorer] Mapped {/api/admin/content/pages/:id/sections, GET} route +0ms
[Nest] 33256  - 09/11/2026, 5:54:49 PM     LOG [RouterExplorer] Mapped {/api/admin/content/pages/:id/sections, POST} route +0ms
[Nest] 33256  - 09/11/2026, 5:54:49 PM     LOG [RouterExplorer] Mapped {/api/admin/content/sections/:id, PATCH} route +0ms
[Nest] 33256  - 09/11/2026, 5:54:49 PM     LOG [RouterExplorer] Mapped {/api/admin/content/sections/:id, DELETE} route +0ms
[Nest] 33256  - 09/11/2026, 5:54:49 PM     LOG [RouterExplorer] Mapped {/api/admin/content/settings, GET} route +0ms
[Nest] 33256  - 09/11/2026, 5:54:49 PM     LOG [RouterExplorer] Mapped {/api/admin/content/settings/:key, PUT} route +0ms
[Nest] 33256  - 09/11/2026, 5:54:49 PM     LOG [RoutesResolver] AdminController {/api/admin}: +1ms
[Nest] 33256  - 09/11/2026, 5:54:49 PM     LOG [RouterExplorer] Mapped {/api/admin/dashboard, GET} route +0ms
[Nest] 33256  - 09/11/2026, 5:54:49 PM     LOG [RouterExplorer] Mapped {/api/admin/audit-logs, GET} route +0ms
[Nest] 33256  - 09/11/2026, 5:54:49 PM     LOG [RouterExplorer] Mapped {/api/admin/users, GET} route +0ms
[Nest] 33256  - 09/11/2026, 5:54:49 PM     LOG [RouterExplorer] Mapped {/api/admin/users, POST} route +0ms
[Nest] 33256  - 09/11/2026, 5:54:49 PM     LOG [RouterExplorer] Mapped {/api/admin/users/:id, PATCH} route +0ms
[Nest] 33256  - 09/11/2026, 5:54:49 PM     LOG [NestApplication] Nest application successfully started +7ms
[2J[3J[H[[90m5:54:49 PM[0m] File change detected. Starting incremental compilation...

[[90m5:54:50 PM[0m] Found 0 errors. Watching for file changes.

[Nest] 44900  - 09/11/2026, 5:54:52 PM     LOG [NestFactory] Starting Nest application...
[Nest] 44900  - 09/11/2026, 5:54:52 PM     LOG [InstanceLoader] AppModule dependencies initialized +13ms
[Nest] 44900  - 09/11/2026, 5:54:52 PM     LOG [InstanceLoader] TypeOrmModule dependencies initialized +0ms
[Nest] 44900  - 09/11/2026, 5:54:52 PM     LOG [InstanceLoader] PassportModule dependencies initialized +0ms
[Nest] 44900  - 09/11/2026, 5:54:52 PM     LOG [InstanceLoader] ConfigHostModule dependencies initialized +0ms
[Nest] 44900  - 09/11/2026, 5:54:52 PM     LOG [InstanceLoader] ConfigModule dependencies initialized +1ms
[Nest] 44900  - 09/11/2026, 5:54:52 PM     LOG [InstanceLoader] ConfigModule dependencies initialized +0ms
[Nest] 44900  - 09/11/2026, 5:54:52 PM     LOG [InstanceLoader] JwtModule dependencies initialized +38ms
[Nest] 44900  - 09/11/2026, 5:54:52 PM     LOG [InstanceLoader] TypeOrmCoreModule dependencies initialized +140ms
[Nest] 44900  - 09/11/2026, 5:54:52 PM     LOG [InstanceLoader] TypeOrmModule dependencies initialized +0ms
[Nest] 44900  - 09/11/2026, 5:54:52 PM     LOG [InstanceLoader] TypeOrmModule dependencies initialized +0ms
[Nest] 44900  - 09/11/2026, 5:54:52 PM     LOG [InstanceLoader] TypeOrmModule dependencies initialized +0ms
[Nest] 44900  - 09/11/2026, 5:54:52 PM     LOG [InstanceLoader] TypeOrmModule dependencies initialized +0ms
[Nest] 44900  - 09/11/2026, 5:54:52 PM     LOG [InstanceLoader] TypeOrmModule dependencies initialized +0ms
[Nest] 44900  - 09/11/2026, 5:54:52 PM     LOG [InstanceLoader] AuthModule dependencies initialized +3ms
[Nest] 44900  - 09/11/2026, 5:54:52 PM     LOG [InstanceLoader] CatalogModule dependencies initialized +0ms
[Nest] 44900  - 09/11/2026, 5:54:52 PM     LOG [InstanceLoader] CmsModule dependencies initialized +0ms
[Nest] 44900  - 09/11/2026, 5:54:52 PM     LOG [InstanceLoader] AdminModule dependencies initialized +0ms
[Nest] 44900  - 09/11/2026, 5:54:52 PM     LOG [InstanceLoader] CommerceModule dependencies initialized +0ms
[Nest] 44900  - 09/11/2026, 5:54:52 PM     LOG [RoutesResolver] AuthController {/api/auth}: +27ms
[Nest] 44900  - 09/11/2026, 5:54:52 PM     LOG [RouterExplorer] Mapped {/api/auth/login, POST} route +2ms
[Nest] 44900  - 09/11/2026, 5:54:52 PM     LOG [RouterExplorer] Mapped {/api/auth/me, GET} route +0ms
[Nest] 44900  - 09/11/2026, 5:54:52 PM     LOG [RouterExplorer] Mapped {/api/auth/customer/email, POST} route +0ms
[Nest] 44900  - 09/11/2026, 5:54:52 PM     LOG [RouterExplorer] Mapped {/api/auth/customer/verify-registration, POST} route +0ms
[Nest] 44900  - 09/11/2026, 5:54:52 PM     LOG [RouterExplorer] Mapped {/api/auth/customer/register, POST} route +0ms
[Nest] 44900  - 09/11/2026, 5:54:52 PM     LOG [RouterExplorer] Mapped {/api/auth/customer/login, POST} route +1ms
[Nest] 44900  - 09/11/2026, 5:54:52 PM     LOG [RouterExplorer] Mapped {/api/auth/customer/password-reset/request, POST} route +0ms
[Nest] 44900  - 09/11/2026, 5:54:52 PM     LOG [RouterExplorer] Mapped {/api/auth/customer/password-reset/verify, POST} route +0ms
[Nest] 44900  - 09/11/2026, 5:54:52 PM     LOG [RouterExplorer] Mapped {/api/auth/customer/password-reset/complete, POST} route +0ms
[Nest] 44900  - 09/11/2026, 5:54:52 PM     LOG [RouterExplorer] Mapped {/api/auth/customer/me, GET} route +0ms
[Nest] 44900  - 09/11/2026, 5:54:52 PM     LOG [RouterExplorer] Mapped {/api/auth/customer/me, PATCH} route +0ms
[Nest] 44900  - 09/11/2026, 5:54:52 PM     LOG [RoutesResolver] CatalogController {/api/catalog}: +1ms
[Nest] 44900  - 09/11/2026, 5:54:52 PM     LOG [RouterExplorer] Mapped {/api/catalog/products, GET} route +0ms
[Nest] 44900  - 09/11/2026, 5:54:52 PM     LOG [RouterExplorer] Mapped {/api/catalog/products/listing, GET} route +0ms
[Nest] 44900  - 09/11/2026, 5:54:52 PM     LOG [RouterExplorer] Mapped {/api/catalog/products/random, GET} route +0ms
[Nest] 44900  - 09/11/2026, 5:54:52 PM     LOG [RouterExplorer] Mapped {/api/catalog/products/:slug, GET} route +0ms
[Nest] 44900  - 09/11/2026, 5:54:52 PM     LOG [RouterExplorer] Mapped {/api/catalog/categories, GET} route +0ms
[Nest] 44900  - 09/11/2026, 5:54:52 PM     LOG [RouterExplorer] Mapped {/api/catalog/collections, GET} route +1ms
[Nest] 44900  - 09/11/2026, 5:54:52 PM     LOG [RoutesResolver] AdminCatalogController {/api/admin/catalog}: +0ms
[Nest] 44900  - 09/11/2026, 5:54:52 PM     LOG [RouterExplorer] Mapped {/api/admin/catalog/products, GET} route +0ms
[Nest] 44900  - 09/11/2026, 5:54:52 PM     LOG [RouterExplorer] Mapped {/api/admin/catalog/products, POST} route +0ms
[Nest] 44900  - 09/11/2026, 5:54:52 PM     LOG [RouterExplorer] Mapped {/api/admin/catalog/products/:id, PATCH} route +0ms
[Nest] 44900  - 09/11/2026, 5:54:52 PM     LOG [RouterExplorer] Mapped {/api/admin/catalog/products/:id, DELETE} route +0ms
[Nest] 44900  - 09/11/2026, 5:54:52 PM     LOG [RouterExplorer] Mapped {/api/admin/catalog/products/:id/variants, GET} route +0ms
[Nest] 44900  - 09/11/2026, 5:54:52 PM     LOG [RouterExplorer] Mapped {/api/admin/catalog/products/:id/variants, POST} route +0ms
[Nest] 44900  - 09/11/2026, 5:54:52 PM     LOG [RouterExplorer] Mapped {/api/admin/catalog/variants/:id, PATCH} route +1ms
[Nest] 44900  - 09/11/2026, 5:54:52 PM     LOG [RouterExplorer] Mapped {/api/admin/catalog/variants/:id, DELETE} route +0ms
[Nest] 44900  - 09/11/2026, 5:54:52 PM     LOG [RouterExplorer] Mapped {/api/admin/catalog/transfers, GET} route +0ms
[Nest] 44900  - 09/11/2026, 5:54:52 PM     LOG [RouterExplorer] Mapped {/api/admin/catalog/transfers, POST} route +0ms
[Nest] 44900  - 09/11/2026, 5:54:52 PM     LOG [RouterExplorer] Mapped {/api/admin/catalog/transfers/return, POST} route +0ms
[Nest] 44900  - 09/11/2026, 5:54:52 PM     LOG [RouterExplorer] Mapped {/api/admin/catalog/categories, GET} route +0ms
[Nest] 44900  - 09/11/2026, 5:54:52 PM     LOG [RouterExplorer] Mapped {/api/admin/catalog/categories, POST} route +0ms
[Nest] 44900  - 09/11/2026, 5:54:52 PM     LOG [RouterExplorer] Mapped {/api/admin/catalog/categories/:id, PATCH} route +0ms
[Nest] 44900  - 09/11/2026, 5:54:52 PM     LOG [RouterExplorer] Mapped {/api/admin/catalog/categories/:id, DELETE} route +0ms
[Nest] 44900  - 09/11/2026, 5:54:52 PM     LOG [RouterExplorer] Mapped {/api/admin/catalog/collections, GET} route +0ms
[Nest] 44900  - 09/11/2026, 5:54:52 PM     LOG [RouterExplorer] Mapped {/api/admin/catalog/collections, POST} route +0ms
[Nest] 44900  - 09/11/2026, 5:54:52 PM     LOG [RouterExplorer] Mapped {/api/admin/catalog/collections/:id, PATCH} route +1ms
[Nest] 44900  - 09/11/2026, 5:54:52 PM     LOG [RouterExplorer] Mapped {/api/admin/catalog/collections/:id, DELETE} route +0ms
[Nest] 44900  - 09/11/2026, 5:54:52 PM     LOG [RoutesResolver] CheckoutController {/api/checkout}: +0ms
[Nest] 44900  - 09/11/2026, 5:54:52 PM     LOG [RouterExplorer] Mapped {/api/checkout/orders, POST} route +0ms
[Nest] 44900  - 09/11/2026, 5:54:52 PM     LOG [RoutesResolver] AdminCommerceController {/api/admin}: +0ms
[Nest] 44900  - 09/11/2026, 5:54:52 PM     LOG [RouterExplorer] Mapped {/api/admin/orders, GET} route +0ms
[Nest] 44900  - 09/11/2026, 5:54:52 PM     LOG [RouterExplorer] Mapped {/api/admin/orders/:id, PATCH} route +0ms
[Nest] 44900  - 09/11/2026, 5:54:52 PM     LOG [RouterExplorer] Mapped {/api/admin/customers, GET} route +0ms
[Nest] 44900  - 09/11/2026, 5:54:52 PM     LOG [RoutesResolver] CmsController {/api/content}: +0ms
[Nest] 44900  - 09/11/2026, 5:54:52 PM     LOG [RouterExplorer] Mapped {/api/content/banners, GET} route +0ms
[Nest] 44900  - 09/11/2026, 5:54:52 PM     LOG [RouterExplorer] Mapped {/api/content/posts, GET} route +0ms
[Nest] 44900  - 09/11/2026, 5:54:52 PM     LOG [RouterExplorer] Mapped {/api/content/lookbook, GET} route +0ms
[Nest] 44900  - 09/11/2026, 5:54:52 PM     LOG [RouterExplorer] Mapped {/api/content/custom-sections, GET} route +0ms
[Nest] 44900  - 09/11/2026, 5:54:52 PM     LOG [RouterExplorer] Mapped {/api/content/navigation, GET} route +1ms
[Nest] 44900  - 09/11/2026, 5:54:52 PM     LOG [RouterExplorer] Mapped {/api/content/records, GET} route +0ms
[Nest] 44900  - 09/11/2026, 5:54:52 PM     LOG [RouterExplorer] Mapped {/api/content/notifications, GET} route +0ms
[Nest] 44900  - 09/11/2026, 5:54:52 PM     LOG [RouterExplorer] Mapped {/api/content/notifications/:id/click, POST} route +0ms
[Nest] 44900  - 09/11/2026, 5:54:52 PM     LOG [RouterExplorer] Mapped {/api/content/pages/:slug, GET} route +0ms
[Nest] 44900  - 09/11/2026, 5:54:52 PM     LOG [RoutesResolver] AdminCmsController {/api/admin/content}: +0ms
[Nest] 44900  - 09/11/2026, 5:54:52 PM     LOG [RouterExplorer] Mapped {/api/admin/content/banners, GET} route +0ms
[Nest] 44900  - 09/11/2026, 5:54:52 PM     LOG [RouterExplorer] Mapped {/api/admin/content/banners, POST} route +0ms
[Nest] 44900  - 09/11/2026, 5:54:52 PM     LOG [RouterExplorer] Mapped {/api/admin/content/banners/upload, POST} route +0ms
[Nest] 44900  - 09/11/2026, 5:54:52 PM     LOG [RouterExplorer] Mapped {/api/admin/content/banners/:id, PATCH} route +0ms
[Nest] 44900  - 09/11/2026, 5:54:52 PM     LOG [RouterExplorer] Mapped {/api/admin/content/banners/:id, DELETE} route +1ms
[Nest] 44900  - 09/11/2026, 5:54:52 PM     LOG [RouterExplorer] Mapped {/api/admin/content/posts, GET} route +0ms
[Nest] 44900  - 09/11/2026, 5:54:52 PM     LOG [RouterExplorer] Mapped {/api/admin/content/posts/upload, POST} route +0ms
[Nest] 44900  - 09/11/2026, 5:54:52 PM     LOG [RouterExplorer] Mapped {/api/admin/content/posts, POST} route +0ms
[Nest] 44900  - 09/11/2026, 5:54:52 PM     LOG [RouterExplorer] Mapped {/api/admin/content/posts/:id, PATCH} route +0ms
[Nest] 44900  - 09/11/2026, 5:54:52 PM     LOG [RouterExplorer] Mapped {/api/admin/content/posts/:id, DELETE} route +0ms
[Nest] 44900  - 09/11/2026, 5:54:52 PM     LOG [RouterExplorer] Mapped {/api/admin/content/lookbook, GET} route +0ms
[Nest] 44900  - 09/11/2026, 5:54:52 PM     LOG [RouterExplorer] Mapped {/api/admin/content/lookbook/upload, POST} route +0ms
[Nest] 44900  - 09/11/2026, 5:54:52 PM     LOG [RouterExplorer] Mapped {/api/admin/content/lookbook, POST} route +0ms
[Nest] 44900  - 09/11/2026, 5:54:52 PM     LOG [RouterExplorer] Mapped {/api/admin/content/lookbook/:id, PATCH} route +0ms
[Nest] 44900  - 09/11/2026, 5:54:52 PM     LOG [RouterExplorer] Mapped {/api/admin/content/lookbook/:id, DELETE} route +0ms
[Nest] 44900  - 09/11/2026, 5:54:52 PM     LOG [RouterExplorer] Mapped {/api/admin/content/records, GET} route +1ms
[Nest] 44900  - 09/11/2026, 5:54:52 PM     LOG [RouterExplorer] Mapped {/api/admin/content/records, POST} route +0ms
[Nest] 44900  - 09/11/2026, 5:54:52 PM     LOG [RouterExplorer] Mapped {/api/admin/content/records/:id, PATCH} route +0ms
[Nest] 44900  - 09/11/2026, 5:54:52 PM     LOG [RouterExplorer] Mapped {/api/admin/content/records/:id, DELETE} route +0ms
[Nest] 44900  - 09/11/2026, 5:54:52 PM     LOG [RouterExplorer] Mapped {/api/admin/content/records/upload, POST} route +0ms
[Nest] 44900  - 09/11/2026, 5:54:52 PM     LOG [RouterExplorer] Mapped {/api/admin/content/pages, GET} route +0ms
[Nest] 44900  - 09/11/2026, 5:54:52 PM     LOG [RouterExplorer] Mapped {/api/admin/content/pages, POST} route +0ms
[Nest] 44900  - 09/11/2026, 5:54:52 PM     LOG [RouterExplorer] Mapped {/api/admin/content/pages/:id, PATCH} route +0ms
[Nest] 44900  - 09/11/2026, 5:54:52 PM     LOG [RouterExplorer] Mapped {/api/admin/content/pages/:id/sections, GET} route +0ms
[Nest] 44900  - 09/11/2026, 5:54:52 PM     LOG [RouterExplorer] Mapped {/api/admin/content/pages/:id/sections, POST} route +0ms
[Nest] 44900  - 09/11/2026, 5:54:52 PM     LOG [RouterExplorer] Mapped {/api/admin/content/sections/:id, PATCH} route +1ms
[Nest] 44900  - 09/11/2026, 5:54:52 PM     LOG [RouterExplorer] Mapped {/api/admin/content/sections/:id, DELETE} route +0ms
[Nest] 44900  - 09/11/2026, 5:54:52 PM     LOG [RouterExplorer] Mapped {/api/admin/content/settings, GET} route +0ms
[Nest] 44900  - 09/11/2026, 5:54:52 PM     LOG [RouterExplorer] Mapped {/api/admin/content/settings/:key, PUT} route +0ms
[Nest] 44900  - 09/11/2026, 5:54:52 PM     LOG [RoutesResolver] AdminController {/api/admin}: +0ms
[Nest] 44900  - 09/11/2026, 5:54:52 PM     LOG [RouterExplorer] Mapped {/api/admin/dashboard, GET} route +0ms
[Nest] 44900  - 09/11/2026, 5:54:52 PM     LOG [RouterExplorer] Mapped {/api/admin/audit-logs, GET} route +0ms
[Nest] 44900  - 09/11/2026, 5:54:52 PM     LOG [RouterExplorer] Mapped {/api/admin/users, GET} route +0ms
[Nest] 44900  - 09/11/2026, 5:54:52 PM     LOG [RouterExplorer] Mapped {/api/admin/users, POST} route +0ms
[Nest] 44900  - 09/11/2026, 5:54:52 PM     LOG [RouterExplorer] Mapped {/api/admin/users/:id, PATCH} route +0ms
[Nest] 44900  - 09/11/2026, 5:54:52 PM     LOG [NestApplication] Nest application successfully started +7ms
