(node:33060) DeprecationWarning: Calling client.query() when the client is already executing a query is deprecated and will be removed in pg@9.0. Use async/await or an external async flow control mechanism instead.
(Use `node --trace-deprecation ...` to show where the warning was created)
ERROR: Access denied
ERROR: Access denied
node:child_process:1017
    throw err;
    ^

Error: Command failed: taskkill /pid 22504 /T /F
ERROR: Access denied

    at genericNodeError (node:internal/errors:985:15)
    at wrappedFn (node:internal/errors:539:14)
    at checkExecSyncError (node:child_process:942:11)
    at execSync (node:child_process:1014:15)
    at treeKillSync (C:\Users\abdul\OneDrive\Desktop\siren-site\siren-site\backend\node_modules\@nestjs\cli\lib\utils\tree-kill.js:7:38)
    at C:\Users\abdul\OneDrive\Desktop\siren-site\siren-site\backend\node_modules\@nestjs\cli\actions\start.action.js:92:46
    at Object.onWatchStatusChange (C:\Users\abdul\OneDrive\Desktop\siren-site\siren-site\backend\node_modules\@nestjs\cli\lib\compiler\watch-compiler.js:82:17)
    at C:\Users\abdul\OneDrive\Desktop\siren-site\siren-site\backend\node_modules\typescript\lib\typescript.js:133916:30
    at emitFilesAndReportErrors (C:\Users\abdul\OneDrive\Desktop\siren-site\siren-site\backend\node_modules\typescript\lib\typescript.js:133737:5)
    at result.afterProgramCreate (C:\Users\abdul\OneDrive\Desktop\siren-site\siren-site\backend\node_modules\typescript\lib\typescript.js:133912:5) {
  status: 1,
  signal: null,
  output: [
    null,
    Buffer(0) [Uint8Array] [],
    Buffer(23) [Uint8Array] [
       69,  82,  82,  79,  82,  58, 32,
       65,  99,  99, 101, 115, 115, 32,
      100, 101, 110, 105, 101, 100, 13,
       13,  10
    ]
  ],
  pid: 21140,
  stdout: Buffer(0) [Uint8Array] [],
  stderr: Buffer(23) [Uint8Array] [
     69,  82,  82,  79,  82,  58, 32,
     65,  99,  99, 101, 115, 115, 32,
    100, 101, 110, 105, 101, 100, 13,
     13,  10
  ]
}

Node.js v24.19.0
