
> siren-backend@1.0.0 start:dev
> nest start --watch

[2J[3J[H[[90m9:58:01 AM[0m] Starting compilation in watch mode...

[[90m9:58:13 AM[0m] Found 0 errors. Watching for file changes.

[Nest] 33060  - 09/21/2026, 9:58:41 AM     LOG [NestFactory] Starting Nest application...
[Nest] 33060  - 09/21/2026, 9:58:41 AM     LOG [InstanceLoader] AppModule dependencies initialized +21ms
[Nest] 33060  - 09/21/2026, 9:58:41 AM     LOG [InstanceLoader] TypeOrmModule dependencies initialized +1ms
[Nest] 33060  - 09/21/2026, 9:58:41 AM     LOG [InstanceLoader] PassportModule dependencies initialized +0ms
[Nest] 33060  - 09/21/2026, 9:58:41 AM     LOG [InstanceLoader] ConfigHostModule dependencies initialized +0ms
[Nest] 33060  - 09/21/2026, 9:58:41 AM     LOG [InstanceLoader] ConfigModule dependencies initialized +2ms
[Nest] 33060  - 09/21/2026, 9:58:41 AM     LOG [InstanceLoader] ConfigModule dependencies initialized +0ms
[Nest] 33060  - 09/21/2026, 9:58:41 AM     LOG [InstanceLoader] JwtModule dependencies initialized +554ms
[Nest] 33060  - 09/21/2026, 9:58:42 AM     LOG [InstanceLoader] TypeOrmCoreModule dependencies initialized +408ms
[Nest] 33060  - 09/21/2026, 9:58:42 AM     LOG [InstanceLoader] TypeOrmModule dependencies initialized +0ms
[Nest] 33060  - 09/21/2026, 9:58:42 AM     LOG [InstanceLoader] TypeOrmModule dependencies initialized +0ms
[Nest] 33060  - 09/21/2026, 9:58:42 AM     LOG [InstanceLoader] TypeOrmModule dependencies initialized +1ms
[Nest] 33060  - 09/21/2026, 9:58:42 AM     LOG [InstanceLoader] TypeOrmModule dependencies initialized +0ms
[Nest] 33060  - 09/21/2026, 9:58:42 AM     LOG [InstanceLoader] TypeOrmModule dependencies initialized +0ms
[Nest] 33060  - 09/21/2026, 9:58:42 AM     LOG [InstanceLoader] TypeOrmModule dependencies initialized +0ms
[Nest] 33060  - 09/21/2026, 9:58:42 AM     LOG [InstanceLoader] TypeOrmModule dependencies initialized +1ms
[Nest] 33060  - 09/21/2026, 9:58:42 AM     LOG [InstanceLoader] TypeOrmModule dependencies initialized +0ms
[Nest] 33060  - 09/21/2026, 9:58:42 AM     LOG [InstanceLoader] TypeOrmModule dependencies initialized +0ms
[Nest] 33060  - 09/21/2026, 9:58:42 AM     LOG [InstanceLoader] AuthModule dependencies initialized +3ms
[Nest] 33060  - 09/21/2026, 9:58:42 AM     LOG [InstanceLoader] CatalogModule dependencies initialized +0ms
[Nest] 33060  - 09/21/2026, 9:58:42 AM     LOG [InstanceLoader] CmsModule dependencies initialized +0ms
[Nest] 33060  - 09/21/2026, 9:58:42 AM     LOG [InstanceLoader] AdminModule dependencies initialized +0ms
[Nest] 33060  - 09/21/2026, 9:58:42 AM     LOG [InstanceLoader] PartnersModule dependencies initialized +0ms
[Nest] 33060  - 09/21/2026, 9:58:42 AM     LOG [InstanceLoader] OfflineModule dependencies initialized +0ms
[Nest] 33060  - 09/21/2026, 9:58:42 AM     LOG [InstanceLoader] TeamRbacModule dependencies initialized +1ms
[Nest] 33060  - 09/21/2026, 9:58:42 AM     LOG [InstanceLoader] FinanceModule dependencies initialized +0ms
[Nest] 33060  - 09/21/2026, 9:58:42 AM     LOG [InstanceLoader] CommerceModule dependencies initialized +0ms
[Nest] 33060  - 09/21/2026, 9:58:42 AM     LOG [RoutesResolver] AuthController {/api/auth}: +57ms
[Nest] 33060  - 09/21/2026, 9:58:42 AM     LOG [RouterExplorer] Mapped {/api/auth/login, POST} route +3ms
[Nest] 33060  - 09/21/2026, 9:58:42 AM     LOG [RouterExplorer] Mapped {/api/auth/refresh, POST} route +0ms
[Nest] 33060  - 09/21/2026, 9:58:42 AM     LOG [RouterExplorer] Mapped {/api/auth/logout, POST} route +0ms
[Nest] 33060  - 09/21/2026, 9:58:42 AM     LOG [RouterExplorer] Mapped {/api/auth/me, GET} route +1ms
[Nest] 33060  - 09/21/2026, 9:58:42 AM     LOG [RouterExplorer] Mapped {/api/auth/customer/email, POST} route +0ms
[Nest] 33060  - 09/21/2026, 9:58:42 AM     LOG [RouterExplorer] Mapped {/api/auth/customer/verify-registration, POST} route +1ms
[Nest] 33060  - 09/21/2026, 9:58:42 AM     LOG [RouterExplorer] Mapped {/api/auth/customer/register, POST} route +0ms
[Nest] 33060  - 09/21/2026, 9:58:42 AM     LOG [RouterExplorer] Mapped {/api/auth/customer/login, POST} route +1ms
[Nest] 33060  - 09/21/2026, 9:58:42 AM     LOG [RouterExplorer] Mapped {/api/auth/customer/refresh, POST} route +0ms
[Nest] 33060  - 09/21/2026, 9:58:42 AM     LOG [RouterExplorer] Mapped {/api/auth/customer/logout, POST} route +0ms
[Nest] 33060  - 09/21/2026, 9:58:42 AM     LOG [RouterExplorer] Mapped {/api/auth/customer/password-reset/request, POST} route +1ms
[Nest] 33060  - 09/21/2026, 9:58:42 AM     LOG [RouterExplorer] Mapped {/api/auth/customer/password-reset/verify, POST} route +0ms
[Nest] 33060  - 09/21/2026, 9:58:42 AM     LOG [RouterExplorer] Mapped {/api/auth/customer/password-reset/complete, POST} route +0ms
[Nest] 33060  - 09/21/2026, 9:58:42 AM     LOG [RouterExplorer] Mapped {/api/auth/customer/me, GET} route +0ms
[Nest] 33060  - 09/21/2026, 9:58:42 AM     LOG [RouterExplorer] Mapped {/api/auth/customer/me, PATCH} route +1ms
[Nest] 33060  - 09/21/2026, 9:58:42 AM     LOG [RoutesResolver] CatalogController {/api/catalog}: +0ms
[Nest] 33060  - 09/21/2026, 9:58:42 AM     LOG [RouterExplorer] Mapped {/api/catalog/products, GET} route +0ms
[Nest] 33060  - 09/21/2026, 9:58:42 AM     LOG [RouterExplorer] Mapped {/api/catalog/products/listing, GET} route +0ms
[Nest] 33060  - 09/21/2026, 9:58:42 AM     LOG [RouterExplorer] Mapped {/api/catalog/products/random, GET} route +1ms
[Nest] 33060  - 09/21/2026, 9:58:42 AM     LOG [RouterExplorer] Mapped {/api/catalog/products/:slug, GET} route +0ms
[Nest] 33060  - 09/21/2026, 9:58:42 AM     LOG [RouterExplorer] Mapped {/api/catalog/categories, GET} route +0ms
[Nest] 33060  - 09/21/2026, 9:58:42 AM     LOG [RouterExplorer] Mapped {/api/catalog/collections, GET} route +1ms
[Nest] 33060  - 09/21/2026, 9:58:42 AM     LOG [RoutesResolver] AdminCatalogController {/api/admin/catalog}: +0ms
[Nest] 33060  - 09/21/2026, 9:58:42 AM     LOG [RouterExplorer] Mapped {/api/admin/catalog/products, GET} route +0ms
[Nest] 33060  - 09/21/2026, 9:58:42 AM     LOG [RouterExplorer] Mapped {/api/admin/catalog/products, POST} route +0ms
[Nest] 33060  - 09/21/2026, 9:58:42 AM     LOG [RouterExplorer] Mapped {/api/admin/catalog/products/:id, PATCH} route +1ms
[Nest] 33060  - 09/21/2026, 9:58:42 AM     LOG [RouterExplorer] Mapped {/api/admin/catalog/products/:id, DELETE} route +0ms
[Nest] 33060  - 09/21/2026, 9:58:42 AM     LOG [RouterExplorer] Mapped {/api/admin/catalog/products/:id/variants, GET} route +0ms
[Nest] 33060  - 09/21/2026, 9:58:42 AM     LOG [RouterExplorer] Mapped {/api/admin/catalog/products/:id/variants, POST} route +0ms
[Nest] 33060  - 09/21/2026, 9:58:42 AM     LOG [RouterExplorer] Mapped {/api/admin/catalog/variants/:id, PATCH} route +1ms
[Nest] 33060  - 09/21/2026, 9:58:42 AM     LOG [RouterExplorer] Mapped {/api/admin/catalog/variants/:id, DELETE} route +0ms
[Nest] 33060  - 09/21/2026, 9:58:42 AM     LOG [RouterExplorer] Mapped {/api/admin/catalog/discounts, GET} route +0ms
[Nest] 33060  - 09/21/2026, 9:58:42 AM     LOG [RouterExplorer] Mapped {/api/admin/catalog/fiscal/ikpu, GET} route +1ms
[Nest] 33060  - 09/21/2026, 9:58:42 AM     LOG [RouterExplorer] Mapped {/api/admin/catalog/fiscal/ikpu/:code, GET} route +0ms
[Nest] 33060  - 09/21/2026, 9:58:42 AM     LOG [RouterExplorer] Mapped {/api/admin/catalog/discounts, POST} route +0ms
[Nest] 33060  - 09/21/2026, 9:58:42 AM     LOG [RouterExplorer] Mapped {/api/admin/catalog/discounts/:id, PATCH} route +0ms
[Nest] 33060  - 09/21/2026, 9:58:42 AM     LOG [RouterExplorer] Mapped {/api/admin/catalog/discounts/:id, DELETE} route +1ms
[Nest] 33060  - 09/21/2026, 9:58:42 AM     LOG [RouterExplorer] Mapped {/api/admin/catalog/transfers, GET} route +0ms
[Nest] 33060  - 09/21/2026, 9:58:42 AM     LOG [RouterExplorer] Mapped {/api/admin/catalog/transfers, POST} route +0ms
[Nest] 33060  - 09/21/2026, 9:58:42 AM     LOG [RouterExplorer] Mapped {/api/admin/catalog/transfers/return, POST} route +0ms
[Nest] 33060  - 09/21/2026, 9:58:42 AM     LOG [RouterExplorer] Mapped {/api/admin/catalog/categories, GET} route +1ms
[Nest] 33060  - 09/21/2026, 9:58:42 AM     LOG [RouterExplorer] Mapped {/api/admin/catalog/categories, POST} route +0ms
[Nest] 33060  - 09/21/2026, 9:58:42 AM     LOG [RouterExplorer] Mapped {/api/admin/catalog/categories/:id, PATCH} route +0ms
[Nest] 33060  - 09/21/2026, 9:58:42 AM     LOG [RouterExplorer] Mapped {/api/admin/catalog/categories/:id, DELETE} route +0ms
[Nest] 33060  - 09/21/2026, 9:58:42 AM     LOG [RouterExplorer] Mapped {/api/admin/catalog/collections, GET} route +1ms
[Nest] 33060  - 09/21/2026, 9:58:42 AM     LOG [RouterExplorer] Mapped {/api/admin/catalog/collections, POST} route +0ms
[Nest] 33060  - 09/21/2026, 9:58:42 AM     LOG [RouterExplorer] Mapped {/api/admin/catalog/collections/:id, PATCH} route +0ms
[Nest] 33060  - 09/21/2026, 9:58:42 AM     LOG [RouterExplorer] Mapped {/api/admin/catalog/collections/:id, DELETE} route +0ms
[Nest] 33060  - 09/21/2026, 9:58:42 AM     LOG [RoutesResolver] CheckoutController {/api/checkout}: +1ms
[Nest] 33060  - 09/21/2026, 9:58:42 AM     LOG [RouterExplorer] Mapped {/api/checkout/orders, POST} route +0ms
[Nest] 33060  - 09/21/2026, 9:58:42 AM     LOG [RouterExplorer] Mapped {/api/checkout/promo/validate, POST} route +0ms
[Nest] 33060  - 09/21/2026, 9:58:42 AM     LOG [RouterExplorer] Mapped {/api/checkout/customer/orders, GET} route +0ms
[Nest] 33060  - 09/21/2026, 9:58:42 AM     LOG [RoutesResolver] AdminCommerceController {/api/admin}: +0ms
[Nest] 33060  - 09/21/2026, 9:58:42 AM     LOG [RouterExplorer] Mapped {/api/admin/orders, GET} route +1ms
[Nest] 33060  - 09/21/2026, 9:58:42 AM     LOG [RouterExplorer] Mapped {/api/admin/orders/:id, PATCH} route +0ms
[Nest] 33060  - 09/21/2026, 9:58:42 AM     LOG [RouterExplorer] Mapped {/api/admin/orders/:id/cancel, POST} route +1ms
[Nest] 33060  - 09/21/2026, 9:58:42 AM     LOG [RouterExplorer] Mapped {/api/admin/orders/:id/refund-complete, POST} route +0ms
[Nest] 33060  - 09/21/2026, 9:58:42 AM     LOG [RouterExplorer] Mapped {/api/admin/customers, GET} route +0ms
[Nest] 33060  - 09/21/2026, 9:58:42 AM     LOG [RouterExplorer] Mapped {/api/admin/customers/:id, GET} route +0ms
[Nest] 33060  - 09/21/2026, 9:58:42 AM     LOG [RoutesResolver] PickupLocationsController {/api/pickup-locations}: +1ms
[Nest] 33060  - 09/21/2026, 9:58:42 AM     LOG [RouterExplorer] Mapped {/api/pickup-locations, GET} route +0ms
[Nest] 33060  - 09/21/2026, 9:58:42 AM     LOG [RoutesResolver] AdminPickupLocationsController {/api/admin/pickup-locations}: +0ms
[Nest] 33060  - 09/21/2026, 9:58:42 AM     LOG [RouterExplorer] Mapped {/api/admin/pickup-locations/orders, GET} route +0ms
[Nest] 33060  - 09/21/2026, 9:58:42 AM     LOG [RouterExplorer] Mapped {/api/admin/pickup-locations, GET} route +1ms
[Nest] 33060  - 09/21/2026, 9:58:42 AM     LOG [RouterExplorer] Mapped {/api/admin/pickup-locations, POST} route +0ms
[Nest] 33060  - 09/21/2026, 9:58:42 AM     LOG [RouterExplorer] Mapped {/api/admin/pickup-locations/:id, PATCH} route +0ms
[Nest] 33060  - 09/21/2026, 9:58:42 AM     LOG [RouterExplorer] Mapped {/api/admin/pickup-locations/:id, DELETE} route +0ms
[Nest] 33060  - 09/21/2026, 9:58:42 AM     LOG [RoutesResolver] CmsController {/api/content}: +0ms
[Nest] 33060  - 09/21/2026, 9:58:42 AM     LOG [RouterExplorer] Mapped {/api/content/banners, GET} route +1ms
[Nest] 33060  - 09/21/2026, 9:58:42 AM     LOG [RouterExplorer] Mapped {/api/content/posts, GET} route +0ms
[Nest] 33060  - 09/21/2026, 9:58:42 AM     LOG [RouterExplorer] Mapped {/api/content/lookbook, GET} route +0ms
[Nest] 33060  - 09/21/2026, 9:58:42 AM     LOG [RouterExplorer] Mapped {/api/content/custom-sections, GET} route +0ms
[Nest] 33060  - 09/21/2026, 9:58:42 AM     LOG [RouterExplorer] Mapped {/api/content/navigation, GET} route +0ms
[Nest] 33060  - 09/21/2026, 9:58:42 AM     LOG [RouterExplorer] Mapped {/api/content/header-message, GET} route +1ms
[Nest] 33060  - 09/21/2026, 9:58:42 AM     LOG [RouterExplorer] Mapped {/api/content/records, GET} route +0ms
[Nest] 33060  - 09/21/2026, 9:58:42 AM     LOG [RouterExplorer] Mapped {/api/content/notifications, GET} route +0ms
[Nest] 33060  - 09/21/2026, 9:58:42 AM     LOG [RouterExplorer] Mapped {/api/content/social-links, GET} route +1ms
[Nest] 33060  - 09/21/2026, 9:58:42 AM     LOG [RouterExplorer] Mapped {/api/content/notifications/:id/click, POST} route +0ms
[Nest] 33060  - 09/21/2026, 9:58:42 AM     LOG [RouterExplorer] Mapped {/api/content/pages/:slug, GET} route +0ms
[Nest] 33060  - 09/21/2026, 9:58:42 AM     LOG [RoutesResolver] AdminCmsController {/api/admin/content}: +0ms
[Nest] 33060  - 09/21/2026, 9:58:42 AM     LOG [RouterExplorer] Mapped {/api/admin/content/banners, GET} route +1ms
[Nest] 33060  - 09/21/2026, 9:58:42 AM     LOG [RouterExplorer] Mapped {/api/admin/content/banners, POST} route +0ms
[Nest] 33060  - 09/21/2026, 9:58:42 AM     LOG [RouterExplorer] Mapped {/api/admin/content/banners/upload, POST} route +1ms
[Nest] 33060  - 09/21/2026, 9:58:42 AM     LOG [RouterExplorer] Mapped {/api/admin/content/banners/:id, PATCH} route +0ms
[Nest] 33060  - 09/21/2026, 9:58:42 AM     LOG [RouterExplorer] Mapped {/api/admin/content/banners/:id, DELETE} route +0ms
[Nest] 33060  - 09/21/2026, 9:58:42 AM     LOG [RouterExplorer] Mapped {/api/admin/content/posts, GET} route +1ms
[Nest] 33060  - 09/21/2026, 9:58:42 AM     LOG [RouterExplorer] Mapped {/api/admin/content/posts/upload, POST} route +0ms
[Nest] 33060  - 09/21/2026, 9:58:42 AM     LOG [RouterExplorer] Mapped {/api/admin/content/posts, POST} route +0ms
[Nest] 33060  - 09/21/2026, 9:58:42 AM     LOG [RouterExplorer] Mapped {/api/admin/content/posts/:id, PATCH} route +2ms
[Nest] 33060  - 09/21/2026, 9:58:42 AM     LOG [RouterExplorer] Mapped {/api/admin/content/posts/:id, DELETE} route +1ms
[Nest] 33060  - 09/21/2026, 9:58:42 AM     LOG [RouterExplorer] Mapped {/api/admin/content/lookbook, GET} route +0ms
[Nest] 33060  - 09/21/2026, 9:58:42 AM     LOG [RouterExplorer] Mapped {/api/admin/content/lookbook/upload, POST} route +0ms
[Nest] 33060  - 09/21/2026, 9:58:42 AM     LOG [RouterExplorer] Mapped {/api/admin/content/lookbook, POST} route +0ms
[Nest] 33060  - 09/21/2026, 9:58:42 AM     LOG [RouterExplorer] Mapped {/api/admin/content/lookbook/:id, PATCH} route +1ms
[Nest] 33060  - 09/21/2026, 9:58:42 AM     LOG [RouterExplorer] Mapped {/api/admin/content/lookbook/:id, DELETE} route +0ms
[Nest] 33060  - 09/21/2026, 9:58:42 AM     LOG [RouterExplorer] Mapped {/api/admin/content/records, GET} route +0ms
[Nest] 33060  - 09/21/2026, 9:58:42 AM     LOG [RouterExplorer] Mapped {/api/admin/content/records, POST} route +0ms
[Nest] 33060  - 09/21/2026, 9:58:42 AM     LOG [RouterExplorer] Mapped {/api/admin/content/records/:id, PATCH} route +1ms
[Nest] 33060  - 09/21/2026, 9:58:42 AM     LOG [RouterExplorer] Mapped {/api/admin/content/records/:id, DELETE} route +0ms
[Nest] 33060  - 09/21/2026, 9:58:42 AM     LOG [RouterExplorer] Mapped {/api/admin/content/records/upload, POST} route +0ms
[Nest] 33060  - 09/21/2026, 9:58:42 AM     LOG [RouterExplorer] Mapped {/api/admin/content/social/upload-icon, POST} route +0ms
[Nest] 33060  - 09/21/2026, 9:58:42 AM     LOG [RouterExplorer] Mapped {/api/admin/content/pages, GET} route +0ms
[Nest] 33060  - 09/21/2026, 9:58:42 AM     LOG [RouterExplorer] Mapped {/api/admin/content/pages, POST} route +1ms
[Nest] 33060  - 09/21/2026, 9:58:42 AM     LOG [RouterExplorer] Mapped {/api/admin/content/pages/:id, PATCH} route +0ms
[Nest] 33060  - 09/21/2026, 9:58:42 AM     LOG [RouterExplorer] Mapped {/api/admin/content/pages/:id/sections, GET} route +0ms
[Nest] 33060  - 09/21/2026, 9:58:42 AM     LOG [RouterExplorer] Mapped {/api/admin/content/pages/:id/sections, POST} route +1ms
[Nest] 33060  - 09/21/2026, 9:58:42 AM     LOG [RouterExplorer] Mapped {/api/admin/content/sections/:id, PATCH} route +0ms
[Nest] 33060  - 09/21/2026, 9:58:42 AM     LOG [RouterExplorer] Mapped {/api/admin/content/sections/:id, DELETE} route +0ms
[Nest] 33060  - 09/21/2026, 9:58:42 AM     LOG [RouterExplorer] Mapped {/api/admin/content/settings, GET} route +0ms
[Nest] 33060  - 09/21/2026, 9:58:42 AM     LOG [RouterExplorer] Mapped {/api/admin/content/settings/:key, PUT} route +1ms
[Nest] 33060  - 09/21/2026, 9:58:42 AM     LOG [RoutesResolver] AdminController {/api/admin}: +0ms
[Nest] 33060  - 09/21/2026, 9:58:42 AM     LOG [RouterExplorer] Mapped {/api/admin/dashboard, GET} route +0ms
[Nest] 33060  - 09/21/2026, 9:58:42 AM     LOG [RouterExplorer] Mapped {/api/admin/currencies, GET} route +0ms
[Nest] 33060  - 09/21/2026, 9:58:42 AM     LOG [RouterExplorer] Mapped {/api/admin/currencies/refresh, POST} route +1ms
[Nest] 33060  - 09/21/2026, 9:58:42 AM     LOG [RouterExplorer] Mapped {/api/admin/audit-logs, GET} route +0ms
[Nest] 33060  - 09/21/2026, 9:58:42 AM     LOG [RouterExplorer] Mapped {/api/admin/users, GET} route +0ms
[Nest] 33060  - 09/21/2026, 9:58:42 AM     LOG [RouterExplorer] Mapped {/api/admin/users, POST} route +0ms
[Nest] 33060  - 09/21/2026, 9:58:42 AM     LOG [RouterExplorer] Mapped {/api/admin/users/:id, PATCH} route +1ms
[Nest] 33060  - 09/21/2026, 9:58:42 AM     LOG [RoutesResolver] PartnersController {/api/admin/partners}: +0ms
[Nest] 33060  - 09/21/2026, 9:58:42 AM     LOG [RouterExplorer] Mapped {/api/admin/partners, GET} route +0ms
[Nest] 33060  - 09/21/2026, 9:58:42 AM     LOG [RouterExplorer] Mapped {/api/admin/partners/stats, GET} route +0ms
[Nest] 33060  - 09/21/2026, 9:58:42 AM     LOG [RouterExplorer] Mapped {/api/admin/partners/:id, GET} route +1ms
[Nest] 33060  - 09/21/2026, 9:58:42 AM     LOG [RouterExplorer] Mapped {/api/admin/partners, POST} route +0ms
[Nest] 33060  - 09/21/2026, 9:58:42 AM     LOG [RouterExplorer] Mapped {/api/admin/partners/:id/active, PATCH} route +0ms
[Nest] 33060  - 09/21/2026, 9:58:42 AM     LOG [RouterExplorer] Mapped {/api/admin/partners/:id/checkout-summary, PATCH} route +0ms
[Nest] 33060  - 09/21/2026, 9:58:42 AM     LOG [RouterExplorer] Mapped {/api/admin/partners/:id/archive, POST} route +1ms
[Nest] 33060  - 09/21/2026, 9:58:42 AM     LOG [RouterExplorer] Mapped {/api/admin/partners/:id/comments, POST} route +0ms
[Nest] 33060  - 09/21/2026, 9:58:42 AM     LOG [RoutesResolver] PublicPartnersController {/api/partners}: +0ms
[Nest] 33060  - 09/21/2026, 9:58:42 AM     LOG [RouterExplorer] Mapped {/api/partners/checkout, GET} route +0ms
[Nest] 33060  - 09/21/2026, 9:58:42 AM     LOG [RoutesResolver] OfflineController {/api/offline}: +1ms
[Nest] 33060  - 09/21/2026, 9:58:42 AM     LOG [RouterExplorer] Mapped {/api/offline/inventory, GET} route +0ms
[Nest] 33060  - 09/21/2026, 9:58:42 AM     LOG [RouterExplorer] Mapped {/api/offline/scan/:ean, GET} route +0ms
[Nest] 33060  - 09/21/2026, 9:58:42 AM     LOG [RouterExplorer] Mapped {/api/offline/sales, GET} route +1ms
[Nest] 33060  - 09/21/2026, 9:58:42 AM     LOG [RouterExplorer] Mapped {/api/offline/sales, POST} route +0ms
[Nest] 33060  - 09/21/2026, 9:58:42 AM     LOG [RouterExplorer] Mapped {/api/offline/sales/:id/notes, POST} route +0ms
[Nest] 33060  - 09/21/2026, 9:58:42 AM     LOG [RouterExplorer] Mapped {/api/offline/sales/:id/void, POST} route +0ms
[Nest] 33060  - 09/21/2026, 9:58:42 AM     LOG [RouterExplorer] Mapped {/api/offline/reports/:date, GET} route +0ms
[Nest] 33060  - 09/21/2026, 9:58:42 AM     LOG [RouterExplorer] Mapped {/api/offline/reports/:date, PUT} route +1ms
[Nest] 33060  - 09/21/2026, 9:58:42 AM     LOG [RouterExplorer] Mapped {/api/offline/uploads, POST} route +0ms
[Nest] 33060  - 09/21/2026, 9:58:42 AM     LOG [RoutesResolver] TeamRbacController {/api/admin/team}: +0ms
[Nest] 33060  - 09/21/2026, 9:58:42 AM     LOG [RouterExplorer] Mapped {/api/admin/team/overview, GET} route +0ms
[Nest] 33060  - 09/21/2026, 9:58:42 AM     LOG [RouterExplorer] Mapped {/api/admin/team/employees, GET} route +1ms
[Nest] 33060  - 09/21/2026, 9:58:42 AM     LOG [RouterExplorer] Mapped {/api/admin/team/employees, POST} route +0ms
[Nest] 33060  - 09/21/2026, 9:58:42 AM     LOG [RouterExplorer] Mapped {/api/admin/team/employees/:id, PATCH} route +0ms
[Nest] 33060  - 09/21/2026, 9:58:42 AM     LOG [RouterExplorer] Mapped {/api/admin/team/employees/:id/status, PATCH} route +1ms
[Nest] 33060  - 09/21/2026, 9:58:42 AM     LOG [RouterExplorer] Mapped {/api/admin/team/employees/:id/teams, POST} route +0ms
[Nest] 33060  - 09/21/2026, 9:58:42 AM     LOG [RouterExplorer] Mapped {/api/admin/team/employees/:id/roles, POST} route +0ms
[Nest] 33060  - 09/21/2026, 9:58:42 AM     LOG [RouterExplorer] Mapped {/api/admin/team/employees/:id/invitations, POST} route +1ms
[Nest] 33060  - 09/21/2026, 9:58:42 AM     LOG [RouterExplorer] Mapped {/api/admin/team/teams, GET} route +0ms
[Nest] 33060  - 09/21/2026, 9:58:42 AM     LOG [RouterExplorer] Mapped {/api/admin/team/teams, POST} route +1ms
[Nest] 33060  - 09/21/2026, 9:58:42 AM     LOG [RouterExplorer] Mapped {/api/admin/team/roles, GET} route +0ms
[Nest] 33060  - 09/21/2026, 9:58:42 AM     LOG [RouterExplorer] Mapped {/api/admin/team/roles, POST} route +0ms
[Nest] 33060  - 09/21/2026, 9:58:42 AM     LOG [RouterExplorer] Mapped {/api/admin/team/permissions, GET} route +0ms
[Nest] 33060  - 09/21/2026, 9:58:42 AM     LOG [RouterExplorer] Mapped {/api/admin/team/invitations, GET} route +1ms
[Nest] 33060  - 09/21/2026, 9:58:42 AM     LOG [RouterExplorer] Mapped {/api/admin/team/security/sessions, GET} route +0ms
[Nest] 33060  - 09/21/2026, 9:58:42 AM     LOG [RouterExplorer] Mapped {/api/admin/team/security/sessions/:id/revoke, POST} route +0ms
[Nest] 33060  - 09/21/2026, 9:58:42 AM     LOG [RoutesResolver] FinanceController {/api/admin/finance}: +1ms
[Nest] 33060  - 09/21/2026, 9:58:42 AM     LOG [RouterExplorer] Mapped {/api/admin/finance, GET} route +0ms
[Nest] 33060  - 09/21/2026, 9:58:42 AM     LOG [RouterExplorer] Mapped {/api/admin/finance/entries, POST} route +0ms
[Nest] 33060  - 09/21/2026, 9:58:42 AM     LOG [NestApplication] Nest application successfully started +196ms
[2J[3J[H[[90m10:39:47 AM[0m] File change detected. Starting incremental compilation...

