[Nest] 32600  - 09/01/2026, 4:19:11 PM     LOG [NestFactory] Starting Nest application...
[Nest] 32600  - 09/01/2026, 4:19:11 PM     LOG [InstanceLoader] AppModule dependencies initialized +15ms
[Nest] 32600  - 09/01/2026, 4:19:11 PM     LOG [InstanceLoader] TypeOrmModule dependencies initialized +0ms
[Nest] 32600  - 09/01/2026, 4:19:11 PM     LOG [InstanceLoader] PassportModule dependencies initialized +0ms
[Nest] 32600  - 09/01/2026, 4:19:11 PM     LOG [InstanceLoader] ConfigHostModule dependencies initialized +0ms
[Nest] 32600  - 09/01/2026, 4:19:11 PM     LOG [InstanceLoader] ConfigModule dependencies initialized +2ms
[Nest] 32600  - 09/01/2026, 4:19:11 PM     LOG [InstanceLoader] ConfigModule dependencies initialized +0ms
[Nest] 32600  - 09/01/2026, 4:19:11 PM     LOG [InstanceLoader] JwtModule dependencies initialized +142ms
[Nest] 32600  - 09/01/2026, 4:19:11 PM     LOG [InstanceLoader] TypeOrmCoreModule dependencies initialized +377ms
[Nest] 32600  - 09/01/2026, 4:19:11 PM     LOG [InstanceLoader] TypeOrmModule dependencies initialized +0ms
[Nest] 32600  - 09/01/2026, 4:19:11 PM     LOG [InstanceLoader] TypeOrmModule dependencies initialized +0ms
[Nest] 32600  - 09/01/2026, 4:19:11 PM     LOG [InstanceLoader] TypeOrmModule dependencies initialized +0ms
[Nest] 32600  - 09/01/2026, 4:19:11 PM     LOG [InstanceLoader] TypeOrmModule dependencies initialized +0ms
[Nest] 32600  - 09/01/2026, 4:19:11 PM     LOG [InstanceLoader] TypeOrmModule dependencies initialized +1ms
[Nest] 32600  - 09/01/2026, 4:19:11 PM     LOG [InstanceLoader] AuthModule dependencies initialized +2ms
[Nest] 32600  - 09/01/2026, 4:19:11 PM     LOG [InstanceLoader] CatalogModule dependencies initialized +0ms
[Nest] 32600  - 09/01/2026, 4:19:11 PM     LOG [InstanceLoader] CommerceModule dependencies initialized +0ms
[Nest] 32600  - 09/01/2026, 4:19:11 PM     LOG [InstanceLoader] CmsModule dependencies initialized +0ms
[Nest] 32600  - 09/01/2026, 4:19:11 PM     LOG [InstanceLoader] AdminModule dependencies initialized +0ms
[Nest] 32600  - 09/01/2026, 4:19:11 PM     LOG [RoutesResolver] AuthController {/api/auth}: +39ms
[Nest] 32600  - 09/01/2026, 4:19:11 PM     LOG [RouterExplorer] Mapped {/api/auth/login, POST} route +3ms
[Nest] 32600  - 09/01/2026, 4:19:11 PM     LOG [RouterExplorer] Mapped {/api/auth/me, GET} route +0ms
[Nest] 32600  - 09/01/2026, 4:19:11 PM     LOG [RoutesResolver] CatalogController {/api/catalog}: +0ms
[Nest] 32600  - 09/01/2026, 4:19:11 PM     LOG [RouterExplorer] Mapped {/api/catalog/products, GET} route +1ms
[Nest] 32600  - 09/01/2026, 4:19:11 PM     LOG [RouterExplorer] Mapped {/api/catalog/products/:slug, GET} route +0ms
[Nest] 32600  - 09/01/2026, 4:19:11 PM     LOG [RouterExplorer] Mapped {/api/catalog/categories, GET} route +0ms
[Nest] 32600  - 09/01/2026, 4:19:11 PM     LOG [RouterExplorer] Mapped {/api/catalog/collections, GET} route +1ms
[Nest] 32600  - 09/01/2026, 4:19:11 PM     LOG [RoutesResolver] AdminCatalogController {/api/admin/catalog}: +0ms
[Nest] 32600  - 09/01/2026, 4:19:11 PM     LOG [RouterExplorer] Mapped {/api/admin/catalog/products, GET} route +0ms
[Nest] 32600  - 09/01/2026, 4:19:11 PM     LOG [RouterExplorer] Mapped {/api/admin/catalog/products, POST} route +0ms
[Nest] 32600  - 09/01/2026, 4:19:11 PM     LOG [RouterExplorer] Mapped {/api/admin/catalog/products/:id, PATCH} route +1ms
[Nest] 32600  - 09/01/2026, 4:19:11 PM     LOG [RouterExplorer] Mapped {/api/admin/catalog/products/:id, DELETE} route +0ms
[Nest] 32600  - 09/01/2026, 4:19:11 PM     LOG [RouterExplorer] Mapped {/api/admin/catalog/products/:id/variants, GET} route +0ms
[Nest] 32600  - 09/01/2026, 4:19:11 PM     LOG [RouterExplorer] Mapped {/api/admin/catalog/products/:id/variants, POST} route +0ms
[Nest] 32600  - 09/01/2026, 4:19:11 PM     LOG [RouterExplorer] Mapped {/api/admin/catalog/variants/:id, PATCH} route +1ms
[Nest] 32600  - 09/01/2026, 4:19:11 PM     LOG [RouterExplorer] Mapped {/api/admin/catalog/variants/:id, DELETE} route +0ms
[Nest] 32600  - 09/01/2026, 4:19:11 PM     LOG [RouterExplorer] Mapped {/api/admin/catalog/categories, GET} route +0ms
[Nest] 32600  - 09/01/2026, 4:19:11 PM     LOG [RouterExplorer] Mapped {/api/admin/catalog/categories, POST} route +0ms
[Nest] 32600  - 09/01/2026, 4:19:11 PM     LOG [RouterExplorer] Mapped {/api/admin/catalog/categories/:id, PATCH} route +0ms
[Nest] 32600  - 09/01/2026, 4:19:11 PM     LOG [RouterExplorer] Mapped {/api/admin/catalog/categories/:id, DELETE} route +1ms
[Nest] 32600  - 09/01/2026, 4:19:11 PM     LOG [RouterExplorer] Mapped {/api/admin/catalog/collections, GET} route +0ms
[Nest] 32600  - 09/01/2026, 4:19:11 PM     LOG [RouterExplorer] Mapped {/api/admin/catalog/collections, POST} route +0ms
[Nest] 32600  - 09/01/2026, 4:19:11 PM     LOG [RouterExplorer] Mapped {/api/admin/catalog/collections/:id, PATCH} route +0ms
[Nest] 32600  - 09/01/2026, 4:19:11 PM     LOG [RouterExplorer] Mapped {/api/admin/catalog/collections/:id, DELETE} route +0ms
[Nest] 32600  - 09/01/2026, 4:19:11 PM     LOG [RoutesResolver] CheckoutController {/api/checkout}: +0ms
[Nest] 32600  - 09/01/2026, 4:19:11 PM     LOG [RouterExplorer] Mapped {/api/checkout/orders, POST} route +0ms
[Nest] 32600  - 09/01/2026, 4:19:11 PM     LOG [RoutesResolver] AdminCommerceController {/api/admin}: +1ms
[Nest] 32600  - 09/01/2026, 4:19:11 PM     LOG [RouterExplorer] Mapped {/api/admin/orders, GET} route +0ms
[Nest] 32600  - 09/01/2026, 4:19:11 PM     LOG [RouterExplorer] Mapped {/api/admin/orders/:id, PATCH} route +0ms
[Nest] 32600  - 09/01/2026, 4:19:11 PM     LOG [RouterExplorer] Mapped {/api/admin/customers, GET} route +0ms
[Nest] 32600  - 09/01/2026, 4:19:11 PM     LOG [RoutesResolver] CmsController {/api/content}: +0ms
[Nest] 32600  - 09/01/2026, 4:19:11 PM     LOG [RouterExplorer] Mapped {/api/content/banners, GET} route +0ms
[Nest] 32600  - 09/01/2026, 4:19:11 PM     LOG [RouterExplorer] Mapped {/api/content/posts, GET} route +0ms
[Nest] 32600  - 09/01/2026, 4:19:11 PM     LOG [RouterExplorer] Mapped {/api/content/lookbook, GET} route +1ms
[Nest] 32600  - 09/01/2026, 4:19:11 PM     LOG [RouterExplorer] Mapped {/api/content/pages/:slug, GET} route +0ms
[Nest] 32600  - 09/01/2026, 4:19:11 PM     LOG [RoutesResolver] AdminCmsController {/api/admin/content}: +0ms
[Nest] 32600  - 09/01/2026, 4:19:11 PM     LOG [RouterExplorer] Mapped {/api/admin/content/banners, GET} route +0ms
[Nest] 32600  - 09/01/2026, 4:19:11 PM     LOG [RouterExplorer] Mapped {/api/admin/content/banners, POST} route +0ms
[Nest] 32600  - 09/01/2026, 4:19:11 PM     LOG [RouterExplorer] Mapped {/api/admin/content/banners/:id, PATCH} route +0ms
[Nest] 32600  - 09/01/2026, 4:19:11 PM     LOG [RouterExplorer] Mapped {/api/admin/content/banners/:id, DELETE} route +1ms
[Nest] 32600  - 09/01/2026, 4:19:11 PM     LOG [RouterExplorer] Mapped {/api/admin/content/posts, GET} route +0ms
[Nest] 32600  - 09/01/2026, 4:19:11 PM     LOG [RouterExplorer] Mapped {/api/admin/content/posts, POST} route +0ms
[Nest] 32600  - 09/01/2026, 4:19:11 PM     LOG [RouterExplorer] Mapped {/api/admin/content/posts/:id, PATCH} route +0ms
[Nest] 32600  - 09/01/2026, 4:19:11 PM     LOG [RouterExplorer] Mapped {/api/admin/content/posts/:id, DELETE} route +0ms
[Nest] 32600  - 09/01/2026, 4:19:11 PM     LOG [RouterExplorer] Mapped {/api/admin/content/lookbook, GET} route +0ms
[Nest] 32600  - 09/01/2026, 4:19:11 PM     LOG [RouterExplorer] Mapped {/api/admin/content/lookbook, POST} route +1ms
[Nest] 32600  - 09/01/2026, 4:19:11 PM     LOG [RouterExplorer] Mapped {/api/admin/content/lookbook/:id, PATCH} route +0ms
[Nest] 32600  - 09/01/2026, 4:19:11 PM     LOG [RouterExplorer] Mapped {/api/admin/content/lookbook/:id, DELETE} route +0ms
[Nest] 32600  - 09/01/2026, 4:19:11 PM     LOG [RouterExplorer] Mapped {/api/admin/content/pages, GET} route +0ms
[Nest] 32600  - 09/01/2026, 4:19:11 PM     LOG [RouterExplorer] Mapped {/api/admin/content/pages, POST} route +0ms
[Nest] 32600  - 09/01/2026, 4:19:11 PM     LOG [RouterExplorer] Mapped {/api/admin/content/pages/:id, PATCH} route +0ms
[Nest] 32600  - 09/01/2026, 4:19:11 PM     LOG [RouterExplorer] Mapped {/api/admin/content/pages/:id/sections, GET} route +0ms
[Nest] 32600  - 09/01/2026, 4:19:11 PM     LOG [RouterExplorer] Mapped {/api/admin/content/pages/:id/sections, POST} route +1ms
[Nest] 32600  - 09/01/2026, 4:19:11 PM     LOG [RouterExplorer] Mapped {/api/admin/content/sections/:id, PATCH} route +0ms
[Nest] 32600  - 09/01/2026, 4:19:11 PM     LOG [RouterExplorer] Mapped {/api/admin/content/sections/:id, DELETE} route +0ms
[Nest] 32600  - 09/01/2026, 4:19:11 PM     LOG [RouterExplorer] Mapped {/api/admin/content/settings, GET} route +0ms
[Nest] 32600  - 09/01/2026, 4:19:11 PM     LOG [RouterExplorer] Mapped {/api/admin/content/settings/:key, PUT} route +0ms
[Nest] 32600  - 09/01/2026, 4:19:11 PM     LOG [RoutesResolver] AdminController {/api/admin}: +0ms
[Nest] 32600  - 09/01/2026, 4:19:11 PM     LOG [RouterExplorer] Mapped {/api/admin/dashboard, GET} route +0ms
[Nest] 32600  - 09/01/2026, 4:19:11 PM     LOG [RouterExplorer] Mapped {/api/admin/audit-logs, GET} route +0ms
[Nest] 32600  - 09/01/2026, 4:19:11 PM     LOG [RouterExplorer] Mapped {/api/admin/users, GET} route +0ms
[Nest] 32600  - 09/01/2026, 4:19:11 PM     LOG [RouterExplorer] Mapped {/api/admin/users, POST} route +0ms
[Nest] 32600  - 09/01/2026, 4:19:11 PM     LOG [RouterExplorer] Mapped {/api/admin/users/:id, PATCH} route +1ms
[Nest] 32600  - 09/01/2026, 4:19:11 PM     LOG [NestApplication] Nest application successfully started +249ms
[Nest] 32600  - 09/01/2026, 4:30:45 PM   ERROR [ExceptionsHandler] QueryFailedError: duplicate key value violates unique constraint "IDX_464f927ae360106b783ed0b410"
    at PostgresQueryRunner.query (C:\Users\abdul\OneDrive\Desktop\siren-site\siren-site\backend\node_modules\typeorm\driver\postgres\PostgresQueryRunner.js:216:19)
    at process.processTicksAndRejections (node:internal/process/task_queues:104:5)
    at async InsertQueryBuilder.execute (C:\Users\abdul\OneDrive\Desktop\siren-site\siren-site\backend\node_modules\typeorm\query-builder\InsertQueryBuilder.js:106:33)
    at async SubjectExecutor.executeInsertOperations (C:\Users\abdul\OneDrive\Desktop\siren-site\siren-site\backend\node_modules\typeorm\persistence\SubjectExecutor.js:260:42)
    at async SubjectExecutor.execute (C:\Users\abdul\OneDrive\Desktop\siren-site\siren-site\backend\node_modules\typeorm\persistence\SubjectExecutor.js:92:9)
    at async EntityPersistExecutor.execute (C:\Users\abdul\OneDrive\Desktop\siren-site\siren-site\backend\node_modules\typeorm\persistence\EntityPersistExecutor.js:140:21)
    at async C:\Users\abdul\OneDrive\Desktop\siren-site\siren-site\backend\node_modules\@nestjs\core\router\router-execution-context.js:55:62
    at async C:\Users\abdul\OneDrive\Desktop\siren-site\siren-site\backend\node_modules\@nestjs\core\router\router-proxy.js:9:17 {
  query: 'INSERT INTO "products"("id", "slug", "title", "description", "status", "price", "compare_at_price", "currency_code", "category_id", "media", "seo", "metadata", "created_at", "updated_at") VALUES (DEFAULT, $1, $2, $3, $4, $5, DEFAULT, $6, $7, $8, $9, $10, DEFAULT, DEFAULT) RETURNING "id", "description", "status", "price", "currency_code", "media", "seo", "metadata", "created_at", "updated_at"',
  parameters: [
    'sdf',
    'sdf',
    '',
    'draft',
    '3124',
    'UZS',
    null,
    '[]',
    '{}',
    '{}'
  ],
  driverError: error: duplicate key value violates unique constraint "IDX_464f927ae360106b783ed0b410"
      at C:\Users\abdul\OneDrive\Desktop\siren-site\siren-site\backend\node_modules\pg\lib\client.js:694:17
      at process.processTicksAndRejections (node:internal/process/task_queues:104:5)
      at async PostgresQueryRunner.query (C:\Users\abdul\OneDrive\Desktop\siren-site\siren-site\backend\node_modules\typeorm\driver\postgres\PostgresQueryRunner.js:181:25)
      at async InsertQueryBuilder.execute (C:\Users\abdul\OneDrive\Desktop\siren-site\siren-site\backend\node_modules\typeorm\query-builder\InsertQueryBuilder.js:106:33)
      at async SubjectExecutor.executeInsertOperations (C:\Users\abdul\OneDrive\Desktop\siren-site\siren-site\backend\node_modules\typeorm\persistence\SubjectExecutor.js:260:42)
      at async SubjectExecutor.execute (C:\Users\abdul\OneDrive\Desktop\siren-site\siren-site\backend\node_modules\typeorm\persistence\SubjectExecutor.js:92:9)
      at async EntityPersistExecutor.execute (C:\Users\abdul\OneDrive\Desktop\siren-site\siren-site\backend\node_modules\typeorm\persistence\EntityPersistExecutor.js:140:21)
      at async C:\Users\abdul\OneDrive\Desktop\siren-site\siren-site\backend\node_modules\@nestjs\core\router\router-execution-context.js:55:62
      at async C:\Users\abdul\OneDrive\Desktop\siren-site\siren-site\backend\node_modules\@nestjs\core\router\router-proxy.js:9:17 {
    length: 227,
    severity: 'ERROR',
    code: '23505',
    detail: 'Key (slug)=(sdf) already exists.',
    hint: undefined,
    position: undefined,
    internalPosition: undefined,
    internalQuery: undefined,
    where: undefined,
    schema: 'public',
    table: 'products',
    column: undefined,
    dataType: undefined,
    constraint: 'IDX_464f927ae360106b783ed0b410',
    file: 'nbtinsert.c',
    line: '673',
    routine: '_bt_check_unique'
  },
  length: 227,
  severity: 'ERROR',
  code: '23505',
  detail: 'Key (slug)=(sdf) already exists.',
  hint: undefined,
  position: undefined,
  internalPosition: undefined,
  internalQuery: undefined,
  where: undefined,
  schema: 'public',
  table: 'products',
  column: undefined,
  dataType: undefined,
  constraint: 'IDX_464f927ae360106b783ed0b410',
  file: 'nbtinsert.c',
  line: '673',
  routine: '_bt_check_unique'
}
