
> siren-backend@1.0.0 start:dev
> nest start --watch

[2J[3J[H[[90m5:13:29 PM[0m] Starting compilation in watch mode...

[[90m5:13:34 PM[0m] Found 0 errors. Watching for file changes.

[Nest] 16288  - 09/09/2026, 5:13:37 PM     LOG [NestFactory] Starting Nest application...
[Nest] 16288  - 09/09/2026, 5:13:37 PM     LOG [InstanceLoader] AppModule dependencies initialized +14ms
[Nest] 16288  - 09/09/2026, 5:13:37 PM     LOG [InstanceLoader] TypeOrmModule dependencies initialized +1ms
[Nest] 16288  - 09/09/2026, 5:13:37 PM     LOG [InstanceLoader] PassportModule dependencies initialized +0ms
[Nest] 16288  - 09/09/2026, 5:13:37 PM     LOG [InstanceLoader] ConfigHostModule dependencies initialized +0ms
[Nest] 16288  - 09/09/2026, 5:13:37 PM     LOG [InstanceLoader] ConfigModule dependencies initialized +2ms
[Nest] 16288  - 09/09/2026, 5:13:37 PM     LOG [InstanceLoader] ConfigModule dependencies initialized +0ms
[Nest] 16288  - 09/09/2026, 5:13:37 PM     LOG [InstanceLoader] JwtModule dependencies initialized +62ms
[Nest] 16288  - 09/09/2026, 5:13:38 PM     LOG [InstanceLoader] TypeOrmCoreModule dependencies initialized +162ms
[Nest] 16288  - 09/09/2026, 5:13:38 PM     LOG [InstanceLoader] TypeOrmModule dependencies initialized +1ms
[Nest] 16288  - 09/09/2026, 5:13:38 PM     LOG [InstanceLoader] TypeOrmModule dependencies initialized +0ms
[Nest] 16288  - 09/09/2026, 5:13:38 PM     LOG [InstanceLoader] TypeOrmModule dependencies initialized +0ms
[Nest] 16288  - 09/09/2026, 5:13:38 PM     LOG [InstanceLoader] TypeOrmModule dependencies initialized +0ms
[Nest] 16288  - 09/09/2026, 5:13:38 PM     LOG [InstanceLoader] TypeOrmModule dependencies initialized +0ms
[Nest] 16288  - 09/09/2026, 5:13:38 PM     LOG [InstanceLoader] AuthModule dependencies initialized +3ms
[Nest] 16288  - 09/09/2026, 5:13:38 PM     LOG [InstanceLoader] CatalogModule dependencies initialized +0ms
[Nest] 16288  - 09/09/2026, 5:13:38 PM     LOG [InstanceLoader] CmsModule dependencies initialized +0ms
[Nest] 16288  - 09/09/2026, 5:13:38 PM     LOG [InstanceLoader] AdminModule dependencies initialized +0ms
[Nest] 16288  - 09/09/2026, 5:13:38 PM     LOG [InstanceLoader] CommerceModule dependencies initialized +1ms
[Nest] 16288  - 09/09/2026, 5:13:38 PM     LOG [RoutesResolver] AuthController {/api/auth}: +31ms
[Nest] 16288  - 09/09/2026, 5:13:38 PM     LOG [RouterExplorer] Mapped {/api/auth/login, POST} route +2ms
[Nest] 16288  - 09/09/2026, 5:13:38 PM     LOG [RouterExplorer] Mapped {/api/auth/me, GET} route +1ms
[Nest] 16288  - 09/09/2026, 5:13:38 PM     LOG [RouterExplorer] Mapped {/api/auth/customer/email, POST} route +0ms
[Nest] 16288  - 09/09/2026, 5:13:38 PM     LOG [RouterExplorer] Mapped {/api/auth/customer/verify-registration, POST} route +0ms
[Nest] 16288  - 09/09/2026, 5:13:38 PM     LOG [RouterExplorer] Mapped {/api/auth/customer/register, POST} route +1ms
[Nest] 16288  - 09/09/2026, 5:13:38 PM     LOG [RouterExplorer] Mapped {/api/auth/customer/login, POST} route +0ms
[Nest] 16288  - 09/09/2026, 5:13:38 PM     LOG [RouterExplorer] Mapped {/api/auth/customer/password-reset/request, POST} route +0ms
[Nest] 16288  - 09/09/2026, 5:13:38 PM     LOG [RouterExplorer] Mapped {/api/auth/customer/password-reset/verify, POST} route +1ms
[Nest] 16288  - 09/09/2026, 5:13:38 PM     LOG [RouterExplorer] Mapped {/api/auth/customer/password-reset/complete, POST} route +0ms
[Nest] 16288  - 09/09/2026, 5:13:38 PM     LOG [RouterExplorer] Mapped {/api/auth/customer/me, GET} route +0ms
[Nest] 16288  - 09/09/2026, 5:13:38 PM     LOG [RouterExplorer] Mapped {/api/auth/customer/me, PATCH} route +1ms
[Nest] 16288  - 09/09/2026, 5:13:38 PM     LOG [RoutesResolver] CatalogController {/api/catalog}: +0ms
[Nest] 16288  - 09/09/2026, 5:13:38 PM     LOG [RouterExplorer] Mapped {/api/catalog/products, GET} route +0ms
[Nest] 16288  - 09/09/2026, 5:13:38 PM     LOG [RouterExplorer] Mapped {/api/catalog/products/random, GET} route +1ms
[Nest] 16288  - 09/09/2026, 5:13:38 PM     LOG [RouterExplorer] Mapped {/api/catalog/products/:slug, GET} route +0ms
[Nest] 16288  - 09/09/2026, 5:13:38 PM     LOG [RouterExplorer] Mapped {/api/catalog/categories, GET} route +0ms
[Nest] 16288  - 09/09/2026, 5:13:38 PM     LOG [RouterExplorer] Mapped {/api/catalog/collections, GET} route +0ms
[Nest] 16288  - 09/09/2026, 5:13:38 PM     LOG [RoutesResolver] AdminCatalogController {/api/admin/catalog}: +1ms
[Nest] 16288  - 09/09/2026, 5:13:38 PM     LOG [RouterExplorer] Mapped {/api/admin/catalog/products, GET} route +0ms
[Nest] 16288  - 09/09/2026, 5:13:38 PM     LOG [RouterExplorer] Mapped {/api/admin/catalog/products, POST} route +1ms
[Nest] 16288  - 09/09/2026, 5:13:38 PM     LOG [RouterExplorer] Mapped {/api/admin/catalog/products/:id, PATCH} route +0ms
[Nest] 16288  - 09/09/2026, 5:13:38 PM     LOG [RouterExplorer] Mapped {/api/admin/catalog/products/:id, DELETE} route +1ms
[Nest] 16288  - 09/09/2026, 5:13:38 PM     LOG [RouterExplorer] Mapped {/api/admin/catalog/products/:id/variants, GET} route +0ms
[Nest] 16288  - 09/09/2026, 5:13:38 PM     LOG [RouterExplorer] Mapped {/api/admin/catalog/products/:id/variants, POST} route +0ms
[Nest] 16288  - 09/09/2026, 5:13:38 PM     LOG [RouterExplorer] Mapped {/api/admin/catalog/variants/:id, PATCH} route +1ms
[Nest] 16288  - 09/09/2026, 5:13:38 PM     LOG [RouterExplorer] Mapped {/api/admin/catalog/variants/:id, DELETE} route +0ms
[Nest] 16288  - 09/09/2026, 5:13:38 PM     LOG [RouterExplorer] Mapped {/api/admin/catalog/transfers, GET} route +0ms
[Nest] 16288  - 09/09/2026, 5:13:38 PM     LOG [RouterExplorer] Mapped {/api/admin/catalog/transfers, POST} route +1ms
[Nest] 16288  - 09/09/2026, 5:13:38 PM     LOG [RouterExplorer] Mapped {/api/admin/catalog/transfers/return, POST} route +0ms
[Nest] 16288  - 09/09/2026, 5:13:38 PM     LOG [RouterExplorer] Mapped {/api/admin/catalog/categories, GET} route +0ms
[Nest] 16288  - 09/09/2026, 5:13:38 PM     LOG [RouterExplorer] Mapped {/api/admin/catalog/categories, POST} route +0ms
[Nest] 16288  - 09/09/2026, 5:13:38 PM     LOG [RouterExplorer] Mapped {/api/admin/catalog/categories/:id, PATCH} route +0ms
[Nest] 16288  - 09/09/2026, 5:13:38 PM     LOG [RouterExplorer] Mapped {/api/admin/catalog/categories/:id, DELETE} route +1ms
[Nest] 16288  - 09/09/2026, 5:13:38 PM     LOG [RouterExplorer] Mapped {/api/admin/catalog/collections, GET} route +0ms
[Nest] 16288  - 09/09/2026, 5:13:38 PM     LOG [RouterExplorer] Mapped {/api/admin/catalog/collections, POST} route +0ms
[Nest] 16288  - 09/09/2026, 5:13:38 PM     LOG [RouterExplorer] Mapped {/api/admin/catalog/collections/:id, PATCH} route +0ms
[Nest] 16288  - 09/09/2026, 5:13:38 PM     LOG [RouterExplorer] Mapped {/api/admin/catalog/collections/:id, DELETE} route +1ms
[Nest] 16288  - 09/09/2026, 5:13:38 PM     LOG [RoutesResolver] CheckoutController {/api/checkout}: +0ms
[Nest] 16288  - 09/09/2026, 5:13:38 PM     LOG [RouterExplorer] Mapped {/api/checkout/orders, POST} route +0ms
[Nest] 16288  - 09/09/2026, 5:13:38 PM     LOG [RoutesResolver] AdminCommerceController {/api/admin}: +0ms
[Nest] 16288  - 09/09/2026, 5:13:38 PM     LOG [RouterExplorer] Mapped {/api/admin/orders, GET} route +1ms
[Nest] 16288  - 09/09/2026, 5:13:38 PM     LOG [RouterExplorer] Mapped {/api/admin/orders/:id, PATCH} route +0ms
[Nest] 16288  - 09/09/2026, 5:13:38 PM     LOG [RouterExplorer] Mapped {/api/admin/customers, GET} route +0ms
[Nest] 16288  - 09/09/2026, 5:13:38 PM     LOG [RoutesResolver] CmsController {/api/content}: +0ms
[Nest] 16288  - 09/09/2026, 5:13:38 PM     LOG [RouterExplorer] Mapped {/api/content/banners, GET} route +1ms
[Nest] 16288  - 09/09/2026, 5:13:38 PM     LOG [RouterExplorer] Mapped {/api/content/posts, GET} route +0ms
[Nest] 16288  - 09/09/2026, 5:13:38 PM     LOG [RouterExplorer] Mapped {/api/content/lookbook, GET} route +0ms
[Nest] 16288  - 09/09/2026, 5:13:38 PM     LOG [RouterExplorer] Mapped {/api/content/custom-sections, GET} route +0ms
[Nest] 16288  - 09/09/2026, 5:13:38 PM     LOG [RouterExplorer] Mapped {/api/content/navigation, GET} route +0ms
[Nest] 16288  - 09/09/2026, 5:13:38 PM     LOG [RouterExplorer] Mapped {/api/content/records, GET} route +1ms
[Nest] 16288  - 09/09/2026, 5:13:38 PM     LOG [RouterExplorer] Mapped {/api/content/pages/:slug, GET} route +0ms
[Nest] 16288  - 09/09/2026, 5:13:38 PM     LOG [RoutesResolver] AdminCmsController {/api/admin/content}: +0ms
[Nest] 16288  - 09/09/2026, 5:13:38 PM     LOG [RouterExplorer] Mapped {/api/admin/content/banners, GET} route +0ms
[Nest] 16288  - 09/09/2026, 5:13:38 PM     LOG [RouterExplorer] Mapped {/api/admin/content/banners, POST} route +1ms
[Nest] 16288  - 09/09/2026, 5:13:38 PM     LOG [RouterExplorer] Mapped {/api/admin/content/banners/upload, POST} route +0ms
[Nest] 16288  - 09/09/2026, 5:13:38 PM     LOG [RouterExplorer] Mapped {/api/admin/content/banners/:id, PATCH} route +0ms
[Nest] 16288  - 09/09/2026, 5:13:38 PM     LOG [RouterExplorer] Mapped {/api/admin/content/banners/:id, DELETE} route +1ms
[Nest] 16288  - 09/09/2026, 5:13:38 PM     LOG [RouterExplorer] Mapped {/api/admin/content/posts, GET} route +0ms
[Nest] 16288  - 09/09/2026, 5:13:38 PM     LOG [RouterExplorer] Mapped {/api/admin/content/posts/upload, POST} route +0ms
[Nest] 16288  - 09/09/2026, 5:13:38 PM     LOG [RouterExplorer] Mapped {/api/admin/content/posts, POST} route +0ms
[Nest] 16288  - 09/09/2026, 5:13:38 PM     LOG [RouterExplorer] Mapped {/api/admin/content/posts/:id, PATCH} route +0ms
[Nest] 16288  - 09/09/2026, 5:13:38 PM     LOG [RouterExplorer] Mapped {/api/admin/content/posts/:id, DELETE} route +1ms
[Nest] 16288  - 09/09/2026, 5:13:38 PM     LOG [RouterExplorer] Mapped {/api/admin/content/lookbook, GET} route +0ms
[Nest] 16288  - 09/09/2026, 5:13:38 PM     LOG [RouterExplorer] Mapped {/api/admin/content/lookbook/upload, POST} route +0ms
[Nest] 16288  - 09/09/2026, 5:13:38 PM     LOG [RouterExplorer] Mapped {/api/admin/content/lookbook, POST} route +0ms
[Nest] 16288  - 09/09/2026, 5:13:38 PM     LOG [RouterExplorer] Mapped {/api/admin/content/lookbook/:id, PATCH} route +1ms
[Nest] 16288  - 09/09/2026, 5:13:38 PM     LOG [RouterExplorer] Mapped {/api/admin/content/lookbook/:id, DELETE} route +0ms
[Nest] 16288  - 09/09/2026, 5:13:38 PM     LOG [RouterExplorer] Mapped {/api/admin/content/records, GET} route +0ms
[Nest] 16288  - 09/09/2026, 5:13:38 PM     LOG [RouterExplorer] Mapped {/api/admin/content/records, POST} route +0ms
[Nest] 16288  - 09/09/2026, 5:13:38 PM     LOG [RouterExplorer] Mapped {/api/admin/content/records/:id, PATCH} route +1ms
[Nest] 16288  - 09/09/2026, 5:13:38 PM     LOG [RouterExplorer] Mapped {/api/admin/content/records/:id, DELETE} route +0ms
[Nest] 16288  - 09/09/2026, 5:13:38 PM     LOG [RouterExplorer] Mapped {/api/admin/content/records/upload, POST} route +0ms
[Nest] 16288  - 09/09/2026, 5:13:38 PM     LOG [RouterExplorer] Mapped {/api/admin/content/pages, GET} route +0ms
[Nest] 16288  - 09/09/2026, 5:13:38 PM     LOG [RouterExplorer] Mapped {/api/admin/content/pages, POST} route +1ms
[Nest] 16288  - 09/09/2026, 5:13:38 PM     LOG [RouterExplorer] Mapped {/api/admin/content/pages/:id, PATCH} route +0ms
[Nest] 16288  - 09/09/2026, 5:13:38 PM     LOG [RouterExplorer] Mapped {/api/admin/content/pages/:id/sections, GET} route +0ms
[Nest] 16288  - 09/09/2026, 5:13:38 PM     LOG [RouterExplorer] Mapped {/api/admin/content/pages/:id/sections, POST} route +1ms
[Nest] 16288  - 09/09/2026, 5:13:38 PM     LOG [RouterExplorer] Mapped {/api/admin/content/sections/:id, PATCH} route +0ms
[Nest] 16288  - 09/09/2026, 5:13:38 PM     LOG [RouterExplorer] Mapped {/api/admin/content/sections/:id, DELETE} route +0ms
[Nest] 16288  - 09/09/2026, 5:13:38 PM     LOG [RouterExplorer] Mapped {/api/admin/content/settings, GET} route +0ms
[Nest] 16288  - 09/09/2026, 5:13:38 PM     LOG [RouterExplorer] Mapped {/api/admin/content/settings/:key, PUT} route +1ms
[Nest] 16288  - 09/09/2026, 5:13:38 PM     LOG [RoutesResolver] AdminController {/api/admin}: +0ms
[Nest] 16288  - 09/09/2026, 5:13:38 PM     LOG [RouterExplorer] Mapped {/api/admin/dashboard, GET} route +0ms
[Nest] 16288  - 09/09/2026, 5:13:38 PM     LOG [RouterExplorer] Mapped {/api/admin/audit-logs, GET} route +0ms
[Nest] 16288  - 09/09/2026, 5:13:38 PM     LOG [RouterExplorer] Mapped {/api/admin/users, GET} route +1ms
[Nest] 16288  - 09/09/2026, 5:13:38 PM     LOG [RouterExplorer] Mapped {/api/admin/users, POST} route +0ms
[Nest] 16288  - 09/09/2026, 5:13:38 PM     LOG [RouterExplorer] Mapped {/api/admin/users/:id, PATCH} route +1ms
[Nest] 16288  - 09/09/2026, 5:13:38 PM     LOG [NestApplication] Nest application successfully started +8ms
[2J[3J[H[[90m5:25:55 PM[0m] File change detected. Starting incremental compilation...

[[90m5:25:56 PM[0m] Found 0 errors. Watching for file changes.

[2J[3J[H[[90m5:25:57 PM[0m] File change detected. Starting incremental compilation...

[[90m5:25:58 PM[0m] Found 0 errors. Watching for file changes.

[2J[3J[H[[90m5:26:01 PM[0m] File change detected. Starting incremental compilation...

[[90m5:26:02 PM[0m] Found 0 errors. Watching for file changes.

[Nest] 45780  - 09/09/2026, 5:26:07 PM     LOG [NestFactory] Starting Nest application...
[Nest] 45780  - 09/09/2026, 5:26:07 PM     LOG [InstanceLoader] AppModule dependencies initialized +21ms
[Nest] 45780  - 09/09/2026, 5:26:07 PM     LOG [InstanceLoader] TypeOrmModule dependencies initialized +0ms
[Nest] 45780  - 09/09/2026, 5:26:07 PM     LOG [InstanceLoader] PassportModule dependencies initialized +0ms
[Nest] 45780  - 09/09/2026, 5:26:07 PM     LOG [InstanceLoader] ConfigHostModule dependencies initialized +1ms
[Nest] 45780  - 09/09/2026, 5:26:07 PM     LOG [InstanceLoader] ConfigModule dependencies initialized +2ms
[Nest] 45780  - 09/09/2026, 5:26:07 PM     LOG [InstanceLoader] ConfigModule dependencies initialized +0ms
[Nest] 45780  - 09/09/2026, 5:26:07 PM     LOG [InstanceLoader] JwtModule dependencies initialized +65ms
[Nest] 45780  - 09/09/2026, 5:26:07 PM     LOG [InstanceLoader] TypeOrmCoreModule dependencies initialized +173ms
[Nest] 45780  - 09/09/2026, 5:26:07 PM     LOG [InstanceLoader] TypeOrmModule dependencies initialized +1ms
[Nest] 45780  - 09/09/2026, 5:26:07 PM     LOG [InstanceLoader] TypeOrmModule dependencies initialized +0ms
[Nest] 45780  - 09/09/2026, 5:26:07 PM     LOG [InstanceLoader] TypeOrmModule dependencies initialized +0ms
[Nest] 45780  - 09/09/2026, 5:26:07 PM     LOG [InstanceLoader] TypeOrmModule dependencies initialized +1ms
[Nest] 45780  - 09/09/2026, 5:26:07 PM     LOG [InstanceLoader] TypeOrmModule dependencies initialized +0ms
[Nest] 45780  - 09/09/2026, 5:26:07 PM     LOG [InstanceLoader] AuthModule dependencies initialized +3ms
[Nest] 45780  - 09/09/2026, 5:26:07 PM     LOG [InstanceLoader] CatalogModule dependencies initialized +1ms
[Nest] 45780  - 09/09/2026, 5:26:07 PM     LOG [InstanceLoader] CmsModule dependencies initialized +0ms
[Nest] 45780  - 09/09/2026, 5:26:07 PM     LOG [InstanceLoader] AdminModule dependencies initialized +0ms
[Nest] 45780  - 09/09/2026, 5:26:07 PM     LOG [InstanceLoader] CommerceModule dependencies initialized +0ms
[Nest] 45780  - 09/09/2026, 5:26:07 PM     LOG [RoutesResolver] AuthController {/api/auth}: +38ms
[Nest] 45780  - 09/09/2026, 5:26:07 PM     LOG [RouterExplorer] Mapped {/api/auth/login, POST} route +4ms
[Nest] 45780  - 09/09/2026, 5:26:07 PM     LOG [RouterExplorer] Mapped {/api/auth/me, GET} route +1ms
[Nest] 45780  - 09/09/2026, 5:26:07 PM     LOG [RouterExplorer] Mapped {/api/auth/customer/email, POST} route +0ms
[Nest] 45780  - 09/09/2026, 5:26:07 PM     LOG [RouterExplorer] Mapped {/api/auth/customer/verify-registration, POST} route +1ms
[Nest] 45780  - 09/09/2026, 5:26:07 PM     LOG [RouterExplorer] Mapped {/api/auth/customer/register, POST} route +0ms
[Nest] 45780  - 09/09/2026, 5:26:07 PM     LOG [RouterExplorer] Mapped {/api/auth/customer/login, POST} route +1ms
[Nest] 45780  - 09/09/2026, 5:26:07 PM     LOG [RouterExplorer] Mapped {/api/auth/customer/password-reset/request, POST} route +0ms
[Nest] 45780  - 09/09/2026, 5:26:07 PM     LOG [RouterExplorer] Mapped {/api/auth/customer/password-reset/verify, POST} route +1ms
[Nest] 45780  - 09/09/2026, 5:26:07 PM     LOG [RouterExplorer] Mapped {/api/auth/customer/password-reset/complete, POST} route +0ms
[Nest] 45780  - 09/09/2026, 5:26:07 PM     LOG [RouterExplorer] Mapped {/api/auth/customer/me, GET} route +1ms
[Nest] 45780  - 09/09/2026, 5:26:07 PM     LOG [RouterExplorer] Mapped {/api/auth/customer/me, PATCH} route +0ms
[Nest] 45780  - 09/09/2026, 5:26:07 PM     LOG [RoutesResolver] CatalogController {/api/catalog}: +1ms
[Nest] 45780  - 09/09/2026, 5:26:07 PM     LOG [RouterExplorer] Mapped {/api/catalog/products, GET} route +0ms
[Nest] 45780  - 09/09/2026, 5:26:07 PM     LOG [RouterExplorer] Mapped {/api/catalog/products/random, GET} route +0ms
[Nest] 45780  - 09/09/2026, 5:26:07 PM     LOG [RouterExplorer] Mapped {/api/catalog/products/:slug, GET} route +1ms
[Nest] 45780  - 09/09/2026, 5:26:07 PM     LOG [RouterExplorer] Mapped {/api/catalog/categories, GET} route +0ms
[Nest] 45780  - 09/09/2026, 5:26:07 PM     LOG [RouterExplorer] Mapped {/api/catalog/collections, GET} route +1ms
[Nest] 45780  - 09/09/2026, 5:26:07 PM     LOG [RoutesResolver] AdminCatalogController {/api/admin/catalog}: +0ms
[Nest] 45780  - 09/09/2026, 5:26:07 PM     LOG [RouterExplorer] Mapped {/api/admin/catalog/products, GET} route +0ms
[Nest] 45780  - 09/09/2026, 5:26:07 PM     LOG [RouterExplorer] Mapped {/api/admin/catalog/products, POST} route +1ms
[Nest] 45780  - 09/09/2026, 5:26:07 PM     LOG [RouterExplorer] Mapped {/api/admin/catalog/products/:id, PATCH} route +0ms
[Nest] 45780  - 09/09/2026, 5:26:07 PM     LOG [RouterExplorer] Mapped {/api/admin/catalog/products/:id, DELETE} route +1ms
[Nest] 45780  - 09/09/2026, 5:26:07 PM     LOG [RouterExplorer] Mapped {/api/admin/catalog/products/:id/variants, GET} route +0ms
[Nest] 45780  - 09/09/2026, 5:26:07 PM     LOG [RouterExplorer] Mapped {/api/admin/catalog/products/:id/variants, POST} route +0ms
[Nest] 45780  - 09/09/2026, 5:26:07 PM     LOG [RouterExplorer] Mapped {/api/admin/catalog/variants/:id, PATCH} route +1ms
[Nest] 45780  - 09/09/2026, 5:26:07 PM     LOG [RouterExplorer] Mapped {/api/admin/catalog/variants/:id, DELETE} route +0ms
[Nest] 45780  - 09/09/2026, 5:26:07 PM     LOG [RouterExplorer] Mapped {/api/admin/catalog/transfers, GET} route +0ms
[Nest] 45780  - 09/09/2026, 5:26:07 PM     LOG [RouterExplorer] Mapped {/api/admin/catalog/transfers, POST} route +1ms
[Nest] 45780  - 09/09/2026, 5:26:07 PM     LOG [RouterExplorer] Mapped {/api/admin/catalog/transfers/return, POST} route +0ms
[Nest] 45780  - 09/09/2026, 5:26:07 PM     LOG [RouterExplorer] Mapped {/api/admin/catalog/categories, GET} route +0ms
[Nest] 45780  - 09/09/2026, 5:26:07 PM     LOG [RouterExplorer] Mapped {/api/admin/catalog/categories, POST} route +1ms
[Nest] 45780  - 09/09/2026, 5:26:07 PM     LOG [RouterExplorer] Mapped {/api/admin/catalog/categories/:id, PATCH} route +0ms
[Nest] 45780  - 09/09/2026, 5:26:07 PM     LOG [RouterExplorer] Mapped {/api/admin/catalog/categories/:id, DELETE} route +1ms
[Nest] 45780  - 09/09/2026, 5:26:07 PM     LOG [RouterExplorer] Mapped {/api/admin/catalog/collections, GET} route +0ms
[Nest] 45780  - 09/09/2026, 5:26:07 PM     LOG [RouterExplorer] Mapped {/api/admin/catalog/collections, POST} route +0ms
[Nest] 45780  - 09/09/2026, 5:26:07 PM     LOG [RouterExplorer] Mapped {/api/admin/catalog/collections/:id, PATCH} route +1ms
[Nest] 45780  - 09/09/2026, 5:26:07 PM     LOG [RouterExplorer] Mapped {/api/admin/catalog/collections/:id, DELETE} route +0ms
[Nest] 45780  - 09/09/2026, 5:26:07 PM     LOG [RoutesResolver] CheckoutController {/api/checkout}: +0ms
[Nest] 45780  - 09/09/2026, 5:26:07 PM     LOG [RouterExplorer] Mapped {/api/checkout/orders, POST} route +1ms
[Nest] 45780  - 09/09/2026, 5:26:07 PM     LOG [RoutesResolver] AdminCommerceController {/api/admin}: +0ms
[Nest] 45780  - 09/09/2026, 5:26:07 PM     LOG [RouterExplorer] Mapped {/api/admin/orders, GET} route +1ms
[Nest] 45780  - 09/09/2026, 5:26:07 PM     LOG [RouterExplorer] Mapped {/api/admin/orders/:id, PATCH} route +0ms
[Nest] 45780  - 09/09/2026, 5:26:07 PM     LOG [RouterExplorer] Mapped {/api/admin/customers, GET} route +0ms
[Nest] 45780  - 09/09/2026, 5:26:07 PM     LOG [RoutesResolver] CmsController {/api/content}: +1ms
[Nest] 45780  - 09/09/2026, 5:26:07 PM     LOG [RouterExplorer] Mapped {/api/content/banners, GET} route +0ms
[Nest] 45780  - 09/09/2026, 5:26:07 PM     LOG [RouterExplorer] Mapped {/api/content/posts, GET} route +0ms
[Nest] 45780  - 09/09/2026, 5:26:07 PM     LOG [RouterExplorer] Mapped {/api/content/lookbook, GET} route +1ms
[Nest] 45780  - 09/09/2026, 5:26:07 PM     LOG [RouterExplorer] Mapped {/api/content/custom-sections, GET} route +0ms
[Nest] 45780  - 09/09/2026, 5:26:07 PM     LOG [RouterExplorer] Mapped {/api/content/navigation, GET} route +0ms
[Nest] 45780  - 09/09/2026, 5:26:07 PM     LOG [RouterExplorer] Mapped {/api/content/records, GET} route +0ms
[Nest] 45780  - 09/09/2026, 5:26:07 PM     LOG [RouterExplorer] Mapped {/api/content/pages/:slug, GET} route +1ms
[Nest] 45780  - 09/09/2026, 5:26:07 PM     LOG [RoutesResolver] AdminCmsController {/api/admin/content}: +0ms
[Nest] 45780  - 09/09/2026, 5:26:07 PM     LOG [RouterExplorer] Mapped {/api/admin/content/banners, GET} route +0ms
[Nest] 45780  - 09/09/2026, 5:26:07 PM     LOG [RouterExplorer] Mapped {/api/admin/content/banners, POST} route +1ms
[Nest] 45780  - 09/09/2026, 5:26:07 PM     LOG [RouterExplorer] Mapped {/api/admin/content/banners/upload, POST} route +1ms
[Nest] 45780  - 09/09/2026, 5:26:07 PM     LOG [RouterExplorer] Mapped {/api/admin/content/banners/:id, PATCH} route +0ms
[Nest] 45780  - 09/09/2026, 5:26:07 PM     LOG [RouterExplorer] Mapped {/api/admin/content/banners/:id, DELETE} route +0ms
[Nest] 45780  - 09/09/2026, 5:26:07 PM     LOG [RouterExplorer] Mapped {/api/admin/content/posts, GET} route +1ms
[Nest] 45780  - 09/09/2026, 5:26:07 PM     LOG [RouterExplorer] Mapped {/api/admin/content/posts/upload, POST} route +0ms
[Nest] 45780  - 09/09/2026, 5:26:07 PM     LOG [RouterExplorer] Mapped {/api/admin/content/posts, POST} route +1ms
[Nest] 45780  - 09/09/2026, 5:26:07 PM     LOG [RouterExplorer] Mapped {/api/admin/content/posts/:id, PATCH} route +0ms
[Nest] 45780  - 09/09/2026, 5:26:07 PM     LOG [RouterExplorer] Mapped {/api/admin/content/posts/:id, DELETE} route +1ms
[Nest] 45780  - 09/09/2026, 5:26:07 PM     LOG [RouterExplorer] Mapped {/api/admin/content/lookbook, GET} route +0ms
[Nest] 45780  - 09/09/2026, 5:26:07 PM     LOG [RouterExplorer] Mapped {/api/admin/content/lookbook/upload, POST} route +0ms
[Nest] 45780  - 09/09/2026, 5:26:07 PM     LOG [RouterExplorer] Mapped {/api/admin/content/lookbook, POST} route +1ms
[Nest] 45780  - 09/09/2026, 5:26:07 PM     LOG [RouterExplorer] Mapped {/api/admin/content/lookbook/:id, PATCH} route +0ms
[Nest] 45780  - 09/09/2026, 5:26:07 PM     LOG [RouterExplorer] Mapped {/api/admin/content/lookbook/:id, DELETE} route +1ms
[Nest] 45780  - 09/09/2026, 5:26:07 PM     LOG [RouterExplorer] Mapped {/api/admin/content/records, GET} route +0ms
[Nest] 45780  - 09/09/2026, 5:26:07 PM     LOG [RouterExplorer] Mapped {/api/admin/content/records, POST} route +0ms
[Nest] 45780  - 09/09/2026, 5:26:07 PM     LOG [RouterExplorer] Mapped {/api/admin/content/records/:id, PATCH} route +1ms
[Nest] 45780  - 09/09/2026, 5:26:07 PM     LOG [RouterExplorer] Mapped {/api/admin/content/records/:id, DELETE} route +0ms
[Nest] 45780  - 09/09/2026, 5:26:07 PM     LOG [RouterExplorer] Mapped {/api/admin/content/records/upload, POST} route +1ms
[Nest] 45780  - 09/09/2026, 5:26:07 PM     LOG [RouterExplorer] Mapped {/api/admin/content/pages, GET} route +0ms
[Nest] 45780  - 09/09/2026, 5:26:07 PM     LOG [RouterExplorer] Mapped {/api/admin/content/pages, POST} route +0ms
[Nest] 45780  - 09/09/2026, 5:26:07 PM     LOG [RouterExplorer] Mapped {/api/admin/content/pages/:id, PATCH} route +1ms
[Nest] 45780  - 09/09/2026, 5:26:07 PM     LOG [RouterExplorer] Mapped {/api/admin/content/pages/:id/sections, GET} route +0ms
[Nest] 45780  - 09/09/2026, 5:26:07 PM     LOG [RouterExplorer] Mapped {/api/admin/content/pages/:id/sections, POST} route +0ms
[Nest] 45780  - 09/09/2026, 5:26:07 PM     LOG [RouterExplorer] Mapped {/api/admin/content/sections/:id, PATCH} route +1ms
[Nest] 45780  - 09/09/2026, 5:26:07 PM     LOG [RouterExplorer] Mapped {/api/admin/content/sections/:id, DELETE} route +0ms
[Nest] 45780  - 09/09/2026, 5:26:07 PM     LOG [RouterExplorer] Mapped {/api/admin/content/settings, GET} route +1ms
[Nest] 45780  - 09/09/2026, 5:26:07 PM     LOG [RouterExplorer] Mapped {/api/admin/content/settings/:key, PUT} route +1ms
[Nest] 45780  - 09/09/2026, 5:26:07 PM     LOG [RoutesResolver] AdminController {/api/admin}: +0ms
[Nest] 45780  - 09/09/2026, 5:26:07 PM     LOG [RouterExplorer] Mapped {/api/admin/dashboard, GET} route +0ms
[Nest] 45780  - 09/09/2026, 5:26:07 PM     LOG [RouterExplorer] Mapped {/api/admin/audit-logs, GET} route +1ms
[Nest] 45780  - 09/09/2026, 5:26:07 PM     LOG [RouterExplorer] Mapped {/api/admin/users, GET} route +0ms
[Nest] 45780  - 09/09/2026, 5:26:07 PM     LOG [RouterExplorer] Mapped {/api/admin/users, POST} route +0ms
[Nest] 45780  - 09/09/2026, 5:26:07 PM     LOG [RouterExplorer] Mapped {/api/admin/users/:id, PATCH} route +1ms
[Nest] 45780  - 09/09/2026, 5:26:07 PM     LOG [NestApplication] Nest application successfully started +11ms
[2J[3J[H[[90m5:45:52 PM[0m] File change detected. Starting incremental compilation...

[[90m5:45:54 PM[0m] Found 0 errors. Watching for file changes.

[2J[3J[H[[90m5:45:54 PM[0m] File change detected. Starting incremental compilation...

[[90m5:45:55 PM[0m] Found 0 errors. Watching for file changes.

[2J[3J[H[[90m5:45:56 PM[0m] File change detected. Starting incremental compilation...

[96msrc/catalog/catalog.controller.ts[0m:[93m65[0m:[93m91[0m - [91merror[0m[90m TS2339: [0mProperty 'publicListing' does not exist on type 'CatalogService'.

[7m65[0m   @Get('products/listing') listing(@Query() query: ListingQueryDto) { return this.catalog.publicListing(query); }
[7m  [0m [91m                                                                                          ~~~~~~~~~~~~~[0m

[[90m5:45:57 PM[0m] Found 1 error. Watching for file changes.

[2J[3J[H[[90m5:45:58 PM[0m] File change detected. Starting incremental compilation...

[96msrc/catalog/catalog.controller.ts[0m:[93m65[0m:[93m91[0m - [91merror[0m[90m TS2339: [0mProperty 'publicListing' does not exist on type 'CatalogService'.

[7m65[0m   @Get('products/listing') listing(@Query() query: ListingQueryDto) { return this.catalog.publicListing(query); }
[7m  [0m [91m                                                                                          ~~~~~~~~~~~~~[0m

[[90m5:45:58 PM[0m] Found 1 error. Watching for file changes.

[2J[3J[H[[90m5:45:58 PM[0m] File change detected. Starting incremental compilation...

[Nest] 8744  - 09/09/2026, 5:45:59 PM     LOG [NestFactory] Starting Nest application...
[Nest] 8744  - 09/09/2026, 5:45:59 PM     LOG [InstanceLoader] AppModule dependencies initialized +27ms
[Nest] 8744  - 09/09/2026, 5:45:59 PM     LOG [InstanceLoader] TypeOrmModule dependencies initialized +1ms
[Nest] 8744  - 09/09/2026, 5:45:59 PM     LOG [InstanceLoader] PassportModule dependencies initialized +0ms
[Nest] 8744  - 09/09/2026, 5:45:59 PM     LOG [InstanceLoader] ConfigHostModule dependencies initialized +0ms
[Nest] 8744  - 09/09/2026, 5:45:59 PM     LOG [InstanceLoader] ConfigModule dependencies initialized +2ms
[Nest] 8744  - 09/09/2026, 5:45:59 PM     LOG [InstanceLoader] ConfigModule dependencies initialized +0ms
[Nest] 8744  - 09/09/2026, 5:45:59 PM     LOG [InstanceLoader] JwtModule dependencies initialized +83ms
[[90m5:46:00 PM[0m] Found 0 errors. Watching for file changes.

[2J[3J[H[[90m5:46:00 PM[0m] File change detected. Starting incremental compilation...

[[90m5:46:01 PM[0m] Found 0 errors. Watching for file changes.

[Nest] 12584  - 09/09/2026, 5:46:04 PM     LOG [NestFactory] Starting Nest application...
[Nest] 12584  - 09/09/2026, 5:46:04 PM     LOG [InstanceLoader] AppModule dependencies initialized +18ms
[Nest] 12584  - 09/09/2026, 5:46:04 PM     LOG [InstanceLoader] TypeOrmModule dependencies initialized +0ms
[Nest] 12584  - 09/09/2026, 5:46:04 PM     LOG [InstanceLoader] PassportModule dependencies initialized +0ms
[Nest] 12584  - 09/09/2026, 5:46:04 PM     LOG [InstanceLoader] ConfigHostModule dependencies initialized +1ms
[Nest] 12584  - 09/09/2026, 5:46:04 PM     LOG [InstanceLoader] ConfigModule dependencies initialized +1ms
[Nest] 12584  - 09/09/2026, 5:46:04 PM     LOG [InstanceLoader] ConfigModule dependencies initialized +1ms
[Nest] 12584  - 09/09/2026, 5:46:04 PM     LOG [InstanceLoader] JwtModule dependencies initialized +64ms
[Nest] 12584  - 09/09/2026, 5:46:05 PM     LOG [InstanceLoader] TypeOrmCoreModule dependencies initialized +230ms
[Nest] 12584  - 09/09/2026, 5:46:05 PM     LOG [InstanceLoader] TypeOrmModule dependencies initialized +0ms
[Nest] 12584  - 09/09/2026, 5:46:05 PM     LOG [InstanceLoader] TypeOrmModule dependencies initialized +1ms
[Nest] 12584  - 09/09/2026, 5:46:05 PM     LOG [InstanceLoader] TypeOrmModule dependencies initialized +0ms
[Nest] 12584  - 09/09/2026, 5:46:05 PM     LOG [InstanceLoader] TypeOrmModule dependencies initialized +0ms
[Nest] 12584  - 09/09/2026, 5:46:05 PM     LOG [InstanceLoader] TypeOrmModule dependencies initialized +0ms
[Nest] 12584  - 09/09/2026, 5:46:05 PM     LOG [InstanceLoader] AuthModule dependencies initialized +3ms
[Nest] 12584  - 09/09/2026, 5:46:05 PM     LOG [InstanceLoader] CatalogModule dependencies initialized +1ms
[Nest] 12584  - 09/09/2026, 5:46:05 PM     LOG [InstanceLoader] CmsModule dependencies initialized +0ms
[Nest] 12584  - 09/09/2026, 5:46:05 PM     LOG [InstanceLoader] AdminModule dependencies initialized +0ms
[Nest] 12584  - 09/09/2026, 5:46:05 PM     LOG [InstanceLoader] CommerceModule dependencies initialized +1ms
[Nest] 12584  - 09/09/2026, 5:46:05 PM     LOG [RoutesResolver] AuthController {/api/auth}: +39ms
[Nest] 12584  - 09/09/2026, 5:46:05 PM     LOG [RouterExplorer] Mapped {/api/auth/login, POST} route +3ms
[Nest] 12584  - 09/09/2026, 5:46:05 PM     LOG [RouterExplorer] Mapped {/api/auth/me, GET} route +0ms
[Nest] 12584  - 09/09/2026, 5:46:05 PM     LOG [RouterExplorer] Mapped {/api/auth/customer/email, POST} route +1ms
[Nest] 12584  - 09/09/2026, 5:46:05 PM     LOG [RouterExplorer] Mapped {/api/auth/customer/verify-registration, POST} route +0ms
[Nest] 12584  - 09/09/2026, 5:46:05 PM     LOG [RouterExplorer] Mapped {/api/auth/customer/register, POST} route +0ms
[Nest] 12584  - 09/09/2026, 5:46:05 PM     LOG [RouterExplorer] Mapped {/api/auth/customer/login, POST} route +1ms
[Nest] 12584  - 09/09/2026, 5:46:05 PM     LOG [RouterExplorer] Mapped {/api/auth/customer/password-reset/request, POST} route +0ms
[Nest] 12584  - 09/09/2026, 5:46:05 PM     LOG [RouterExplorer] Mapped {/api/auth/customer/password-reset/verify, POST} route +1ms
[Nest] 12584  - 09/09/2026, 5:46:05 PM     LOG [RouterExplorer] Mapped {/api/auth/customer/password-reset/complete, POST} route +0ms
[Nest] 12584  - 09/09/2026, 5:46:05 PM     LOG [RouterExplorer] Mapped {/api/auth/customer/me, GET} route +1ms
[Nest] 12584  - 09/09/2026, 5:46:05 PM     LOG [RouterExplorer] Mapped {/api/auth/customer/me, PATCH} route +0ms
[Nest] 12584  - 09/09/2026, 5:46:05 PM     LOG [RoutesResolver] CatalogController {/api/catalog}: +1ms
[Nest] 12584  - 09/09/2026, 5:46:05 PM     LOG [RouterExplorer] Mapped {/api/catalog/products, GET} route +0ms
[Nest] 12584  - 09/09/2026, 5:46:05 PM     LOG [RouterExplorer] Mapped {/api/catalog/products/listing, GET} route +1ms
[Nest] 12584  - 09/09/2026, 5:46:05 PM     LOG [RouterExplorer] Mapped {/api/catalog/products/random, GET} route +0ms
[Nest] 12584  - 09/09/2026, 5:46:05 PM     LOG [RouterExplorer] Mapped {/api/catalog/products/:slug, GET} route +0ms
[Nest] 12584  - 09/09/2026, 5:46:05 PM     LOG [RouterExplorer] Mapped {/api/catalog/categories, GET} route +1ms
[Nest] 12584  - 09/09/2026, 5:46:05 PM     LOG [RouterExplorer] Mapped {/api/catalog/collections, GET} route +0ms
[Nest] 12584  - 09/09/2026, 5:46:05 PM     LOG [RoutesResolver] AdminCatalogController {/api/admin/catalog}: +0ms
[Nest] 12584  - 09/09/2026, 5:46:05 PM     LOG [RouterExplorer] Mapped {/api/admin/catalog/products, GET} route +1ms
[Nest] 12584  - 09/09/2026, 5:46:05 PM     LOG [RouterExplorer] Mapped {/api/admin/catalog/products, POST} route +0ms
[Nest] 12584  - 09/09/2026, 5:46:05 PM     LOG [RouterExplorer] Mapped {/api/admin/catalog/products/:id, PATCH} route +0ms
[Nest] 12584  - 09/09/2026, 5:46:05 PM     LOG [RouterExplorer] Mapped {/api/admin/catalog/products/:id, DELETE} route +1ms
[Nest] 12584  - 09/09/2026, 5:46:05 PM     LOG [RouterExplorer] Mapped {/api/admin/catalog/products/:id/variants, GET} route +0ms
[Nest] 12584  - 09/09/2026, 5:46:05 PM     LOG [RouterExplorer] Mapped {/api/admin/catalog/products/:id/variants, POST} route +0ms
[Nest] 12584  - 09/09/2026, 5:46:05 PM     LOG [RouterExplorer] Mapped {/api/admin/catalog/variants/:id, PATCH} route +1ms
[Nest] 12584  - 09/09/2026, 5:46:05 PM     LOG [RouterExplorer] Mapped {/api/admin/catalog/variants/:id, DELETE} route +0ms
[Nest] 12584  - 09/09/2026, 5:46:05 PM     LOG [RouterExplorer] Mapped {/api/admin/catalog/transfers, GET} route +0ms
[Nest] 12584  - 09/09/2026, 5:46:05 PM     LOG [RouterExplorer] Mapped {/api/admin/catalog/transfers, POST} route +0ms
[Nest] 12584  - 09/09/2026, 5:46:05 PM     LOG [RouterExplorer] Mapped {/api/admin/catalog/transfers/return, POST} route +1ms
[Nest] 12584  - 09/09/2026, 5:46:05 PM     LOG [RouterExplorer] Mapped {/api/admin/catalog/categories, GET} route +0ms
[Nest] 12584  - 09/09/2026, 5:46:05 PM     LOG [RouterExplorer] Mapped {/api/admin/catalog/categories, POST} route +0ms
[Nest] 12584  - 09/09/2026, 5:46:05 PM     LOG [RouterExplorer] Mapped {/api/admin/catalog/categories/:id, PATCH} route +1ms
[Nest] 12584  - 09/09/2026, 5:46:05 PM     LOG [RouterExplorer] Mapped {/api/admin/catalog/categories/:id, DELETE} route +0ms
[Nest] 12584  - 09/09/2026, 5:46:05 PM     LOG [RouterExplorer] Mapped {/api/admin/catalog/collections, GET} route +0ms
[Nest] 12584  - 09/09/2026, 5:46:05 PM     LOG [RouterExplorer] Mapped {/api/admin/catalog/collections, POST} route +0ms
[Nest] 12584  - 09/09/2026, 5:46:05 PM     LOG [RouterExplorer] Mapped {/api/admin/catalog/collections/:id, PATCH} route +1ms
[Nest] 12584  - 09/09/2026, 5:46:05 PM     LOG [RouterExplorer] Mapped {/api/admin/catalog/collections/:id, DELETE} route +0ms
[Nest] 12584  - 09/09/2026, 5:46:05 PM     LOG [RoutesResolver] CheckoutController {/api/checkout}: +0ms
[Nest] 12584  - 09/09/2026, 5:46:05 PM     LOG [RouterExplorer] Mapped {/api/checkout/orders, POST} route +0ms
[Nest] 12584  - 09/09/2026, 5:46:05 PM     LOG [RoutesResolver] AdminCommerceController {/api/admin}: +1ms
[Nest] 12584  - 09/09/2026, 5:46:05 PM     LOG [RouterExplorer] Mapped {/api/admin/orders, GET} route +0ms
[Nest] 12584  - 09/09/2026, 5:46:05 PM     LOG [RouterExplorer] Mapped {/api/admin/orders/:id, PATCH} route +0ms
[Nest] 12584  - 09/09/2026, 5:46:05 PM     LOG [RouterExplorer] Mapped {/api/admin/customers, GET} route +1ms
[Nest] 12584  - 09/09/2026, 5:46:05 PM     LOG [RoutesResolver] CmsController {/api/content}: +0ms
[Nest] 12584  - 09/09/2026, 5:46:05 PM     LOG [RouterExplorer] Mapped {/api/content/banners, GET} route +0ms
[Nest] 12584  - 09/09/2026, 5:46:05 PM     LOG [RouterExplorer] Mapped {/api/content/posts, GET} route +0ms
[Nest] 12584  - 09/09/2026, 5:46:05 PM     LOG [RouterExplorer] Mapped {/api/content/lookbook, GET} route +1ms
[Nest] 12584  - 09/09/2026, 5:46:05 PM     LOG [RouterExplorer] Mapped {/api/content/custom-sections, GET} route +0ms
[Nest] 12584  - 09/09/2026, 5:46:05 PM     LOG [RouterExplorer] Mapped {/api/content/navigation, GET} route +0ms
[Nest] 12584  - 09/09/2026, 5:46:05 PM     LOG [RouterExplorer] Mapped {/api/content/records, GET} route +0ms
[Nest] 12584  - 09/09/2026, 5:46:05 PM     LOG [RouterExplorer] Mapped {/api/content/pages/:slug, GET} route +1ms
[Nest] 12584  - 09/09/2026, 5:46:05 PM     LOG [RoutesResolver] AdminCmsController {/api/admin/content}: +0ms
[Nest] 12584  - 09/09/2026, 5:46:05 PM     LOG [RouterExplorer] Mapped {/api/admin/content/banners, GET} route +0ms
[Nest] 12584  - 09/09/2026, 5:46:05 PM     LOG [RouterExplorer] Mapped {/api/admin/content/banners, POST} route +0ms
[Nest] 12584  - 09/09/2026, 5:46:05 PM     LOG [RouterExplorer] Mapped {/api/admin/content/banners/upload, POST} route +1ms
[Nest] 12584  - 09/09/2026, 5:46:05 PM     LOG [RouterExplorer] Mapped {/api/admin/content/banners/:id, PATCH} route +0ms
[Nest] 12584  - 09/09/2026, 5:46:05 PM     LOG [RouterExplorer] Mapped {/api/admin/content/banners/:id, DELETE} route +1ms
[Nest] 12584  - 09/09/2026, 5:46:05 PM     LOG [RouterExplorer] Mapped {/api/admin/content/posts, GET} route +0ms
[Nest] 12584  - 09/09/2026, 5:46:05 PM     LOG [RouterExplorer] Mapped {/api/admin/content/posts/upload, POST} route +0ms
[Nest] 12584  - 09/09/2026, 5:46:05 PM     LOG [RouterExplorer] Mapped {/api/admin/content/posts, POST} route +1ms
[Nest] 12584  - 09/09/2026, 5:46:05 PM     LOG [RouterExplorer] Mapped {/api/admin/content/posts/:id, PATCH} route +0ms
[Nest] 12584  - 09/09/2026, 5:46:05 PM     LOG [RouterExplorer] Mapped {/api/admin/content/posts/:id, DELETE} route +0ms
[Nest] 12584  - 09/09/2026, 5:46:05 PM     LOG [RouterExplorer] Mapped {/api/admin/content/lookbook, GET} route +1ms
[Nest] 12584  - 09/09/2026, 5:46:05 PM     LOG [RouterExplorer] Mapped {/api/admin/content/lookbook/upload, POST} route +0ms
[Nest] 12584  - 09/09/2026, 5:46:05 PM     LOG [RouterExplorer] Mapped {/api/admin/content/lookbook, POST} route +0ms
[Nest] 12584  - 09/09/2026, 5:46:05 PM     LOG [RouterExplorer] Mapped {/api/admin/content/lookbook/:id, PATCH} route +1ms
[Nest] 12584  - 09/09/2026, 5:46:05 PM     LOG [RouterExplorer] Mapped {/api/admin/content/lookbook/:id, DELETE} route +0ms
[Nest] 12584  - 09/09/2026, 5:46:05 PM     LOG [RouterExplorer] Mapped {/api/admin/content/records, GET} route +1ms
[Nest] 12584  - 09/09/2026, 5:46:05 PM     LOG [RouterExplorer] Mapped {/api/admin/content/records, POST} route +0ms
[Nest] 12584  - 09/09/2026, 5:46:05 PM     LOG [RouterExplorer] Mapped {/api/admin/content/records/:id, PATCH} route +0ms
[Nest] 12584  - 09/09/2026, 5:46:05 PM     LOG [RouterExplorer] Mapped {/api/admin/content/records/:id, DELETE} route +0ms
[Nest] 12584  - 09/09/2026, 5:46:05 PM     LOG [RouterExplorer] Mapped {/api/admin/content/records/upload, POST} route +1ms
[Nest] 12584  - 09/09/2026, 5:46:05 PM     LOG [RouterExplorer] Mapped {/api/admin/content/pages, GET} route +0ms
[Nest] 12584  - 09/09/2026, 5:46:05 PM     LOG [RouterExplorer] Mapped {/api/admin/content/pages, POST} route +0ms
[Nest] 12584  - 09/09/2026, 5:46:05 PM     LOG [RouterExplorer] Mapped {/api/admin/content/pages/:id, PATCH} route +1ms
[Nest] 12584  - 09/09/2026, 5:46:05 PM     LOG [RouterExplorer] Mapped {/api/admin/content/pages/:id/sections, GET} route +0ms
[Nest] 12584  - 09/09/2026, 5:46:05 PM     LOG [RouterExplorer] Mapped {/api/admin/content/pages/:id/sections, POST} route +0ms
[Nest] 12584  - 09/09/2026, 5:46:05 PM     LOG [RouterExplorer] Mapped {/api/admin/content/sections/:id, PATCH} route +0ms
[Nest] 12584  - 09/09/2026, 5:46:05 PM     LOG [RouterExplorer] Mapped {/api/admin/content/sections/:id, DELETE} route +1ms
[Nest] 12584  - 09/09/2026, 5:46:05 PM     LOG [RouterExplorer] Mapped {/api/admin/content/settings, GET} route +0ms
[Nest] 12584  - 09/09/2026, 5:46:05 PM     LOG [RouterExplorer] Mapped {/api/admin/content/settings/:key, PUT} route +0ms
[Nest] 12584  - 09/09/2026, 5:46:05 PM     LOG [RoutesResolver] AdminController {/api/admin}: +1ms
[Nest] 12584  - 09/09/2026, 5:46:05 PM     LOG [RouterExplorer] Mapped {/api/admin/dashboard, GET} route +0ms
[Nest] 12584  - 09/09/2026, 5:46:05 PM     LOG [RouterExplorer] Mapped {/api/admin/audit-logs, GET} route +0ms
[Nest] 12584  - 09/09/2026, 5:46:05 PM     LOG [RouterExplorer] Mapped {/api/admin/users, GET} route +0ms
[Nest] 12584  - 09/09/2026, 5:46:05 PM     LOG [RouterExplorer] Mapped {/api/admin/users, POST} route +1ms
[Nest] 12584  - 09/09/2026, 5:46:05 PM     LOG [RouterExplorer] Mapped {/api/admin/users/:id, PATCH} route +0ms
[Nest] 12584  - 09/09/2026, 5:46:05 PM     LOG [NestApplication] Nest application successfully started +10ms
[2J[3J[H[[90m5:46:22 PM[0m] File change detected. Starting incremental compilation...

[[90m5:46:24 PM[0m] Found 0 errors. Watching for file changes.

[Nest] 18840  - 09/09/2026, 5:46:26 PM     LOG [NestFactory] Starting Nest application...
[Nest] 18840  - 09/09/2026, 5:46:26 PM     LOG [InstanceLoader] AppModule dependencies initialized +14ms
[Nest] 18840  - 09/09/2026, 5:46:26 PM     LOG [InstanceLoader] TypeOrmModule dependencies initialized +0ms
[Nest] 18840  - 09/09/2026, 5:46:26 PM     LOG [InstanceLoader] PassportModule dependencies initialized +1ms
[Nest] 18840  - 09/09/2026, 5:46:26 PM     LOG [InstanceLoader] ConfigHostModule dependencies initialized +0ms
[Nest] 18840  - 09/09/2026, 5:46:26 PM     LOG [InstanceLoader] ConfigModule dependencies initialized +1ms
[Nest] 18840  - 09/09/2026, 5:46:26 PM     LOG [InstanceLoader] ConfigModule dependencies initialized +0ms
[Nest] 18840  - 09/09/2026, 5:46:27 PM     LOG [InstanceLoader] JwtModule dependencies initialized +57ms
[Nest] 18840  - 09/09/2026, 5:46:27 PM     LOG [InstanceLoader] TypeOrmCoreModule dependencies initialized +159ms
[Nest] 18840  - 09/09/2026, 5:46:27 PM     LOG [InstanceLoader] TypeOrmModule dependencies initialized +0ms
[Nest] 18840  - 09/09/2026, 5:46:27 PM     LOG [InstanceLoader] TypeOrmModule dependencies initialized +0ms
[Nest] 18840  - 09/09/2026, 5:46:27 PM     LOG [InstanceLoader] TypeOrmModule dependencies initialized +0ms
[Nest] 18840  - 09/09/2026, 5:46:27 PM     LOG [InstanceLoader] TypeOrmModule dependencies initialized +0ms
[Nest] 18840  - 09/09/2026, 5:46:27 PM     LOG [InstanceLoader] TypeOrmModule dependencies initialized +1ms
[Nest] 18840  - 09/09/2026, 5:46:27 PM     LOG [InstanceLoader] AuthModule dependencies initialized +2ms
[Nest] 18840  - 09/09/2026, 5:46:27 PM     LOG [InstanceLoader] CatalogModule dependencies initialized +0ms
[Nest] 18840  - 09/09/2026, 5:46:27 PM     LOG [InstanceLoader] CmsModule dependencies initialized +0ms
[Nest] 18840  - 09/09/2026, 5:46:27 PM     LOG [InstanceLoader] AdminModule dependencies initialized +0ms
[Nest] 18840  - 09/09/2026, 5:46:27 PM     LOG [InstanceLoader] CommerceModule dependencies initialized +0ms
[Nest] 18840  - 09/09/2026, 5:46:27 PM     LOG [RoutesResolver] AuthController {/api/auth}: +30ms
[Nest] 18840  - 09/09/2026, 5:46:27 PM     LOG [RouterExplorer] Mapped {/api/auth/login, POST} route +2ms
[Nest] 18840  - 09/09/2026, 5:46:27 PM     LOG [RouterExplorer] Mapped {/api/auth/me, GET} route +1ms
[Nest] 18840  - 09/09/2026, 5:46:27 PM     LOG [RouterExplorer] Mapped {/api/auth/customer/email, POST} route +0ms
[Nest] 18840  - 09/09/2026, 5:46:27 PM     LOG [RouterExplorer] Mapped {/api/auth/customer/verify-registration, POST} route +0ms
[Nest] 18840  - 09/09/2026, 5:46:27 PM     LOG [RouterExplorer] Mapped {/api/auth/customer/register, POST} route +1ms
[Nest] 18840  - 09/09/2026, 5:46:27 PM     LOG [RouterExplorer] Mapped {/api/auth/customer/login, POST} route +0ms
[Nest] 18840  - 09/09/2026, 5:46:27 PM     LOG [RouterExplorer] Mapped {/api/auth/customer/password-reset/request, POST} route +0ms
[Nest] 18840  - 09/09/2026, 5:46:27 PM     LOG [RouterExplorer] Mapped {/api/auth/customer/password-reset/verify, POST} route +1ms
[Nest] 18840  - 09/09/2026, 5:46:27 PM     LOG [RouterExplorer] Mapped {/api/auth/customer/password-reset/complete, POST} route +0ms
[Nest] 18840  - 09/09/2026, 5:46:27 PM     LOG [RouterExplorer] Mapped {/api/auth/customer/me, GET} route +1ms
[Nest] 18840  - 09/09/2026, 5:46:27 PM     LOG [RouterExplorer] Mapped {/api/auth/customer/me, PATCH} route +1ms
[Nest] 18840  - 09/09/2026, 5:46:27 PM     LOG [RoutesResolver] CatalogController {/api/catalog}: +0ms
[Nest] 18840  - 09/09/2026, 5:46:27 PM     LOG [RouterExplorer] Mapped {/api/catalog/products, GET} route +0ms
[Nest] 18840  - 09/09/2026, 5:46:27 PM     LOG [RouterExplorer] Mapped {/api/catalog/products/listing, GET} route +1ms
[Nest] 18840  - 09/09/2026, 5:46:27 PM     LOG [RouterExplorer] Mapped {/api/catalog/products/random, GET} route +0ms
[Nest] 18840  - 09/09/2026, 5:46:27 PM     LOG [RouterExplorer] Mapped {/api/catalog/products/:slug, GET} route +0ms
[Nest] 18840  - 09/09/2026, 5:46:27 PM     LOG [RouterExplorer] Mapped {/api/catalog/categories, GET} route +1ms
[Nest] 18840  - 09/09/2026, 5:46:27 PM     LOG [RouterExplorer] Mapped {/api/catalog/collections, GET} route +0ms
[Nest] 18840  - 09/09/2026, 5:46:27 PM     LOG [RoutesResolver] AdminCatalogController {/api/admin/catalog}: +0ms
[Nest] 18840  - 09/09/2026, 5:46:27 PM     LOG [RouterExplorer] Mapped {/api/admin/catalog/products, GET} route +0ms
[Nest] 18840  - 09/09/2026, 5:46:27 PM     LOG [RouterExplorer] Mapped {/api/admin/catalog/products, POST} route +1ms
[Nest] 18840  - 09/09/2026, 5:46:27 PM     LOG [RouterExplorer] Mapped {/api/admin/catalog/products/:id, PATCH} route +0ms
[Nest] 18840  - 09/09/2026, 5:46:27 PM     LOG [RouterExplorer] Mapped {/api/admin/catalog/products/:id, DELETE} route +0ms
[Nest] 18840  - 09/09/2026, 5:46:27 PM     LOG [RouterExplorer] Mapped {/api/admin/catalog/products/:id/variants, GET} route +0ms
[Nest] 18840  - 09/09/2026, 5:46:27 PM     LOG [RouterExplorer] Mapped {/api/admin/catalog/products/:id/variants, POST} route +1ms
[Nest] 18840  - 09/09/2026, 5:46:27 PM     LOG [RouterExplorer] Mapped {/api/admin/catalog/variants/:id, PATCH} route +0ms
[Nest] 18840  - 09/09/2026, 5:46:27 PM     LOG [RouterExplorer] Mapped {/api/admin/catalog/variants/:id, DELETE} route +0ms
[Nest] 18840  - 09/09/2026, 5:46:27 PM     LOG [RouterExplorer] Mapped {/api/admin/catalog/transfers, GET} route +1ms
[Nest] 18840  - 09/09/2026, 5:46:27 PM     LOG [RouterExplorer] Mapped {/api/admin/catalog/transfers, POST} route +0ms
[Nest] 18840  - 09/09/2026, 5:46:27 PM     LOG [RouterExplorer] Mapped {/api/admin/catalog/transfers/return, POST} route +0ms
[Nest] 18840  - 09/09/2026, 5:46:27 PM     LOG [RouterExplorer] Mapped {/api/admin/catalog/categories, GET} route +0ms
[Nest] 18840  - 09/09/2026, 5:46:27 PM     LOG [RouterExplorer] Mapped {/api/admin/catalog/categories, POST} route +1ms
[Nest] 18840  - 09/09/2026, 5:46:27 PM     LOG [RouterExplorer] Mapped {/api/admin/catalog/categories/:id, PATCH} route +0ms
[Nest] 18840  - 09/09/2026, 5:46:27 PM     LOG [RouterExplorer] Mapped {/api/admin/catalog/categories/:id, DELETE} route +0ms
[Nest] 18840  - 09/09/2026, 5:46:27 PM     LOG [RouterExplorer] Mapped {/api/admin/catalog/collections, GET} route +0ms
[Nest] 18840  - 09/09/2026, 5:46:27 PM     LOG [RouterExplorer] Mapped {/api/admin/catalog/collections, POST} route +1ms
[Nest] 18840  - 09/09/2026, 5:46:27 PM     LOG [RouterExplorer] Mapped {/api/admin/catalog/collections/:id, PATCH} route +0ms
[Nest] 18840  - 09/09/2026, 5:46:27 PM     LOG [RouterExplorer] Mapped {/api/admin/catalog/collections/:id, DELETE} route +0ms
[Nest] 18840  - 09/09/2026, 5:46:27 PM     LOG [RoutesResolver] CheckoutController {/api/checkout}: +0ms
[Nest] 18840  - 09/09/2026, 5:46:27 PM     LOG [RouterExplorer] Mapped {/api/checkout/orders, POST} route +1ms
[Nest] 18840  - 09/09/2026, 5:46:27 PM     LOG [RoutesResolver] AdminCommerceController {/api/admin}: +0ms
[Nest] 18840  - 09/09/2026, 5:46:27 PM     LOG [RouterExplorer] Mapped {/api/admin/orders, GET} route +0ms
[Nest] 18840  - 09/09/2026, 5:46:27 PM     LOG [RouterExplorer] Mapped {/api/admin/orders/:id, PATCH} route +0ms
[Nest] 18840  - 09/09/2026, 5:46:27 PM     LOG [RouterExplorer] Mapped {/api/admin/customers, GET} route +0ms
[Nest] 18840  - 09/09/2026, 5:46:27 PM     LOG [RoutesResolver] CmsController {/api/content}: +1ms
[Nest] 18840  - 09/09/2026, 5:46:27 PM     LOG [RouterExplorer] Mapped {/api/content/banners, GET} route +0ms
[Nest] 18840  - 09/09/2026, 5:46:27 PM     LOG [RouterExplorer] Mapped {/api/content/posts, GET} route +0ms
[Nest] 18840  - 09/09/2026, 5:46:27 PM     LOG [RouterExplorer] Mapped {/api/content/lookbook, GET} route +0ms
[Nest] 18840  - 09/09/2026, 5:46:27 PM     LOG [RouterExplorer] Mapped {/api/content/custom-sections, GET} route +1ms
[Nest] 18840  - 09/09/2026, 5:46:27 PM     LOG [RouterExplorer] Mapped {/api/content/navigation, GET} route +0ms
[Nest] 18840  - 09/09/2026, 5:46:27 PM     LOG [RouterExplorer] Mapped {/api/content/records, GET} route +0ms
[Nest] 18840  - 09/09/2026, 5:46:27 PM     LOG [RouterExplorer] Mapped {/api/content/pages/:slug, GET} route +0ms
[Nest] 18840  - 09/09/2026, 5:46:27 PM     LOG [RoutesResolver] AdminCmsController {/api/admin/content}: +0ms
[Nest] 18840  - 09/09/2026, 5:46:27 PM     LOG [RouterExplorer] Mapped {/api/admin/content/banners, GET} route +1ms
[Nest] 18840  - 09/09/2026, 5:46:27 PM     LOG [RouterExplorer] Mapped {/api/admin/content/banners, POST} route +0ms
[Nest] 18840  - 09/09/2026, 5:46:27 PM     LOG [RouterExplorer] Mapped {/api/admin/content/banners/upload, POST} route +0ms
[Nest] 18840  - 09/09/2026, 5:46:27 PM     LOG [RouterExplorer] Mapped {/api/admin/content/banners/:id, PATCH} route +1ms
[Nest] 18840  - 09/09/2026, 5:46:27 PM     LOG [RouterExplorer] Mapped {/api/admin/content/banners/:id, DELETE} route +0ms
[Nest] 18840  - 09/09/2026, 5:46:27 PM     LOG [RouterExplorer] Mapped {/api/admin/content/posts, GET} route +0ms
[Nest] 18840  - 09/09/2026, 5:46:27 PM     LOG [RouterExplorer] Mapped {/api/admin/content/posts/upload, POST} route +0ms
[Nest] 18840  - 09/09/2026, 5:46:27 PM     LOG [RouterExplorer] Mapped {/api/admin/content/posts, POST} route +1ms
[Nest] 18840  - 09/09/2026, 5:46:27 PM     LOG [RouterExplorer] Mapped {/api/admin/content/posts/:id, PATCH} route +0ms
[Nest] 18840  - 09/09/2026, 5:46:27 PM     LOG [RouterExplorer] Mapped {/api/admin/content/posts/:id, DELETE} route +0ms
[Nest] 18840  - 09/09/2026, 5:46:27 PM     LOG [RouterExplorer] Mapped {/api/admin/content/lookbook, GET} route +0ms
[Nest] 18840  - 09/09/2026, 5:46:27 PM     LOG [RouterExplorer] Mapped {/api/admin/content/lookbook/upload, POST} route +1ms
[Nest] 18840  - 09/09/2026, 5:46:27 PM     LOG [RouterExplorer] Mapped {/api/admin/content/lookbook, POST} route +0ms
[Nest] 18840  - 09/09/2026, 5:46:27 PM     LOG [RouterExplorer] Mapped {/api/admin/content/lookbook/:id, PATCH} route +0ms
[Nest] 18840  - 09/09/2026, 5:46:27 PM     LOG [RouterExplorer] Mapped {/api/admin/content/lookbook/:id, DELETE} route +0ms
[Nest] 18840  - 09/09/2026, 5:46:27 PM     LOG [RouterExplorer] Mapped {/api/admin/content/records, GET} route +1ms
[Nest] 18840  - 09/09/2026, 5:46:27 PM     LOG [RouterExplorer] Mapped {/api/admin/content/records, POST} route +0ms
[Nest] 18840  - 09/09/2026, 5:46:27 PM     LOG [RouterExplorer] Mapped {/api/admin/content/records/:id, PATCH} route +1ms
[Nest] 18840  - 09/09/2026, 5:46:27 PM     LOG [RouterExplorer] Mapped {/api/admin/content/records/:id, DELETE} route +0ms
[Nest] 18840  - 09/09/2026, 5:46:27 PM     LOG [RouterExplorer] Mapped {/api/admin/content/records/upload, POST} route +0ms
[Nest] 18840  - 09/09/2026, 5:46:27 PM     LOG [RouterExplorer] Mapped {/api/admin/content/pages, GET} route +1ms
[Nest] 18840  - 09/09/2026, 5:46:27 PM     LOG [RouterExplorer] Mapped {/api/admin/content/pages, POST} route +0ms
[Nest] 18840  - 09/09/2026, 5:46:27 PM     LOG [RouterExplorer] Mapped {/api/admin/content/pages/:id, PATCH} route +0ms
[Nest] 18840  - 09/09/2026, 5:46:27 PM     LOG [RouterExplorer] Mapped {/api/admin/content/pages/:id/sections, GET} route +1ms
[Nest] 18840  - 09/09/2026, 5:46:27 PM     LOG [RouterExplorer] Mapped {/api/admin/content/pages/:id/sections, POST} route +0ms
[Nest] 18840  - 09/09/2026, 5:46:27 PM     LOG [RouterExplorer] Mapped {/api/admin/content/sections/:id, PATCH} route +0ms
[Nest] 18840  - 09/09/2026, 5:46:27 PM     LOG [RouterExplorer] Mapped {/api/admin/content/sections/:id, DELETE} route +1ms
[Nest] 18840  - 09/09/2026, 5:46:27 PM     LOG [RouterExplorer] Mapped {/api/admin/content/settings, GET} route +0ms
[Nest] 18840  - 09/09/2026, 5:46:27 PM     LOG [RouterExplorer] Mapped {/api/admin/content/settings/:key, PUT} route +0ms
[Nest] 18840  - 09/09/2026, 5:46:27 PM     LOG [RoutesResolver] AdminController {/api/admin}: +1ms
[Nest] 18840  - 09/09/2026, 5:46:27 PM     LOG [RouterExplorer] Mapped {/api/admin/dashboard, GET} route +0ms
[Nest] 18840  - 09/09/2026, 5:46:27 PM     LOG [RouterExplorer] Mapped {/api/admin/audit-logs, GET} route +0ms
[Nest] 18840  - 09/09/2026, 5:46:27 PM     LOG [RouterExplorer] Mapped {/api/admin/users, GET} route +1ms
[Nest] 18840  - 09/09/2026, 5:46:27 PM     LOG [RouterExplorer] Mapped {/api/admin/users, POST} route +0ms
[Nest] 18840  - 09/09/2026, 5:46:27 PM     LOG [RouterExplorer] Mapped {/api/admin/users/:id, PATCH} route +0ms
[Nest] 18840  - 09/09/2026, 5:46:27 PM     LOG [NestApplication] Nest application successfully started +8ms
[2J[3J[H[[90m6:35:55 PM[0m] File change detected. Starting incremental compilation...

[[90m6:35:58 PM[0m] Found 0 errors. Watching for file changes.

[2J[3J[H[[90m6:35:58 PM[0m] File change detected. Starting incremental compilation...

[[90m6:35:59 PM[0m] Found 0 errors. Watching for file changes.

[2J[3J[H[[90m6:36:02 PM[0m] File change detected. Starting incremental compilation...

[[90m6:36:03 PM[0m] Found 0 errors. Watching for file changes.

[2J[3J[H[[90m6:36:08 PM[0m] File change detected. Starting incremental compilation...

[Nest] 40272  - 09/09/2026, 6:36:08 PM     LOG [NestFactory] Starting Nest application...
[Nest] 40272  - 09/09/2026, 6:36:08 PM     LOG [InstanceLoader] AppModule dependencies initialized +49ms
[Nest] 40272  - 09/09/2026, 6:36:08 PM     LOG [InstanceLoader] TypeOrmModule dependencies initialized +0ms
[Nest] 40272  - 09/09/2026, 6:36:08 PM     LOG [InstanceLoader] PassportModule dependencies initialized +0ms
[Nest] 40272  - 09/09/2026, 6:36:08 PM     LOG [InstanceLoader] ConfigHostModule dependencies initialized +1ms
[Nest] 40272  - 09/09/2026, 6:36:08 PM     LOG [InstanceLoader] ConfigModule dependencies initialized +2ms
[Nest] 40272  - 09/09/2026, 6:36:08 PM     LOG [InstanceLoader] ConfigModule dependencies initialized +0ms
[Nest] 40272  - 09/09/2026, 6:36:08 PM     LOG [InstanceLoader] JwtModule dependencies initialized +119ms
[[90m6:36:09 PM[0m] Found 0 errors. Watching for file changes.

[Nest] 40744  - 09/09/2026, 6:36:14 PM     LOG [NestFactory] Starting Nest application...
[Nest] 40744  - 09/09/2026, 6:36:14 PM     LOG [InstanceLoader] AppModule dependencies initialized +23ms
[Nest] 40744  - 09/09/2026, 6:36:14 PM     LOG [InstanceLoader] TypeOrmModule dependencies initialized +0ms
[Nest] 40744  - 09/09/2026, 6:36:14 PM     LOG [InstanceLoader] PassportModule dependencies initialized +0ms
[Nest] 40744  - 09/09/2026, 6:36:14 PM     LOG [InstanceLoader] ConfigHostModule dependencies initialized +1ms
[Nest] 40744  - 09/09/2026, 6:36:14 PM     LOG [InstanceLoader] ConfigModule dependencies initialized +1ms
[Nest] 40744  - 09/09/2026, 6:36:14 PM     LOG [InstanceLoader] ConfigModule dependencies initialized +0ms
[Nest] 40744  - 09/09/2026, 6:36:14 PM     LOG [InstanceLoader] JwtModule dependencies initialized +89ms
[Nest] 40744  - 09/09/2026, 6:36:15 PM     LOG [InstanceLoader] TypeOrmCoreModule dependencies initialized +383ms
[Nest] 40744  - 09/09/2026, 6:36:15 PM     LOG [InstanceLoader] TypeOrmModule dependencies initialized +0ms
[Nest] 40744  - 09/09/2026, 6:36:15 PM     LOG [InstanceLoader] TypeOrmModule dependencies initialized +1ms
[Nest] 40744  - 09/09/2026, 6:36:15 PM     LOG [InstanceLoader] TypeOrmModule dependencies initialized +0ms
[Nest] 40744  - 09/09/2026, 6:36:15 PM     LOG [InstanceLoader] TypeOrmModule dependencies initialized +0ms
[Nest] 40744  - 09/09/2026, 6:36:15 PM     LOG [InstanceLoader] TypeOrmModule dependencies initialized +3ms
[Nest] 40744  - 09/09/2026, 6:36:15 PM     LOG [InstanceLoader] AuthModule dependencies initialized +4ms
[Nest] 40744  - 09/09/2026, 6:36:15 PM     LOG [InstanceLoader] CatalogModule dependencies initialized +1ms
[Nest] 40744  - 09/09/2026, 6:36:15 PM     LOG [InstanceLoader] CmsModule dependencies initialized +1ms
[Nest] 40744  - 09/09/2026, 6:36:15 PM     LOG [InstanceLoader] AdminModule dependencies initialized +0ms
[Nest] 40744  - 09/09/2026, 6:36:15 PM     LOG [InstanceLoader] CommerceModule dependencies initialized +0ms
[Nest] 40744  - 09/09/2026, 6:36:15 PM     LOG [RoutesResolver] AuthController {/api/auth}: +70ms
[Nest] 40744  - 09/09/2026, 6:36:15 PM     LOG [RouterExplorer] Mapped {/api/auth/login, POST} route +13ms
[Nest] 40744  - 09/09/2026, 6:36:15 PM     LOG [RouterExplorer] Mapped {/api/auth/me, GET} route +1ms
[Nest] 40744  - 09/09/2026, 6:36:15 PM     LOG [RouterExplorer] Mapped {/api/auth/customer/email, POST} route +5ms
[Nest] 40744  - 09/09/2026, 6:36:15 PM     LOG [RouterExplorer] Mapped {/api/auth/customer/verify-registration, POST} route +1ms
[Nest] 40744  - 09/09/2026, 6:36:15 PM     LOG [RouterExplorer] Mapped {/api/auth/customer/register, POST} route +1ms
[Nest] 40744  - 09/09/2026, 6:36:15 PM     LOG [RouterExplorer] Mapped {/api/auth/customer/login, POST} route +1ms
[Nest] 40744  - 09/09/2026, 6:36:15 PM     LOG [RouterExplorer] Mapped {/api/auth/customer/password-reset/request, POST} route +3ms
[Nest] 40744  - 09/09/2026, 6:36:15 PM     LOG [RouterExplorer] Mapped {/api/auth/customer/password-reset/verify, POST} route +2ms
[Nest] 40744  - 09/09/2026, 6:36:15 PM     LOG [RouterExplorer] Mapped {/api/auth/customer/password-reset/complete, POST} route +1ms
[Nest] 40744  - 09/09/2026, 6:36:15 PM     LOG [RouterExplorer] Mapped {/api/auth/customer/me, GET} route +1ms
[Nest] 40744  - 09/09/2026, 6:36:15 PM     LOG [RouterExplorer] Mapped {/api/auth/customer/me, PATCH} route +4ms
[Nest] 40744  - 09/09/2026, 6:36:15 PM     LOG [RoutesResolver] CatalogController {/api/catalog}: +0ms
[Nest] 40744  - 09/09/2026, 6:36:15 PM     LOG [RouterExplorer] Mapped {/api/catalog/products, GET} route +1ms
[Nest] 40744  - 09/09/2026, 6:36:15 PM     LOG [RouterExplorer] Mapped {/api/catalog/products/listing, GET} route +1ms
[Nest] 40744  - 09/09/2026, 6:36:15 PM     LOG [RouterExplorer] Mapped {/api/catalog/products/random, GET} route +0ms
[Nest] 40744  - 09/09/2026, 6:36:15 PM     LOG [RouterExplorer] Mapped {/api/catalog/products/:slug, GET} route +6ms
[Nest] 40744  - 09/09/2026, 6:36:15 PM     LOG [RouterExplorer] Mapped {/api/catalog/categories, GET} route +0ms
[Nest] 40744  - 09/09/2026, 6:36:15 PM     LOG [RouterExplorer] Mapped {/api/catalog/collections, GET} route +1ms
[Nest] 40744  - 09/09/2026, 6:36:15 PM     LOG [RoutesResolver] AdminCatalogController {/api/admin/catalog}: +0ms
[Nest] 40744  - 09/09/2026, 6:36:15 PM     LOG [RouterExplorer] Mapped {/api/admin/catalog/products, GET} route +1ms
[Nest] 40744  - 09/09/2026, 6:36:15 PM     LOG [RouterExplorer] Mapped {/api/admin/catalog/products, POST} route +2ms
[Nest] 40744  - 09/09/2026, 6:36:15 PM     LOG [RouterExplorer] Mapped {/api/admin/catalog/products/:id, PATCH} route +0ms
[Nest] 40744  - 09/09/2026, 6:36:15 PM     LOG [RouterExplorer] Mapped {/api/admin/catalog/products/:id, DELETE} route +1ms
[Nest] 40744  - 09/09/2026, 6:36:15 PM     LOG [RouterExplorer] Mapped {/api/admin/catalog/products/:id/variants, GET} route +1ms
[Nest] 40744  - 09/09/2026, 6:36:15 PM     LOG [RouterExplorer] Mapped {/api/admin/catalog/products/:id/variants, POST} route +0ms
[Nest] 40744  - 09/09/2026, 6:36:15 PM     LOG [RouterExplorer] Mapped {/api/admin/catalog/variants/:id, PATCH} route +8ms
[Nest] 40744  - 09/09/2026, 6:36:15 PM     LOG [RouterExplorer] Mapped {/api/admin/catalog/variants/:id, DELETE} route +0ms
[Nest] 40744  - 09/09/2026, 6:36:15 PM     LOG [RouterExplorer] Mapped {/api/admin/catalog/transfers, GET} route +1ms
[Nest] 40744  - 09/09/2026, 6:36:15 PM     LOG [RouterExplorer] Mapped {/api/admin/catalog/transfers, POST} route +0ms
[Nest] 40744  - 09/09/2026, 6:36:15 PM     LOG [RouterExplorer] Mapped {/api/admin/catalog/transfers/return, POST} route +2ms
[Nest] 40744  - 09/09/2026, 6:36:15 PM     LOG [RouterExplorer] Mapped {/api/admin/catalog/categories, GET} route +0ms
[Nest] 40744  - 09/09/2026, 6:36:15 PM     LOG [RouterExplorer] Mapped {/api/admin/catalog/categories, POST} route +1ms
[Nest] 40744  - 09/09/2026, 6:36:15 PM     LOG [RouterExplorer] Mapped {/api/admin/catalog/categories/:id, PATCH} route +0ms
[Nest] 40744  - 09/09/2026, 6:36:15 PM     LOG [RouterExplorer] Mapped {/api/admin/catalog/categories/:id, DELETE} route +5ms
[Nest] 40744  - 09/09/2026, 6:36:15 PM     LOG [RouterExplorer] Mapped {/api/admin/catalog/collections, GET} route +1ms
[Nest] 40744  - 09/09/2026, 6:36:15 PM     LOG [RouterExplorer] Mapped {/api/admin/catalog/collections, POST} route +0ms
[Nest] 40744  - 09/09/2026, 6:36:15 PM     LOG [RouterExplorer] Mapped {/api/admin/catalog/collections/:id, PATCH} route +1ms
[Nest] 40744  - 09/09/2026, 6:36:15 PM     LOG [RouterExplorer] Mapped {/api/admin/catalog/collections/:id, DELETE} route +3ms
[Nest] 40744  - 09/09/2026, 6:36:15 PM     LOG [RoutesResolver] CheckoutController {/api/checkout}: +0ms
[Nest] 40744  - 09/09/2026, 6:36:15 PM     LOG [RouterExplorer] Mapped {/api/checkout/orders, POST} route +1ms
[Nest] 40744  - 09/09/2026, 6:36:15 PM     LOG [RoutesResolver] AdminCommerceController {/api/admin}: +0ms
[Nest] 40744  - 09/09/2026, 6:36:15 PM     LOG [RouterExplorer] Mapped {/api/admin/orders, GET} route +1ms
[Nest] 40744  - 09/09/2026, 6:36:15 PM     LOG [RouterExplorer] Mapped {/api/admin/orders/:id, PATCH} route +4ms
[Nest] 40744  - 09/09/2026, 6:36:15 PM     LOG [RouterExplorer] Mapped {/api/admin/customers, GET} route +1ms
[Nest] 40744  - 09/09/2026, 6:36:15 PM     LOG [RoutesResolver] CmsController {/api/content}: +0ms
[Nest] 40744  - 09/09/2026, 6:36:15 PM     LOG [RouterExplorer] Mapped {/api/content/banners, GET} route +1ms
[Nest] 40744  - 09/09/2026, 6:36:15 PM     LOG [RouterExplorer] Mapped {/api/content/posts, GET} route +0ms
[Nest] 40744  - 09/09/2026, 6:36:15 PM     LOG [RouterExplorer] Mapped {/api/content/lookbook, GET} route +6ms
[Nest] 40744  - 09/09/2026, 6:36:15 PM     LOG [RouterExplorer] Mapped {/api/content/custom-sections, GET} route +0ms
[Nest] 40744  - 09/09/2026, 6:36:15 PM     LOG [RouterExplorer] Mapped {/api/content/navigation, GET} route +0ms
[Nest] 40744  - 09/09/2026, 6:36:15 PM     LOG [RouterExplorer] Mapped {/api/content/records, GET} route +1ms
[Nest] 40744  - 09/09/2026, 6:36:15 PM     LOG [RouterExplorer] Mapped {/api/content/pages/:slug, GET} route +2ms
[Nest] 40744  - 09/09/2026, 6:36:15 PM     LOG [RoutesResolver] AdminCmsController {/api/admin/content}: +1ms
[Nest] 40744  - 09/09/2026, 6:36:15 PM     LOG [RouterExplorer] Mapped {/api/admin/content/banners, GET} route +1ms
[Nest] 40744  - 09/09/2026, 6:36:15 PM     LOG [RouterExplorer] Mapped {/api/admin/content/banners, POST} route +0ms
[Nest] 40744  - 09/09/2026, 6:36:15 PM     LOG [RouterExplorer] Mapped {/api/admin/content/banners/upload, POST} route +2ms
[Nest] 40744  - 09/09/2026, 6:36:15 PM     LOG [RouterExplorer] Mapped {/api/admin/content/banners/:id, PATCH} route +7ms
[Nest] 40744  - 09/09/2026, 6:36:15 PM     LOG [RouterExplorer] Mapped {/api/admin/content/banners/:id, DELETE} route +1ms
[Nest] 40744  - 09/09/2026, 6:36:15 PM     LOG [RouterExplorer] Mapped {/api/admin/content/posts, GET} route +0ms
[Nest] 40744  - 09/09/2026, 6:36:15 PM     LOG [RouterExplorer] Mapped {/api/admin/content/posts/upload, POST} route +1ms
[Nest] 40744  - 09/09/2026, 6:36:15 PM     LOG [RouterExplorer] Mapped {/api/admin/content/posts, POST} route +0ms
[Nest] 40744  - 09/09/2026, 6:36:15 PM     LOG [RouterExplorer] Mapped {/api/admin/content/posts/:id, PATCH} route +0ms
[Nest] 40744  - 09/09/2026, 6:36:15 PM     LOG [RouterExplorer] Mapped {/api/admin/content/posts/:id, DELETE} route +1ms
[Nest] 40744  - 09/09/2026, 6:36:15 PM     LOG [RouterExplorer] Mapped {/api/admin/content/lookbook, GET} route +0ms
[Nest] 40744  - 09/09/2026, 6:36:15 PM     LOG [RouterExplorer] Mapped {/api/admin/content/lookbook/upload, POST} route +1ms
[Nest] 40744  - 09/09/2026, 6:36:15 PM     LOG [RouterExplorer] Mapped {/api/admin/content/lookbook, POST} route +0ms
[Nest] 40744  - 09/09/2026, 6:36:15 PM     LOG [RouterExplorer] Mapped {/api/admin/content/lookbook/:id, PATCH} route +1ms
[Nest] 40744  - 09/09/2026, 6:36:15 PM     LOG [RouterExplorer] Mapped {/api/admin/content/lookbook/:id, DELETE} route +1ms
[Nest] 40744  - 09/09/2026, 6:36:15 PM     LOG [RouterExplorer] Mapped {/api/admin/content/records, GET} route +0ms
[Nest] 40744  - 09/09/2026, 6:36:15 PM     LOG [RouterExplorer] Mapped {/api/admin/content/records, POST} route +1ms
[Nest] 40744  - 09/09/2026, 6:36:15 PM     LOG [RouterExplorer] Mapped {/api/admin/content/records/:id, PATCH} route +1ms
[Nest] 40744  - 09/09/2026, 6:36:15 PM     LOG [RouterExplorer] Mapped {/api/admin/content/records/:id, DELETE} route +0ms
[Nest] 40744  - 09/09/2026, 6:36:15 PM     LOG [RouterExplorer] Mapped {/api/admin/content/records/upload, POST} route +1ms
[Nest] 40744  - 09/09/2026, 6:36:15 PM     LOG [RouterExplorer] Mapped {/api/admin/content/pages, GET} route +0ms
[Nest] 40744  - 09/09/2026, 6:36:15 PM     LOG [RouterExplorer] Mapped {/api/admin/content/pages, POST} route +1ms
[Nest] 40744  - 09/09/2026, 6:36:15 PM     LOG [RouterExplorer] Mapped {/api/admin/content/pages/:id, PATCH} route +1ms
[Nest] 40744  - 09/09/2026, 6:36:15 PM     LOG [RouterExplorer] Mapped {/api/admin/content/pages/:id/sections, GET} route +0ms
[Nest] 40744  - 09/09/2026, 6:36:15 PM     LOG [RouterExplorer] Mapped {/api/admin/content/pages/:id/sections, POST} route +1ms
[Nest] 40744  - 09/09/2026, 6:36:15 PM     LOG [RouterExplorer] Mapped {/api/admin/content/sections/:id, PATCH} route +0ms
[Nest] 40744  - 09/09/2026, 6:36:15 PM     LOG [RouterExplorer] Mapped {/api/admin/content/sections/:id, DELETE} route +1ms
[Nest] 40744  - 09/09/2026, 6:36:15 PM     LOG [RouterExplorer] Mapped {/api/admin/content/settings, GET} route +0ms
[Nest] 40744  - 09/09/2026, 6:36:15 PM     LOG [RouterExplorer] Mapped {/api/admin/content/settings/:key, PUT} route +1ms
[Nest] 40744  - 09/09/2026, 6:36:15 PM     LOG [RoutesResolver] AdminController {/api/admin}: +0ms
[Nest] 40744  - 09/09/2026, 6:36:15 PM     LOG [RouterExplorer] Mapped {/api/admin/dashboard, GET} route +1ms
[Nest] 40744  - 09/09/2026, 6:36:15 PM     LOG [RouterExplorer] Mapped {/api/admin/audit-logs, GET} route +0ms
[Nest] 40744  - 09/09/2026, 6:36:15 PM     LOG [RouterExplorer] Mapped {/api/admin/users, GET} route +1ms
[Nest] 40744  - 09/09/2026, 6:36:15 PM     LOG [RouterExplorer] Mapped {/api/admin/users, POST} route +0ms
[Nest] 40744  - 09/09/2026, 6:36:15 PM     LOG [RouterExplorer] Mapped {/api/admin/users/:id, PATCH} route +0ms
[Nest] 40744  - 09/09/2026, 6:36:15 PM     LOG [NestApplication] Nest application successfully started +16ms
[2J[3J[H[[90m7:39:23 PM[0m] File change detected. Starting incremental compilation...

[[90m7:39:24 PM[0m] Found 0 errors. Watching for file changes.

[2J[3J[H[[90m7:39:25 PM[0m] File change detected. Starting incremental compilation...

[[90m7:39:27 PM[0m] Found 0 errors. Watching for file changes.

[2J[3J[H[[90m7:39:28 PM[0m] File change detected. Starting incremental compilation...

[[90m7:39:30 PM[0m] Found 0 errors. Watching for file changes.

[2J[3J[H[[90m7:39:31 PM[0m] File change detected. Starting incremental compilation...

[[90m7:39:32 PM[0m] Found 0 errors. Watching for file changes.

[2J[3J[H[[90m7:39:36 PM[0m] File change detected. Starting incremental compilation...

[[90m7:39:37 PM[0m] Found 0 errors. Watching for file changes.

[2J[3J[H[[90m7:39:38 PM[0m] File change detected. Starting incremental compilation...

[[90m7:39:39 PM[0m] Found 0 errors. Watching for file changes.

[Nest] 45480  - 09/09/2026, 7:39:44 PM     LOG [NestFactory] Starting Nest application...
[Nest] 45480  - 09/09/2026, 7:39:44 PM     LOG [InstanceLoader] AppModule dependencies initialized +21ms
[Nest] 45480  - 09/09/2026, 7:39:44 PM     LOG [InstanceLoader] TypeOrmModule dependencies initialized +1ms
[Nest] 45480  - 09/09/2026, 7:39:44 PM     LOG [InstanceLoader] PassportModule dependencies initialized +1ms
[Nest] 45480  - 09/09/2026, 7:39:44 PM     LOG [InstanceLoader] ConfigHostModule dependencies initialized +0ms
[Nest] 45480  - 09/09/2026, 7:39:44 PM     LOG [InstanceLoader] ConfigModule dependencies initialized +2ms
[Nest] 45480  - 09/09/2026, 7:39:44 PM     LOG [InstanceLoader] ConfigModule dependencies initialized +0ms
[Nest] 45480  - 09/09/2026, 7:39:45 PM     LOG [InstanceLoader] JwtModule dependencies initialized +133ms
[2J[3J[H[[90m7:39:45 PM[0m] File change detected. Starting incremental compilation...

[Nest] 45480  - 09/09/2026, 7:39:45 PM     LOG [InstanceLoader] TypeOrmCoreModule dependencies initialized +534ms
[Nest] 45480  - 09/09/2026, 7:39:45 PM     LOG [InstanceLoader] TypeOrmModule dependencies initialized +0ms
[Nest] 45480  - 09/09/2026, 7:39:45 PM     LOG [InstanceLoader] TypeOrmModule dependencies initialized +1ms
[Nest] 45480  - 09/09/2026, 7:39:45 PM     LOG [InstanceLoader] TypeOrmModule dependencies initialized +0ms
[Nest] 45480  - 09/09/2026, 7:39:45 PM     LOG [InstanceLoader] TypeOrmModule dependencies initialized +0ms
[Nest] 45480  - 09/09/2026, 7:39:45 PM     LOG [InstanceLoader] TypeOrmModule dependencies initialized +1ms
[Nest] 45480  - 09/09/2026, 7:39:45 PM     LOG [InstanceLoader] AuthModule dependencies initialized +4ms
[Nest] 45480  - 09/09/2026, 7:39:45 PM     LOG [InstanceLoader] CatalogModule dependencies initialized +4ms
[Nest] 45480  - 09/09/2026, 7:39:45 PM     LOG [InstanceLoader] CmsModule dependencies initialized +0ms
[Nest] 45480  - 09/09/2026, 7:39:45 PM     LOG [InstanceLoader] AdminModule dependencies initialized +1ms
[Nest] 45480  - 09/09/2026, 7:39:45 PM     LOG [InstanceLoader] CommerceModule dependencies initialized +0ms
[Nest] 45480  - 09/09/2026, 7:39:45 PM     LOG [RoutesResolver] AuthController {/api/auth}: +81ms
[Nest] 45480  - 09/09/2026, 7:39:45 PM     LOG [RouterExplorer] Mapped {/api/auth/login, POST} route +6ms
[Nest] 45480  - 09/09/2026, 7:39:45 PM     LOG [RouterExplorer] Mapped {/api/auth/me, GET} route +1ms
[Nest] 45480  - 09/09/2026, 7:39:45 PM     LOG [RouterExplorer] Mapped {/api/auth/customer/email, POST} route +1ms
[Nest] 45480  - 09/09/2026, 7:39:45 PM     LOG [RouterExplorer] Mapped {/api/auth/customer/verify-registration, POST} route +1ms
[Nest] 45480  - 09/09/2026, 7:39:45 PM     LOG [RouterExplorer] Mapped {/api/auth/customer/register, POST} route +0ms
[Nest] 45480  - 09/09/2026, 7:39:45 PM     LOG [RouterExplorer] Mapped {/api/auth/customer/login, POST} route +1ms
[Nest] 45480  - 09/09/2026, 7:39:45 PM     LOG [RouterExplorer] Mapped {/api/auth/customer/password-reset/request, POST} route +0ms
[Nest] 45480  - 09/09/2026, 7:39:45 PM     LOG [RouterExplorer] Mapped {/api/auth/customer/password-reset/verify, POST} route +1ms
[Nest] 45480  - 09/09/2026, 7:39:45 PM     LOG [RouterExplorer] Mapped {/api/auth/customer/password-reset/complete, POST} route +1ms
[Nest] 45480  - 09/09/2026, 7:39:45 PM     LOG [RouterExplorer] Mapped {/api/auth/customer/me, GET} route +1ms
[Nest] 45480  - 09/09/2026, 7:39:45 PM     LOG [RouterExplorer] Mapped {/api/auth/customer/me, PATCH} route +0ms
[Nest] 45480  - 09/09/2026, 7:39:45 PM     LOG [RoutesResolver] CatalogController {/api/catalog}: +1ms
[Nest] 45480  - 09/09/2026, 7:39:45 PM     LOG [RouterExplorer] Mapped {/api/catalog/products, GET} route +0ms
[Nest] 45480  - 09/09/2026, 7:39:45 PM     LOG [RouterExplorer] Mapped {/api/catalog/products/listing, GET} route +1ms
[Nest] 45480  - 09/09/2026, 7:39:45 PM     LOG [RouterExplorer] Mapped {/api/catalog/products/random, GET} route +1ms
[Nest] 45480  - 09/09/2026, 7:39:45 PM     LOG [RouterExplorer] Mapped {/api/catalog/products/:slug, GET} route +0ms
[Nest] 45480  - 09/09/2026, 7:39:45 PM     LOG [RouterExplorer] Mapped {/api/catalog/categories, GET} route +1ms
[Nest] 45480  - 09/09/2026, 7:39:45 PM     LOG [RouterExplorer] Mapped {/api/catalog/collections, GET} route +0ms
[Nest] 45480  - 09/09/2026, 7:39:45 PM     LOG [RoutesResolver] AdminCatalogController {/api/admin/catalog}: +1ms
[Nest] 45480  - 09/09/2026, 7:39:45 PM     LOG [RouterExplorer] Mapped {/api/admin/catalog/products, GET} route +0ms
[Nest] 45480  - 09/09/2026, 7:39:45 PM     LOG [RouterExplorer] Mapped {/api/admin/catalog/products, POST} route +1ms
[Nest] 45480  - 09/09/2026, 7:39:45 PM     LOG [RouterExplorer] Mapped {/api/admin/catalog/products/:id, PATCH} route +0ms
[Nest] 45480  - 09/09/2026, 7:39:45 PM     LOG [RouterExplorer] Mapped {/api/admin/catalog/products/:id, DELETE} route +1ms
[Nest] 45480  - 09/09/2026, 7:39:45 PM     LOG [RouterExplorer] Mapped {/api/admin/catalog/products/:id/variants, GET} route +1ms
[Nest] 45480  - 09/09/2026, 7:39:45 PM     LOG [RouterExplorer] Mapped {/api/admin/catalog/products/:id/variants, POST} route +0ms
[Nest] 45480  - 09/09/2026, 7:39:45 PM     LOG [RouterExplorer] Mapped {/api/admin/catalog/variants/:id, PATCH} route +1ms
[Nest] 45480  - 09/09/2026, 7:39:45 PM     LOG [RouterExplorer] Mapped {/api/admin/catalog/variants/:id, DELETE} route +1ms
[Nest] 45480  - 09/09/2026, 7:39:45 PM     LOG [RouterExplorer] Mapped {/api/admin/catalog/transfers, GET} route +0ms
[Nest] 45480  - 09/09/2026, 7:39:45 PM     LOG [RouterExplorer] Mapped {/api/admin/catalog/transfers, POST} route +1ms
[Nest] 45480  - 09/09/2026, 7:39:45 PM     LOG [RouterExplorer] Mapped {/api/admin/catalog/transfers/return, POST} route +0ms
[Nest] 45480  - 09/09/2026, 7:39:45 PM     LOG [RouterExplorer] Mapped {/api/admin/catalog/categories, GET} route +1ms
[Nest] 45480  - 09/09/2026, 7:39:45 PM     LOG [RouterExplorer] Mapped {/api/admin/catalog/categories, POST} route +0ms
[Nest] 45480  - 09/09/2026, 7:39:45 PM     LOG [RouterExplorer] Mapped {/api/admin/catalog/categories/:id, PATCH} route +1ms
[Nest] 45480  - 09/09/2026, 7:39:45 PM     LOG [RouterExplorer] Mapped {/api/admin/catalog/categories/:id, DELETE} route +0ms
[Nest] 45480  - 09/09/2026, 7:39:45 PM     LOG [RouterExplorer] Mapped {/api/admin/catalog/collections, GET} route +1ms
[Nest] 45480  - 09/09/2026, 7:39:45 PM     LOG [RouterExplorer] Mapped {/api/admin/catalog/collections, POST} route +0ms
[Nest] 45480  - 09/09/2026, 7:39:45 PM     LOG [RouterExplorer] Mapped {/api/admin/catalog/collections/:id, PATCH} route +1ms
[Nest] 45480  - 09/09/2026, 7:39:45 PM     LOG [RouterExplorer] Mapped {/api/admin/catalog/collections/:id, DELETE} route +0ms
[Nest] 45480  - 09/09/2026, 7:39:45 PM     LOG [RoutesResolver] CheckoutController {/api/checkout}: +1ms
[Nest] 45480  - 09/09/2026, 7:39:45 PM     LOG [RouterExplorer] Mapped {/api/checkout/orders, POST} route +0ms
[Nest] 45480  - 09/09/2026, 7:39:45 PM     LOG [RoutesResolver] AdminCommerceController {/api/admin}: +1ms
[Nest] 45480  - 09/09/2026, 7:39:45 PM     LOG [RouterExplorer] Mapped {/api/admin/orders, GET} route +0ms
[Nest] 45480  - 09/09/2026, 7:39:45 PM     LOG [RouterExplorer] Mapped {/api/admin/orders/:id, PATCH} route +1ms
[Nest] 45480  - 09/09/2026, 7:39:45 PM     LOG [RouterExplorer] Mapped {/api/admin/customers, GET} route +0ms
[Nest] 45480  - 09/09/2026, 7:39:45 PM     LOG [RoutesResolver] CmsController {/api/content}: +1ms
[Nest] 45480  - 09/09/2026, 7:39:45 PM     LOG [RouterExplorer] Mapped {/api/content/banners, GET} route +0ms
[Nest] 45480  - 09/09/2026, 7:39:45 PM     LOG [RouterExplorer] Mapped {/api/content/posts, GET} route +1ms
[Nest] 45480  - 09/09/2026, 7:39:45 PM     LOG [RouterExplorer] Mapped {/api/content/lookbook, GET} route +0ms
[Nest] 45480  - 09/09/2026, 7:39:45 PM     LOG [RouterExplorer] Mapped {/api/content/custom-sections, GET} route +1ms
[Nest] 45480  - 09/09/2026, 7:39:45 PM     LOG [RouterExplorer] Mapped {/api/content/navigation, GET} route +0ms
[Nest] 45480  - 09/09/2026, 7:39:45 PM     LOG [RouterExplorer] Mapped {/api/content/records, GET} route +0ms
[Nest] 45480  - 09/09/2026, 7:39:45 PM     LOG [RouterExplorer] Mapped {/api/content/pages/:slug, GET} route +1ms
[Nest] 45480  - 09/09/2026, 7:39:45 PM     LOG [RoutesResolver] AdminCmsController {/api/admin/content}: +0ms
[Nest] 45480  - 09/09/2026, 7:39:45 PM     LOG [RouterExplorer] Mapped {/api/admin/content/banners, GET} route +1ms
[Nest] 45480  - 09/09/2026, 7:39:45 PM     LOG [RouterExplorer] Mapped {/api/admin/content/banners, POST} route +0ms
[Nest] 45480  - 09/09/2026, 7:39:45 PM     LOG [RouterExplorer] Mapped {/api/admin/content/banners/upload, POST} route +1ms
[Nest] 45480  - 09/09/2026, 7:39:45 PM     LOG [RouterExplorer] Mapped {/api/admin/content/banners/:id, PATCH} route +1ms
[Nest] 45480  - 09/09/2026, 7:39:45 PM     LOG [RouterExplorer] Mapped {/api/admin/content/banners/:id, DELETE} route +0ms
[Nest] 45480  - 09/09/2026, 7:39:45 PM     LOG [RouterExplorer] Mapped {/api/admin/content/posts, GET} route +0ms
[Nest] 45480  - 09/09/2026, 7:39:45 PM     LOG [RouterExplorer] Mapped {/api/admin/content/posts/upload, POST} route +0ms
[Nest] 45480  - 09/09/2026, 7:39:45 PM     LOG [RouterExplorer] Mapped {/api/admin/content/posts, POST} route +0ms
[Nest] 45480  - 09/09/2026, 7:39:45 PM     LOG [RouterExplorer] Mapped {/api/admin/content/posts/:id, PATCH} route +1ms
[Nest] 45480  - 09/09/2026, 7:39:45 PM     LOG [RouterExplorer] Mapped {/api/admin/content/posts/:id, DELETE} route +0ms
[Nest] 45480  - 09/09/2026, 7:39:45 PM     LOG [RouterExplorer] Mapped {/api/admin/content/lookbook, GET} route +1ms
[Nest] 45480  - 09/09/2026, 7:39:45 PM     LOG [RouterExplorer] Mapped {/api/admin/content/lookbook/upload, POST} route +0ms
[Nest] 45480  - 09/09/2026, 7:39:45 PM     LOG [RouterExplorer] Mapped {/api/admin/content/lookbook, POST} route +1ms
[Nest] 45480  - 09/09/2026, 7:39:45 PM     LOG [RouterExplorer] Mapped {/api/admin/content/lookbook/:id, PATCH} route +0ms
[Nest] 45480  - 09/09/2026, 7:39:45 PM     LOG [RouterExplorer] Mapped {/api/admin/content/lookbook/:id, DELETE} route +1ms
[Nest] 45480  - 09/09/2026, 7:39:45 PM     LOG [RouterExplorer] Mapped {/api/admin/content/records, GET} route +0ms
[Nest] 45480  - 09/09/2026, 7:39:45 PM     LOG [RouterExplorer] Mapped {/api/admin/content/records, POST} route +1ms
[Nest] 45480  - 09/09/2026, 7:39:45 PM     LOG [RouterExplorer] Mapped {/api/admin/content/records/:id, PATCH} route +0ms
[Nest] 45480  - 09/09/2026, 7:39:45 PM     LOG [RouterExplorer] Mapped {/api/admin/content/records/:id, DELETE} route +1ms
[Nest] 45480  - 09/09/2026, 7:39:45 PM     LOG [RouterExplorer] Mapped {/api/admin/content/records/upload, POST} route +0ms
[Nest] 45480  - 09/09/2026, 7:39:45 PM     LOG [RouterExplorer] Mapped {/api/admin/content/pages, GET} route +1ms
[Nest] 45480  - 09/09/2026, 7:39:45 PM     LOG [RouterExplorer] Mapped {/api/admin/content/pages, POST} route +1ms
[Nest] 45480  - 09/09/2026, 7:39:45 PM     LOG [RouterExplorer] Mapped {/api/admin/content/pages/:id, PATCH} route +0ms
[Nest] 45480  - 09/09/2026, 7:39:45 PM     LOG [RouterExplorer] Mapped {/api/admin/content/pages/:id/sections, GET} route +1ms
[Nest] 45480  - 09/09/2026, 7:39:45 PM     LOG [RouterExplorer] Mapped {/api/admin/content/pages/:id/sections, POST} route +0ms
[Nest] 45480  - 09/09/2026, 7:39:45 PM     LOG [RouterExplorer] Mapped {/api/admin/content/sections/:id, PATCH} route +1ms
[Nest] 45480  - 09/09/2026, 7:39:45 PM     LOG [RouterExplorer] Mapped {/api/admin/content/sections/:id, DELETE} route +1ms
[Nest] 45480  - 09/09/2026, 7:39:45 PM     LOG [RouterExplorer] Mapped {/api/admin/content/settings, GET} route +0ms
[Nest] 45480  - 09/09/2026, 7:39:45 PM     LOG [RouterExplorer] Mapped {/api/admin/content/settings/:key, PUT} route +1ms
[Nest] 45480  - 09/09/2026, 7:39:45 PM     LOG [RoutesResolver] AdminController {/api/admin}: +0ms
[Nest] 45480  - 09/09/2026, 7:39:45 PM     LOG [RouterExplorer] Mapped {/api/admin/dashboard, GET} route +1ms
[Nest] 45480  - 09/09/2026, 7:39:45 PM     LOG [RouterExplorer] Mapped {/api/admin/audit-logs, GET} route +0ms
[Nest] 45480  - 09/09/2026, 7:39:45 PM     LOG [RouterExplorer] Mapped {/api/admin/users, GET} route +1ms
[Nest] 45480  - 09/09/2026, 7:39:45 PM     LOG [RouterExplorer] Mapped {/api/admin/users, POST} route +0ms
[Nest] 45480  - 09/09/2026, 7:39:45 PM     LOG [RouterExplorer] Mapped {/api/admin/users/:id, PATCH} route +1ms
[Nest] 45480  - 09/09/2026, 7:39:45 PM     LOG [NestApplication] Nest application successfully started +16ms
