[Nest] 33708  - 09/15/2026, 2:33:48 PM     LOG [NestFactory] Starting Nest application...
[Nest] 33708  - 09/15/2026, 2:33:48 PM     LOG [InstanceLoader] AppModule dependencies initialized +19ms
[Nest] 33708  - 09/15/2026, 2:33:48 PM     LOG [InstanceLoader] TypeOrmModule dependencies initialized +1ms
[Nest] 33708  - 09/15/2026, 2:33:48 PM     LOG [InstanceLoader] PassportModule dependencies initialized +0ms
[Nest] 33708  - 09/15/2026, 2:33:48 PM     LOG [InstanceLoader] ConfigHostModule dependencies initialized +0ms
[Nest] 33708  - 09/15/2026, 2:33:48 PM     LOG [InstanceLoader] ConfigModule dependencies initialized +1ms
[Nest] 33708  - 09/15/2026, 2:33:48 PM     LOG [InstanceLoader] ConfigModule dependencies initialized +1ms
[Nest] 33708  - 09/15/2026, 2:33:48 PM     LOG [InstanceLoader] JwtModule dependencies initialized +48ms
[Nest] 33708  - 09/15/2026, 2:33:48 PM     LOG [InstanceLoader] TypeOrmCoreModule dependencies initialized +249ms
[Nest] 33708  - 09/15/2026, 2:33:48 PM     LOG [InstanceLoader] TypeOrmModule dependencies initialized +0ms
[Nest] 33708  - 09/15/2026, 2:33:48 PM     LOG [InstanceLoader] TypeOrmModule dependencies initialized +1ms
[Nest] 33708  - 09/15/2026, 2:33:48 PM     LOG [InstanceLoader] TypeOrmModule dependencies initialized +0ms
[Nest] 33708  - 09/15/2026, 2:33:48 PM     LOG [InstanceLoader] TypeOrmModule dependencies initialized +0ms
[Nest] 33708  - 09/15/2026, 2:33:48 PM     LOG [InstanceLoader] TypeOrmModule dependencies initialized +0ms
[Nest] 33708  - 09/15/2026, 2:33:48 PM     LOG [InstanceLoader] TypeOrmModule dependencies initialized +0ms
[Nest] 33708  - 09/15/2026, 2:33:48 PM     LOG [InstanceLoader] AuthModule dependencies initialized +3ms
[Nest] 33708  - 09/15/2026, 2:33:48 PM     LOG [InstanceLoader] CatalogModule dependencies initialized +0ms
[Nest] 33708  - 09/15/2026, 2:33:48 PM     LOG [InstanceLoader] CmsModule dependencies initialized +0ms
[Nest] 33708  - 09/15/2026, 2:33:48 PM     LOG [InstanceLoader] AdminModule dependencies initialized +0ms
[Nest] 33708  - 09/15/2026, 2:33:48 PM     LOG [InstanceLoader] PartnersModule dependencies initialized +0ms
[Nest] 33708  - 09/15/2026, 2:33:48 PM     LOG [InstanceLoader] CommerceModule dependencies initialized +0ms
[Nest] 33708  - 09/15/2026, 2:33:48 PM     LOG [RoutesResolver] AuthController {/api/auth}: +31ms
[Nest] 33708  - 09/15/2026, 2:33:48 PM     LOG [RouterExplorer] Mapped {/api/auth/login, POST} route +3ms
[Nest] 33708  - 09/15/2026, 2:33:48 PM     LOG [RouterExplorer] Mapped {/api/auth/me, GET} route +0ms
[Nest] 33708  - 09/15/2026, 2:33:48 PM     LOG [RouterExplorer] Mapped {/api/auth/customer/email, POST} route +0ms
[Nest] 33708  - 09/15/2026, 2:33:48 PM     LOG [RouterExplorer] Mapped {/api/auth/customer/verify-registration, POST} route +1ms
[Nest] 33708  - 09/15/2026, 2:33:48 PM     LOG [RouterExplorer] Mapped {/api/auth/customer/register, POST} route +0ms
[Nest] 33708  - 09/15/2026, 2:33:48 PM     LOG [RouterExplorer] Mapped {/api/auth/customer/login, POST} route +1ms
[Nest] 33708  - 09/15/2026, 2:33:48 PM     LOG [RouterExplorer] Mapped {/api/auth/customer/password-reset/request, POST} route +0ms
[Nest] 33708  - 09/15/2026, 2:33:48 PM     LOG [RouterExplorer] Mapped {/api/auth/customer/password-reset/verify, POST} route +0ms
[Nest] 33708  - 09/15/2026, 2:33:48 PM     LOG [RouterExplorer] Mapped {/api/auth/customer/password-reset/complete, POST} route +0ms
[Nest] 33708  - 09/15/2026, 2:33:48 PM     LOG [RouterExplorer] Mapped {/api/auth/customer/me, GET} route +1ms
[Nest] 33708  - 09/15/2026, 2:33:48 PM     LOG [RouterExplorer] Mapped {/api/auth/customer/me, PATCH} route +0ms
[Nest] 33708  - 09/15/2026, 2:33:48 PM     LOG [RoutesResolver] CatalogController {/api/catalog}: +0ms
[Nest] 33708  - 09/15/2026, 2:33:48 PM     LOG [RouterExplorer] Mapped {/api/catalog/products, GET} route +1ms
[Nest] 33708  - 09/15/2026, 2:33:48 PM     LOG [RouterExplorer] Mapped {/api/catalog/products/listing, GET} route +0ms
[Nest] 33708  - 09/15/2026, 2:33:48 PM     LOG [RouterExplorer] Mapped {/api/catalog/products/random, GET} route +0ms
[Nest] 33708  - 09/15/2026, 2:33:48 PM     LOG [RouterExplorer] Mapped {/api/catalog/products/:slug, GET} route +1ms
[Nest] 33708  - 09/15/2026, 2:33:48 PM     LOG [RouterExplorer] Mapped {/api/catalog/categories, GET} route +0ms
[Nest] 33708  - 09/15/2026, 2:33:48 PM     LOG [RouterExplorer] Mapped {/api/catalog/collections, GET} route +0ms
[Nest] 33708  - 09/15/2026, 2:33:48 PM     LOG [RoutesResolver] AdminCatalogController {/api/admin/catalog}: +1ms
[Nest] 33708  - 09/15/2026, 2:33:48 PM     LOG [RouterExplorer] Mapped {/api/admin/catalog/products, GET} route +0ms
[Nest] 33708  - 09/15/2026, 2:33:48 PM     LOG [RouterExplorer] Mapped {/api/admin/catalog/products, POST} route +0ms
[Nest] 33708  - 09/15/2026, 2:33:48 PM     LOG [RouterExplorer] Mapped {/api/admin/catalog/products/:id, PATCH} route +1ms
[Nest] 33708  - 09/15/2026, 2:33:48 PM     LOG [RouterExplorer] Mapped {/api/admin/catalog/products/:id, DELETE} route +0ms
[Nest] 33708  - 09/15/2026, 2:33:48 PM     LOG [RouterExplorer] Mapped {/api/admin/catalog/products/:id/variants, GET} route +0ms
[Nest] 33708  - 09/15/2026, 2:33:48 PM     LOG [RouterExplorer] Mapped {/api/admin/catalog/products/:id/variants, POST} route +1ms
[Nest] 33708  - 09/15/2026, 2:33:48 PM     LOG [RouterExplorer] Mapped {/api/admin/catalog/variants/:id, PATCH} route +0ms
[Nest] 33708  - 09/15/2026, 2:33:48 PM     LOG [RouterExplorer] Mapped {/api/admin/catalog/variants/:id, DELETE} route +0ms
[Nest] 33708  - 09/15/2026, 2:33:48 PM     LOG [RouterExplorer] Mapped {/api/admin/catalog/discounts, GET} route +1ms
[Nest] 33708  - 09/15/2026, 2:33:48 PM     LOG [RouterExplorer] Mapped {/api/admin/catalog/discounts, POST} route +0ms
[Nest] 33708  - 09/15/2026, 2:33:48 PM     LOG [RouterExplorer] Mapped {/api/admin/catalog/discounts/:id, PATCH} route +0ms
[Nest] 33708  - 09/15/2026, 2:33:48 PM     LOG [RouterExplorer] Mapped {/api/admin/catalog/discounts/:id, DELETE} route +1ms
[Nest] 33708  - 09/15/2026, 2:33:48 PM     LOG [RouterExplorer] Mapped {/api/admin/catalog/transfers, GET} route +0ms
[Nest] 33708  - 09/15/2026, 2:33:48 PM     LOG [RouterExplorer] Mapped {/api/admin/catalog/transfers, POST} route +0ms
[Nest] 33708  - 09/15/2026, 2:33:48 PM     LOG [RouterExplorer] Mapped {/api/admin/catalog/transfers/return, POST} route +0ms
[Nest] 33708  - 09/15/2026, 2:33:48 PM     LOG [RouterExplorer] Mapped {/api/admin/catalog/categories, GET} route +1ms
[Nest] 33708  - 09/15/2026, 2:33:48 PM     LOG [RouterExplorer] Mapped {/api/admin/catalog/categories, POST} route +0ms
[Nest] 33708  - 09/15/2026, 2:33:48 PM     LOG [RouterExplorer] Mapped {/api/admin/catalog/categories/:id, PATCH} route +0ms
[Nest] 33708  - 09/15/2026, 2:33:48 PM     LOG [RouterExplorer] Mapped {/api/admin/catalog/categories/:id, DELETE} route +0ms
[Nest] 33708  - 09/15/2026, 2:33:48 PM     LOG [RouterExplorer] Mapped {/api/admin/catalog/collections, GET} route +1ms
[Nest] 33708  - 09/15/2026, 2:33:48 PM     LOG [RouterExplorer] Mapped {/api/admin/catalog/collections, POST} route +0ms
[Nest] 33708  - 09/15/2026, 2:33:48 PM     LOG [RouterExplorer] Mapped {/api/admin/catalog/collections/:id, PATCH} route +0ms
[Nest] 33708  - 09/15/2026, 2:33:48 PM     LOG [RouterExplorer] Mapped {/api/admin/catalog/collections/:id, DELETE} route +0ms
[Nest] 33708  - 09/15/2026, 2:33:48 PM     LOG [RoutesResolver] CheckoutController {/api/checkout}: +0ms
[Nest] 33708  - 09/15/2026, 2:33:48 PM     LOG [RouterExplorer] Mapped {/api/checkout/orders, POST} route +1ms
[Nest] 33708  - 09/15/2026, 2:33:48 PM     LOG [RoutesResolver] AdminCommerceController {/api/admin}: +0ms
[Nest] 33708  - 09/15/2026, 2:33:48 PM     LOG [RouterExplorer] Mapped {/api/admin/orders, GET} route +0ms
[Nest] 33708  - 09/15/2026, 2:33:48 PM     LOG [RouterExplorer] Mapped {/api/admin/orders/:id, PATCH} route +1ms
[Nest] 33708  - 09/15/2026, 2:33:48 PM     LOG [RouterExplorer] Mapped {/api/admin/customers, GET} route +0ms
[Nest] 33708  - 09/15/2026, 2:33:48 PM     LOG [RoutesResolver] CmsController {/api/content}: +0ms
[Nest] 33708  - 09/15/2026, 2:33:48 PM     LOG [RouterExplorer] Mapped {/api/content/banners, GET} route +0ms
[Nest] 33708  - 09/15/2026, 2:33:48 PM     LOG [RouterExplorer] Mapped {/api/content/posts, GET} route +1ms
[Nest] 33708  - 09/15/2026, 2:33:48 PM     LOG [RouterExplorer] Mapped {/api/content/lookbook, GET} route +0ms
[Nest] 33708  - 09/15/2026, 2:33:48 PM     LOG [RouterExplorer] Mapped {/api/content/custom-sections, GET} route +0ms
[Nest] 33708  - 09/15/2026, 2:33:48 PM     LOG [RouterExplorer] Mapped {/api/content/navigation, GET} route +0ms
[Nest] 33708  - 09/15/2026, 2:33:48 PM     LOG [RouterExplorer] Mapped {/api/content/records, GET} route +1ms
[Nest] 33708  - 09/15/2026, 2:33:48 PM     LOG [RouterExplorer] Mapped {/api/content/notifications, GET} route +0ms
[Nest] 33708  - 09/15/2026, 2:33:48 PM     LOG [RouterExplorer] Mapped {/api/content/notifications/:id/click, POST} route +0ms
[Nest] 33708  - 09/15/2026, 2:33:48 PM     LOG [RouterExplorer] Mapped {/api/content/pages/:slug, GET} route +0ms
[Nest] 33708  - 09/15/2026, 2:33:48 PM     LOG [RoutesResolver] AdminCmsController {/api/admin/content}: +0ms
[Nest] 33708  - 09/15/2026, 2:33:48 PM     LOG [RouterExplorer] Mapped {/api/admin/content/banners, GET} route +1ms
[Nest] 33708  - 09/15/2026, 2:33:48 PM     LOG [RouterExplorer] Mapped {/api/admin/content/banners, POST} route +0ms
[Nest] 33708  - 09/15/2026, 2:33:48 PM     LOG [RouterExplorer] Mapped {/api/admin/content/banners/upload, POST} route +1ms
[Nest] 33708  - 09/15/2026, 2:33:48 PM     LOG [RouterExplorer] Mapped {/api/admin/content/banners/:id, PATCH} route +0ms
[Nest] 33708  - 09/15/2026, 2:33:48 PM     LOG [RouterExplorer] Mapped {/api/admin/content/banners/:id, DELETE} route +0ms
[Nest] 33708  - 09/15/2026, 2:33:48 PM     LOG [RouterExplorer] Mapped {/api/admin/content/posts, GET} route +0ms
[Nest] 33708  - 09/15/2026, 2:33:48 PM     LOG [RouterExplorer] Mapped {/api/admin/content/posts/upload, POST} route +1ms
[Nest] 33708  - 09/15/2026, 2:33:48 PM     LOG [RouterExplorer] Mapped {/api/admin/content/posts, POST} route +0ms
[Nest] 33708  - 09/15/2026, 2:33:48 PM     LOG [RouterExplorer] Mapped {/api/admin/content/posts/:id, PATCH} route +0ms
[Nest] 33708  - 09/15/2026, 2:33:48 PM     LOG [RouterExplorer] Mapped {/api/admin/content/posts/:id, DELETE} route +1ms
[Nest] 33708  - 09/15/2026, 2:33:48 PM     LOG [RouterExplorer] Mapped {/api/admin/content/lookbook, GET} route +0ms
[Nest] 33708  - 09/15/2026, 2:33:48 PM     LOG [RouterExplorer] Mapped {/api/admin/content/lookbook/upload, POST} route +0ms
[Nest] 33708  - 09/15/2026, 2:33:48 PM     LOG [RouterExplorer] Mapped {/api/admin/content/lookbook, POST} route +1ms
[Nest] 33708  - 09/15/2026, 2:33:48 PM     LOG [RouterExplorer] Mapped {/api/admin/content/lookbook/:id, PATCH} route +0ms
[Nest] 33708  - 09/15/2026, 2:33:48 PM     LOG [RouterExplorer] Mapped {/api/admin/content/lookbook/:id, DELETE} route +0ms
[Nest] 33708  - 09/15/2026, 2:33:48 PM     LOG [RouterExplorer] Mapped {/api/admin/content/records, GET} route +1ms
[Nest] 33708  - 09/15/2026, 2:33:48 PM     LOG [RouterExplorer] Mapped {/api/admin/content/records, POST} route +0ms
[Nest] 33708  - 09/15/2026, 2:33:48 PM     LOG [RouterExplorer] Mapped {/api/admin/content/records/:id, PATCH} route +0ms
[Nest] 33708  - 09/15/2026, 2:33:48 PM     LOG [RouterExplorer] Mapped {/api/admin/content/records/:id, DELETE} route +0ms
[Nest] 33708  - 09/15/2026, 2:33:48 PM     LOG [RouterExplorer] Mapped {/api/admin/content/records/upload, POST} route +1ms
[Nest] 33708  - 09/15/2026, 2:33:48 PM     LOG [RouterExplorer] Mapped {/api/admin/content/pages, GET} route +0ms
[Nest] 33708  - 09/15/2026, 2:33:48 PM     LOG [RouterExplorer] Mapped {/api/admin/content/pages, POST} route +0ms
[Nest] 33708  - 09/15/2026, 2:33:48 PM     LOG [RouterExplorer] Mapped {/api/admin/content/pages/:id, PATCH} route +1ms
[Nest] 33708  - 09/15/2026, 2:33:48 PM     LOG [RouterExplorer] Mapped {/api/admin/content/pages/:id/sections, GET} route +0ms
[Nest] 33708  - 09/15/2026, 2:33:48 PM     LOG [RouterExplorer] Mapped {/api/admin/content/pages/:id/sections, POST} route +0ms
[Nest] 33708  - 09/15/2026, 2:33:48 PM     LOG [RouterExplorer] Mapped {/api/admin/content/sections/:id, PATCH} route +0ms
[Nest] 33708  - 09/15/2026, 2:33:48 PM     LOG [RouterExplorer] Mapped {/api/admin/content/sections/:id, DELETE} route +1ms
[Nest] 33708  - 09/15/2026, 2:33:48 PM     LOG [RouterExplorer] Mapped {/api/admin/content/settings, GET} route +0ms
[Nest] 33708  - 09/15/2026, 2:33:48 PM     LOG [RouterExplorer] Mapped {/api/admin/content/settings/:key, PUT} route +0ms
[Nest] 33708  - 09/15/2026, 2:33:48 PM     LOG [RoutesResolver] AdminController {/api/admin}: +1ms
[Nest] 33708  - 09/15/2026, 2:33:48 PM     LOG [RouterExplorer] Mapped {/api/admin/dashboard, GET} route +0ms
[Nest] 33708  - 09/15/2026, 2:33:48 PM     LOG [RouterExplorer] Mapped {/api/admin/currencies, GET} route +0ms
[Nest] 33708  - 09/15/2026, 2:33:48 PM     LOG [RouterExplorer] Mapped {/api/admin/currencies/refresh, POST} route +0ms
[Nest] 33708  - 09/15/2026, 2:33:48 PM     LOG [RouterExplorer] Mapped {/api/admin/audit-logs, GET} route +1ms
[Nest] 33708  - 09/15/2026, 2:33:48 PM     LOG [RouterExplorer] Mapped {/api/admin/users, GET} route +0ms
[Nest] 33708  - 09/15/2026, 2:33:48 PM     LOG [RouterExplorer] Mapped {/api/admin/users, POST} route +0ms
[Nest] 33708  - 09/15/2026, 2:33:48 PM     LOG [RouterExplorer] Mapped {/api/admin/users/:id, PATCH} route +0ms
[Nest] 33708  - 09/15/2026, 2:33:48 PM     LOG [RoutesResolver] PartnersController {/api/admin/partners}: +1ms
[Nest] 33708  - 09/15/2026, 2:33:48 PM     LOG [RouterExplorer] Mapped {/api/admin/partners, GET} route +0ms
[Nest] 33708  - 09/15/2026, 2:33:48 PM     LOG [RouterExplorer] Mapped {/api/admin/partners/stats, GET} route +0ms
[Nest] 33708  - 09/15/2026, 2:33:48 PM     LOG [RouterExplorer] Mapped {/api/admin/partners, POST} route +1ms
[Nest] 33708  - 09/15/2026, 2:33:48 PM     LOG [RouterExplorer] Mapped {/api/admin/partners/:id/active, PATCH} route +0ms
[Nest] 33708  - 09/15/2026, 2:33:48 PM     LOG [RouterExplorer] Mapped {/api/admin/partners/:id/archive, POST} route +0ms
[Nest] 33708  - 09/15/2026, 2:33:48 PM     LOG [NestApplication] Nest application successfully started +9ms
