
> siren-backend@1.0.0 start:dev
> nest start --watch

[2J[3J[H[[90m5:52:07 PM[0m] Starting compilation in watch mode...

[[90m5:52:12 PM[0m] Found 0 errors. Watching for file changes.

[Nest] 30280  - 09/09/2026, 5:52:15 PM     LOG [NestFactory] Starting Nest application...
[Nest] 30280  - 09/09/2026, 5:52:16 PM     LOG [InstanceLoader] AppModule dependencies initialized +16ms
[Nest] 30280  - 09/09/2026, 5:52:16 PM     LOG [InstanceLoader] TypeOrmModule dependencies initialized +1ms
[Nest] 30280  - 09/09/2026, 5:52:16 PM     LOG [InstanceLoader] PassportModule dependencies initialized +0ms
[Nest] 30280  - 09/09/2026, 5:52:16 PM     LOG [InstanceLoader] ConfigHostModule dependencies initialized +1ms
[Nest] 30280  - 09/09/2026, 5:52:16 PM     LOG [InstanceLoader] ConfigModule dependencies initialized +2ms
[Nest] 30280  - 09/09/2026, 5:52:16 PM     LOG [InstanceLoader] ConfigModule dependencies initialized +0ms
[Nest] 30280  - 09/09/2026, 5:52:16 PM     LOG [InstanceLoader] JwtModule dependencies initialized +62ms
[Nest] 30280  - 09/09/2026, 5:52:16 PM     LOG [InstanceLoader] TypeOrmCoreModule dependencies initialized +173ms
[Nest] 30280  - 09/09/2026, 5:52:16 PM     LOG [InstanceLoader] TypeOrmModule dependencies initialized +0ms
[Nest] 30280  - 09/09/2026, 5:52:16 PM     LOG [InstanceLoader] TypeOrmModule dependencies initialized +1ms
[Nest] 30280  - 09/09/2026, 5:52:16 PM     LOG [InstanceLoader] TypeOrmModule dependencies initialized +0ms
[Nest] 30280  - 09/09/2026, 5:52:16 PM     LOG [InstanceLoader] TypeOrmModule dependencies initialized +0ms
[Nest] 30280  - 09/09/2026, 5:52:16 PM     LOG [InstanceLoader] TypeOrmModule dependencies initialized +0ms
[Nest] 30280  - 09/09/2026, 5:52:16 PM     LOG [InstanceLoader] AuthModule dependencies initialized +3ms
[Nest] 30280  - 09/09/2026, 5:52:16 PM     LOG [InstanceLoader] CatalogModule dependencies initialized +0ms
[Nest] 30280  - 09/09/2026, 5:52:16 PM     LOG [InstanceLoader] CmsModule dependencies initialized +0ms
[Nest] 30280  - 09/09/2026, 5:52:16 PM     LOG [InstanceLoader] AdminModule dependencies initialized +0ms
[Nest] 30280  - 09/09/2026, 5:52:16 PM     LOG [InstanceLoader] CommerceModule dependencies initialized +0ms
[Nest] 30280  - 09/09/2026, 5:52:16 PM     LOG [RoutesResolver] AuthController {/api/auth}: +34ms
[Nest] 30280  - 09/09/2026, 5:52:16 PM     LOG [RouterExplorer] Mapped {/api/auth/login, POST} route +2ms
[Nest] 30280  - 09/09/2026, 5:52:16 PM     LOG [RouterExplorer] Mapped {/api/auth/me, GET} route +1ms
[Nest] 30280  - 09/09/2026, 5:52:16 PM     LOG [RouterExplorer] Mapped {/api/auth/customer/email, POST} route +0ms
[Nest] 30280  - 09/09/2026, 5:52:16 PM     LOG [RouterExplorer] Mapped {/api/auth/customer/verify-registration, POST} route +1ms
[Nest] 30280  - 09/09/2026, 5:52:16 PM     LOG [RouterExplorer] Mapped {/api/auth/customer/register, POST} route +0ms
[Nest] 30280  - 09/09/2026, 5:52:16 PM     LOG [RouterExplorer] Mapped {/api/auth/customer/login, POST} route +1ms
[Nest] 30280  - 09/09/2026, 5:52:16 PM     LOG [RouterExplorer] Mapped {/api/auth/customer/password-reset/request, POST} route +0ms
[Nest] 30280  - 09/09/2026, 5:52:16 PM     LOG [RouterExplorer] Mapped {/api/auth/customer/password-reset/verify, POST} route +0ms
[Nest] 30280  - 09/09/2026, 5:52:16 PM     LOG [RouterExplorer] Mapped {/api/auth/customer/password-reset/complete, POST} route +1ms
[Nest] 30280  - 09/09/2026, 5:52:16 PM     LOG [RouterExplorer] Mapped {/api/auth/customer/me, GET} route +0ms
[Nest] 30280  - 09/09/2026, 5:52:16 PM     LOG [RouterExplorer] Mapped {/api/auth/customer/me, PATCH} route +1ms
[Nest] 30280  - 09/09/2026, 5:52:16 PM     LOG [RoutesResolver] CatalogController {/api/catalog}: +0ms
[Nest] 30280  - 09/09/2026, 5:52:16 PM     LOG [RouterExplorer] Mapped {/api/catalog/products, GET} route +1ms
[Nest] 30280  - 09/09/2026, 5:52:16 PM     LOG [RouterExplorer] Mapped {/api/catalog/products/listing, GET} route +0ms
[Nest] 30280  - 09/09/2026, 5:52:16 PM     LOG [RouterExplorer] Mapped {/api/catalog/products/random, GET} route +0ms
[Nest] 30280  - 09/09/2026, 5:52:16 PM     LOG [RouterExplorer] Mapped {/api/catalog/products/:slug, GET} route +1ms
[Nest] 30280  - 09/09/2026, 5:52:16 PM     LOG [RouterExplorer] Mapped {/api/catalog/categories, GET} route +1ms
[Nest] 30280  - 09/09/2026, 5:52:16 PM     LOG [RouterExplorer] Mapped {/api/catalog/collections, GET} route +0ms
[Nest] 30280  - 09/09/2026, 5:52:16 PM     LOG [RoutesResolver] AdminCatalogController {/api/admin/catalog}: +0ms
[Nest] 30280  - 09/09/2026, 5:52:16 PM     LOG [RouterExplorer] Mapped {/api/admin/catalog/products, GET} route +1ms
[Nest] 30280  - 09/09/2026, 5:52:16 PM     LOG [RouterExplorer] Mapped {/api/admin/catalog/products, POST} route +0ms
[Nest] 30280  - 09/09/2026, 5:52:16 PM     LOG [RouterExplorer] Mapped {/api/admin/catalog/products/:id, PATCH} route +0ms
[Nest] 30280  - 09/09/2026, 5:52:16 PM     LOG [RouterExplorer] Mapped {/api/admin/catalog/products/:id, DELETE} route +1ms
[Nest] 30280  - 09/09/2026, 5:52:16 PM     LOG [RouterExplorer] Mapped {/api/admin/catalog/products/:id/variants, GET} route +0ms
[Nest] 30280  - 09/09/2026, 5:52:16 PM     LOG [RouterExplorer] Mapped {/api/admin/catalog/products/:id/variants, POST} route +0ms
[Nest] 30280  - 09/09/2026, 5:52:16 PM     LOG [RouterExplorer] Mapped {/api/admin/catalog/variants/:id, PATCH} route +1ms
[Nest] 30280  - 09/09/2026, 5:52:16 PM     LOG [RouterExplorer] Mapped {/api/admin/catalog/variants/:id, DELETE} route +0ms
[Nest] 30280  - 09/09/2026, 5:52:16 PM     LOG [RouterExplorer] Mapped {/api/admin/catalog/transfers, GET} route +0ms
[Nest] 30280  - 09/09/2026, 5:52:16 PM     LOG [RouterExplorer] Mapped {/api/admin/catalog/transfers, POST} route +0ms
[Nest] 30280  - 09/09/2026, 5:52:16 PM     LOG [RouterExplorer] Mapped {/api/admin/catalog/transfers/return, POST} route +1ms
[Nest] 30280  - 09/09/2026, 5:52:16 PM     LOG [RouterExplorer] Mapped {/api/admin/catalog/categories, GET} route +0ms
[Nest] 30280  - 09/09/2026, 5:52:16 PM     LOG [RouterExplorer] Mapped {/api/admin/catalog/categories, POST} route +0ms
[Nest] 30280  - 09/09/2026, 5:52:16 PM     LOG [RouterExplorer] Mapped {/api/admin/catalog/categories/:id, PATCH} route +0ms
[Nest] 30280  - 09/09/2026, 5:52:16 PM     LOG [RouterExplorer] Mapped {/api/admin/catalog/categories/:id, DELETE} route +1ms
[Nest] 30280  - 09/09/2026, 5:52:16 PM     LOG [RouterExplorer] Mapped {/api/admin/catalog/collections, GET} route +0ms
[Nest] 30280  - 09/09/2026, 5:52:16 PM     LOG [RouterExplorer] Mapped {/api/admin/catalog/collections, POST} route +0ms
[Nest] 30280  - 09/09/2026, 5:52:16 PM     LOG [RouterExplorer] Mapped {/api/admin/catalog/collections/:id, PATCH} route +0ms
[Nest] 30280  - 09/09/2026, 5:52:16 PM     LOG [RouterExplorer] Mapped {/api/admin/catalog/collections/:id, DELETE} route +1ms
[Nest] 30280  - 09/09/2026, 5:52:16 PM     LOG [RoutesResolver] CheckoutController {/api/checkout}: +0ms
[Nest] 30280  - 09/09/2026, 5:52:16 PM     LOG [RouterExplorer] Mapped {/api/checkout/orders, POST} route +0ms
[Nest] 30280  - 09/09/2026, 5:52:16 PM     LOG [RoutesResolver] AdminCommerceController {/api/admin}: +0ms
[Nest] 30280  - 09/09/2026, 5:52:16 PM     LOG [RouterExplorer] Mapped {/api/admin/orders, GET} route +1ms
[Nest] 30280  - 09/09/2026, 5:52:16 PM     LOG [RouterExplorer] Mapped {/api/admin/orders/:id, PATCH} route +0ms
[Nest] 30280  - 09/09/2026, 5:52:16 PM     LOG [RouterExplorer] Mapped {/api/admin/customers, GET} route +0ms
[Nest] 30280  - 09/09/2026, 5:52:16 PM     LOG [RoutesResolver] CmsController {/api/content}: +0ms
[Nest] 30280  - 09/09/2026, 5:52:16 PM     LOG [RouterExplorer] Mapped {/api/content/banners, GET} route +0ms
[Nest] 30280  - 09/09/2026, 5:52:16 PM     LOG [RouterExplorer] Mapped {/api/content/posts, GET} route +1ms
[Nest] 30280  - 09/09/2026, 5:52:16 PM     LOG [RouterExplorer] Mapped {/api/content/lookbook, GET} route +0ms
[Nest] 30280  - 09/09/2026, 5:52:16 PM     LOG [RouterExplorer] Mapped {/api/content/custom-sections, GET} route +0ms
[Nest] 30280  - 09/09/2026, 5:52:16 PM     LOG [RouterExplorer] Mapped {/api/content/navigation, GET} route +0ms
[Nest] 30280  - 09/09/2026, 5:52:16 PM     LOG [RouterExplorer] Mapped {/api/content/records, GET} route +1ms
[Nest] 30280  - 09/09/2026, 5:52:16 PM     LOG [RouterExplorer] Mapped {/api/content/pages/:slug, GET} route +0ms
[Nest] 30280  - 09/09/2026, 5:52:16 PM     LOG [RoutesResolver] AdminCmsController {/api/admin/content}: +1ms
[Nest] 30280  - 09/09/2026, 5:52:16 PM     LOG [RouterExplorer] Mapped {/api/admin/content/banners, GET} route +0ms
[Nest] 30280  - 09/09/2026, 5:52:16 PM     LOG [RouterExplorer] Mapped {/api/admin/content/banners, POST} route +0ms
[Nest] 30280  - 09/09/2026, 5:52:16 PM     LOG [RouterExplorer] Mapped {/api/admin/content/banners/upload, POST} route +0ms
[Nest] 30280  - 09/09/2026, 5:52:16 PM     LOG [RouterExplorer] Mapped {/api/admin/content/banners/:id, PATCH} route +1ms
[Nest] 30280  - 09/09/2026, 5:52:16 PM     LOG [RouterExplorer] Mapped {/api/admin/content/banners/:id, DELETE} route +0ms
[Nest] 30280  - 09/09/2026, 5:52:16 PM     LOG [RouterExplorer] Mapped {/api/admin/content/posts, GET} route +0ms
[Nest] 30280  - 09/09/2026, 5:52:16 PM     LOG [RouterExplorer] Mapped {/api/admin/content/posts/upload, POST} route +0ms
[Nest] 30280  - 09/09/2026, 5:52:16 PM     LOG [RouterExplorer] Mapped {/api/admin/content/posts, POST} route +1ms
[Nest] 30280  - 09/09/2026, 5:52:16 PM     LOG [RouterExplorer] Mapped {/api/admin/content/posts/:id, PATCH} route +0ms
[Nest] 30280  - 09/09/2026, 5:52:16 PM     LOG [RouterExplorer] Mapped {/api/admin/content/posts/:id, DELETE} route +0ms
[Nest] 30280  - 09/09/2026, 5:52:16 PM     LOG [RouterExplorer] Mapped {/api/admin/content/lookbook, GET} route +0ms
[Nest] 30280  - 09/09/2026, 5:52:16 PM     LOG [RouterExplorer] Mapped {/api/admin/content/lookbook/upload, POST} route +1ms
[Nest] 30280  - 09/09/2026, 5:52:16 PM     LOG [RouterExplorer] Mapped {/api/admin/content/lookbook, POST} route +1ms
[Nest] 30280  - 09/09/2026, 5:52:16 PM     LOG [RouterExplorer] Mapped {/api/admin/content/lookbook/:id, PATCH} route +0ms
[Nest] 30280  - 09/09/2026, 5:52:16 PM     LOG [RouterExplorer] Mapped {/api/admin/content/lookbook/:id, DELETE} route +0ms
[Nest] 30280  - 09/09/2026, 5:52:16 PM     LOG [RouterExplorer] Mapped {/api/admin/content/records, GET} route +1ms
[Nest] 30280  - 09/09/2026, 5:52:16 PM     LOG [RouterExplorer] Mapped {/api/admin/content/records, POST} route +0ms
[Nest] 30280  - 09/09/2026, 5:52:16 PM     LOG [RouterExplorer] Mapped {/api/admin/content/records/:id, PATCH} route +0ms
[Nest] 30280  - 09/09/2026, 5:52:16 PM     LOG [RouterExplorer] Mapped {/api/admin/content/records/:id, DELETE} route +1ms
[Nest] 30280  - 09/09/2026, 5:52:16 PM     LOG [RouterExplorer] Mapped {/api/admin/content/records/upload, POST} route +0ms
[Nest] 30280  - 09/09/2026, 5:52:16 PM     LOG [RouterExplorer] Mapped {/api/admin/content/pages, GET} route +0ms
[Nest] 30280  - 09/09/2026, 5:52:16 PM     LOG [RouterExplorer] Mapped {/api/admin/content/pages, POST} route +1ms
[Nest] 30280  - 09/09/2026, 5:52:16 PM     LOG [RouterExplorer] Mapped {/api/admin/content/pages/:id, PATCH} route +0ms
[Nest] 30280  - 09/09/2026, 5:52:16 PM     LOG [RouterExplorer] Mapped {/api/admin/content/pages/:id/sections, GET} route +0ms
[Nest] 30280  - 09/09/2026, 5:52:16 PM     LOG [RouterExplorer] Mapped {/api/admin/content/pages/:id/sections, POST} route +0ms
[Nest] 30280  - 09/09/2026, 5:52:16 PM     LOG [RouterExplorer] Mapped {/api/admin/content/sections/:id, PATCH} route +1ms
[Nest] 30280  - 09/09/2026, 5:52:16 PM     LOG [RouterExplorer] Mapped {/api/admin/content/sections/:id, DELETE} route +0ms
[Nest] 30280  - 09/09/2026, 5:52:16 PM     LOG [RouterExplorer] Mapped {/api/admin/content/settings, GET} route +0ms
[Nest] 30280  - 09/09/2026, 5:52:16 PM     LOG [RouterExplorer] Mapped {/api/admin/content/settings/:key, PUT} route +1ms
[Nest] 30280  - 09/09/2026, 5:52:16 PM     LOG [RoutesResolver] AdminController {/api/admin}: +0ms
[Nest] 30280  - 09/09/2026, 5:52:16 PM     LOG [RouterExplorer] Mapped {/api/admin/dashboard, GET} route +0ms
[Nest] 30280  - 09/09/2026, 5:52:16 PM     LOG [RouterExplorer] Mapped {/api/admin/audit-logs, GET} route +0ms
[Nest] 30280  - 09/09/2026, 5:52:16 PM     LOG [RouterExplorer] Mapped {/api/admin/users, GET} route +0ms
[Nest] 30280  - 09/09/2026, 5:52:16 PM     LOG [RouterExplorer] Mapped {/api/admin/users, POST} route +1ms
[Nest] 30280  - 09/09/2026, 5:52:16 PM     LOG [RouterExplorer] Mapped {/api/admin/users/:id, PATCH} route +0ms
[Nest] 30280  - 09/09/2026, 5:52:16 PM     LOG [NestApplication] Nest application successfully started +8ms
[2J[3J[H[[90m6:35:55 PM[0m] File change detected. Starting incremental compilation...

[[90m6:35:57 PM[0m] Found 0 errors. Watching for file changes.

[2J[3J[H[[90m6:35:57 PM[0m] File change detected. Starting incremental compilation...

[[90m6:35:58 PM[0m] Found 0 errors. Watching for file changes.

[2J[3J[H[[90m6:36:02 PM[0m] File change detected. Starting incremental compilation...

[[90m6:36:03 PM[0m] Found 0 errors. Watching for file changes.

[2J[3J[H[[90m6:36:08 PM[0m] File change detected. Starting incremental compilation...

[Nest] 50592  - 09/09/2026, 6:36:08 PM     LOG [NestFactory] Starting Nest application...
[Nest] 50592  - 09/09/2026, 6:36:08 PM     LOG [InstanceLoader] AppModule dependencies initialized +45ms
[Nest] 50592  - 09/09/2026, 6:36:08 PM     LOG [InstanceLoader] TypeOrmModule dependencies initialized +3ms
[Nest] 50592  - 09/09/2026, 6:36:08 PM     LOG [InstanceLoader] PassportModule dependencies initialized +1ms
[Nest] 50592  - 09/09/2026, 6:36:08 PM     LOG [InstanceLoader] ConfigHostModule dependencies initialized +0ms
[Nest] 50592  - 09/09/2026, 6:36:08 PM     LOG [InstanceLoader] ConfigModule dependencies initialized +2ms
[Nest] 50592  - 09/09/2026, 6:36:08 PM     LOG [InstanceLoader] ConfigModule dependencies initialized +1ms
[Nest] 50592  - 09/09/2026, 6:36:08 PM     LOG [InstanceLoader] JwtModule dependencies initialized +118ms
[[90m6:36:09 PM[0m] Found 0 errors. Watching for file changes.

[Nest] 16052  - 09/09/2026, 6:36:14 PM     LOG [NestFactory] Starting Nest application...
[Nest] 16052  - 09/09/2026, 6:36:14 PM     LOG [InstanceLoader] AppModule dependencies initialized +22ms
[Nest] 16052  - 09/09/2026, 6:36:14 PM     LOG [InstanceLoader] TypeOrmModule dependencies initialized +0ms
[Nest] 16052  - 09/09/2026, 6:36:14 PM     LOG [InstanceLoader] PassportModule dependencies initialized +0ms
[Nest] 16052  - 09/09/2026, 6:36:14 PM     LOG [InstanceLoader] ConfigHostModule dependencies initialized +1ms
[Nest] 16052  - 09/09/2026, 6:36:14 PM     LOG [InstanceLoader] ConfigModule dependencies initialized +2ms
[Nest] 16052  - 09/09/2026, 6:36:14 PM     LOG [InstanceLoader] ConfigModule dependencies initialized +0ms
[Nest] 16052  - 09/09/2026, 6:36:14 PM     LOG [InstanceLoader] JwtModule dependencies initialized +90ms
[Nest] 16052  - 09/09/2026, 6:36:15 PM     LOG [InstanceLoader] TypeOrmCoreModule dependencies initialized +381ms
[Nest] 16052  - 09/09/2026, 6:36:15 PM     LOG [InstanceLoader] TypeOrmModule dependencies initialized +2ms
[Nest] 16052  - 09/09/2026, 6:36:15 PM     LOG [InstanceLoader] TypeOrmModule dependencies initialized +0ms
[Nest] 16052  - 09/09/2026, 6:36:15 PM     LOG [InstanceLoader] TypeOrmModule dependencies initialized +1ms
[Nest] 16052  - 09/09/2026, 6:36:15 PM     LOG [InstanceLoader] TypeOrmModule dependencies initialized +3ms
[Nest] 16052  - 09/09/2026, 6:36:15 PM     LOG [InstanceLoader] TypeOrmModule dependencies initialized +0ms
[Nest] 16052  - 09/09/2026, 6:36:15 PM     LOG [InstanceLoader] AuthModule dependencies initialized +4ms
[Nest] 16052  - 09/09/2026, 6:36:15 PM     LOG [InstanceLoader] CatalogModule dependencies initialized +1ms
[Nest] 16052  - 09/09/2026, 6:36:15 PM     LOG [InstanceLoader] CmsModule dependencies initialized +1ms
[Nest] 16052  - 09/09/2026, 6:36:15 PM     LOG [InstanceLoader] AdminModule dependencies initialized +0ms
[Nest] 16052  - 09/09/2026, 6:36:15 PM     LOG [InstanceLoader] CommerceModule dependencies initialized +0ms
[Nest] 16052  - 09/09/2026, 6:36:15 PM     LOG [RoutesResolver] AuthController {/api/auth}: +71ms
[Nest] 16052  - 09/09/2026, 6:36:15 PM     LOG [RouterExplorer] Mapped {/api/auth/login, POST} route +11ms
[Nest] 16052  - 09/09/2026, 6:36:15 PM     LOG [RouterExplorer] Mapped {/api/auth/me, GET} route +3ms
[Nest] 16052  - 09/09/2026, 6:36:15 PM     LOG [RouterExplorer] Mapped {/api/auth/customer/email, POST} route +4ms
[Nest] 16052  - 09/09/2026, 6:36:15 PM     LOG [RouterExplorer] Mapped {/api/auth/customer/verify-registration, POST} route +1ms
[Nest] 16052  - 09/09/2026, 6:36:15 PM     LOG [RouterExplorer] Mapped {/api/auth/customer/register, POST} route +0ms
[Nest] 16052  - 09/09/2026, 6:36:15 PM     LOG [RouterExplorer] Mapped {/api/auth/customer/login, POST} route +1ms
[Nest] 16052  - 09/09/2026, 6:36:15 PM     LOG [RouterExplorer] Mapped {/api/auth/customer/password-reset/request, POST} route +1ms
[Nest] 16052  - 09/09/2026, 6:36:15 PM     LOG [RouterExplorer] Mapped {/api/auth/customer/password-reset/verify, POST} route +3ms
[Nest] 16052  - 09/09/2026, 6:36:15 PM     LOG [RouterExplorer] Mapped {/api/auth/customer/password-reset/complete, POST} route +2ms
[Nest] 16052  - 09/09/2026, 6:36:15 PM     LOG [RouterExplorer] Mapped {/api/auth/customer/me, GET} route +1ms
[Nest] 16052  - 09/09/2026, 6:36:15 PM     LOG [RouterExplorer] Mapped {/api/auth/customer/me, PATCH} route +1ms
[Nest] 16052  - 09/09/2026, 6:36:15 PM     LOG [RoutesResolver] CatalogController {/api/catalog}: +4ms
[Nest] 16052  - 09/09/2026, 6:36:15 PM     LOG [RouterExplorer] Mapped {/api/catalog/products, GET} route +0ms
[Nest] 16052  - 09/09/2026, 6:36:15 PM     LOG [RouterExplorer] Mapped {/api/catalog/products/listing, GET} route +1ms
[Nest] 16052  - 09/09/2026, 6:36:15 PM     LOG [RouterExplorer] Mapped {/api/catalog/products/random, GET} route +0ms
[Nest] 16052  - 09/09/2026, 6:36:15 PM     LOG [RouterExplorer] Mapped {/api/catalog/products/:slug, GET} route +1ms
[Nest] 16052  - 09/09/2026, 6:36:15 PM     LOG [RouterExplorer] Mapped {/api/catalog/categories, GET} route +0ms
[Nest] 16052  - 09/09/2026, 6:36:15 PM     LOG [RouterExplorer] Mapped {/api/catalog/collections, GET} route +5ms
[Nest] 16052  - 09/09/2026, 6:36:15 PM     LOG [RoutesResolver] AdminCatalogController {/api/admin/catalog}: +1ms
[Nest] 16052  - 09/09/2026, 6:36:15 PM     LOG [RouterExplorer] Mapped {/api/admin/catalog/products, GET} route +1ms
[Nest] 16052  - 09/09/2026, 6:36:15 PM     LOG [RouterExplorer] Mapped {/api/admin/catalog/products, POST} route +1ms
[Nest] 16052  - 09/09/2026, 6:36:15 PM     LOG [RouterExplorer] Mapped {/api/admin/catalog/products/:id, PATCH} route +1ms
[Nest] 16052  - 09/09/2026, 6:36:15 PM     LOG [RouterExplorer] Mapped {/api/admin/catalog/products/:id, DELETE} route +1ms
[Nest] 16052  - 09/09/2026, 6:36:15 PM     LOG [RouterExplorer] Mapped {/api/admin/catalog/products/:id/variants, GET} route +1ms
[Nest] 16052  - 09/09/2026, 6:36:15 PM     LOG [RouterExplorer] Mapped {/api/admin/catalog/products/:id/variants, POST} route +1ms
[Nest] 16052  - 09/09/2026, 6:36:15 PM     LOG [RouterExplorer] Mapped {/api/admin/catalog/variants/:id, PATCH} route +7ms
[Nest] 16052  - 09/09/2026, 6:36:15 PM     LOG [RouterExplorer] Mapped {/api/admin/catalog/variants/:id, DELETE} route +1ms
[Nest] 16052  - 09/09/2026, 6:36:15 PM     LOG [RouterExplorer] Mapped {/api/admin/catalog/transfers, GET} route +0ms
[Nest] 16052  - 09/09/2026, 6:36:15 PM     LOG [RouterExplorer] Mapped {/api/admin/catalog/transfers, POST} route +1ms
[Nest] 16052  - 09/09/2026, 6:36:15 PM     LOG [RouterExplorer] Mapped {/api/admin/catalog/transfers/return, POST} route +0ms
[Nest] 16052  - 09/09/2026, 6:36:15 PM     LOG [RouterExplorer] Mapped {/api/admin/catalog/categories, GET} route +2ms
[Nest] 16052  - 09/09/2026, 6:36:15 PM     LOG [RouterExplorer] Mapped {/api/admin/catalog/categories, POST} route +0ms
[Nest] 16052  - 09/09/2026, 6:36:15 PM     LOG [RouterExplorer] Mapped {/api/admin/catalog/categories/:id, PATCH} route +1ms
[Nest] 16052  - 09/09/2026, 6:36:15 PM     LOG [RouterExplorer] Mapped {/api/admin/catalog/categories/:id, DELETE} route +0ms
[Nest] 16052  - 09/09/2026, 6:36:15 PM     LOG [RouterExplorer] Mapped {/api/admin/catalog/collections, GET} route +5ms
[Nest] 16052  - 09/09/2026, 6:36:15 PM     LOG [RouterExplorer] Mapped {/api/admin/catalog/collections, POST} route +0ms
[Nest] 16052  - 09/09/2026, 6:36:15 PM     LOG [RouterExplorer] Mapped {/api/admin/catalog/collections/:id, PATCH} route +1ms
[Nest] 16052  - 09/09/2026, 6:36:15 PM     LOG [RouterExplorer] Mapped {/api/admin/catalog/collections/:id, DELETE} route +0ms
[Nest] 16052  - 09/09/2026, 6:36:15 PM     LOG [RoutesResolver] CheckoutController {/api/checkout}: +1ms
[Nest] 16052  - 09/09/2026, 6:36:15 PM     LOG [RouterExplorer] Mapped {/api/checkout/orders, POST} route +2ms
[Nest] 16052  - 09/09/2026, 6:36:15 PM     LOG [RoutesResolver] AdminCommerceController {/api/admin}: +1ms
[Nest] 16052  - 09/09/2026, 6:36:15 PM     LOG [RouterExplorer] Mapped {/api/admin/orders, GET} route +1ms
[Nest] 16052  - 09/09/2026, 6:36:15 PM     LOG [RouterExplorer] Mapped {/api/admin/orders/:id, PATCH} route +0ms
[Nest] 16052  - 09/09/2026, 6:36:15 PM     LOG [RouterExplorer] Mapped {/api/admin/customers, GET} route +5ms
[Nest] 16052  - 09/09/2026, 6:36:15 PM     LOG [RoutesResolver] CmsController {/api/content}: +0ms
[Nest] 16052  - 09/09/2026, 6:36:15 PM     LOG [RouterExplorer] Mapped {/api/content/banners, GET} route +1ms
[Nest] 16052  - 09/09/2026, 6:36:15 PM     LOG [RouterExplorer] Mapped {/api/content/posts, GET} route +0ms
[Nest] 16052  - 09/09/2026, 6:36:15 PM     LOG [RouterExplorer] Mapped {/api/content/lookbook, GET} route +1ms
[Nest] 16052  - 09/09/2026, 6:36:15 PM     LOG [RouterExplorer] Mapped {/api/content/custom-sections, GET} route +5ms
[Nest] 16052  - 09/09/2026, 6:36:15 PM     LOG [RouterExplorer] Mapped {/api/content/navigation, GET} route +1ms
[Nest] 16052  - 09/09/2026, 6:36:15 PM     LOG [RouterExplorer] Mapped {/api/content/records, GET} route +0ms
[Nest] 16052  - 09/09/2026, 6:36:15 PM     LOG [RouterExplorer] Mapped {/api/content/pages/:slug, GET} route +1ms
[Nest] 16052  - 09/09/2026, 6:36:15 PM     LOG [RoutesResolver] AdminCmsController {/api/admin/content}: +0ms
[Nest] 16052  - 09/09/2026, 6:36:15 PM     LOG [RouterExplorer] Mapped {/api/admin/content/banners, GET} route +2ms
[Nest] 16052  - 09/09/2026, 6:36:15 PM     LOG [RouterExplorer] Mapped {/api/admin/content/banners, POST} route +1ms
[Nest] 16052  - 09/09/2026, 6:36:15 PM     LOG [RouterExplorer] Mapped {/api/admin/content/banners/upload, POST} route +2ms
[Nest] 16052  - 09/09/2026, 6:36:15 PM     LOG [RouterExplorer] Mapped {/api/admin/content/banners/:id, PATCH} route +0ms
[Nest] 16052  - 09/09/2026, 6:36:15 PM     LOG [RouterExplorer] Mapped {/api/admin/content/banners/:id, DELETE} route +1ms
[Nest] 16052  - 09/09/2026, 6:36:15 PM     LOG [RouterExplorer] Mapped {/api/admin/content/posts, GET} route +7ms
[Nest] 16052  - 09/09/2026, 6:36:15 PM     LOG [RouterExplorer] Mapped {/api/admin/content/posts/upload, POST} route +0ms
[Nest] 16052  - 09/09/2026, 6:36:15 PM     LOG [RouterExplorer] Mapped {/api/admin/content/posts, POST} route +1ms
[Nest] 16052  - 09/09/2026, 6:36:15 PM     LOG [RouterExplorer] Mapped {/api/admin/content/posts/:id, PATCH} route +0ms
[Nest] 16052  - 09/09/2026, 6:36:15 PM     LOG [RouterExplorer] Mapped {/api/admin/content/posts/:id, DELETE} route +1ms
[Nest] 16052  - 09/09/2026, 6:36:15 PM     LOG [RouterExplorer] Mapped {/api/admin/content/lookbook, GET} route +0ms
[Nest] 16052  - 09/09/2026, 6:36:15 PM     LOG [RouterExplorer] Mapped {/api/admin/content/lookbook/upload, POST} route +1ms
[Nest] 16052  - 09/09/2026, 6:36:15 PM     LOG [RouterExplorer] Mapped {/api/admin/content/lookbook, POST} route +0ms
[Nest] 16052  - 09/09/2026, 6:36:15 PM     LOG [RouterExplorer] Mapped {/api/admin/content/lookbook/:id, PATCH} route +1ms
[Nest] 16052  - 09/09/2026, 6:36:15 PM     LOG [RouterExplorer] Mapped {/api/admin/content/lookbook/:id, DELETE} route +0ms
[Nest] 16052  - 09/09/2026, 6:36:15 PM     LOG [RouterExplorer] Mapped {/api/admin/content/records, GET} route +1ms
[Nest] 16052  - 09/09/2026, 6:36:15 PM     LOG [RouterExplorer] Mapped {/api/admin/content/records, POST} route +1ms
[Nest] 16052  - 09/09/2026, 6:36:15 PM     LOG [RouterExplorer] Mapped {/api/admin/content/records/:id, PATCH} route +0ms
[Nest] 16052  - 09/09/2026, 6:36:15 PM     LOG [RouterExplorer] Mapped {/api/admin/content/records/:id, DELETE} route +1ms
[Nest] 16052  - 09/09/2026, 6:36:15 PM     LOG [RouterExplorer] Mapped {/api/admin/content/records/upload, POST} route +1ms
[Nest] 16052  - 09/09/2026, 6:36:15 PM     LOG [RouterExplorer] Mapped {/api/admin/content/pages, GET} route +0ms
[Nest] 16052  - 09/09/2026, 6:36:15 PM     LOG [RouterExplorer] Mapped {/api/admin/content/pages, POST} route +1ms
[Nest] 16052  - 09/09/2026, 6:36:15 PM     LOG [RouterExplorer] Mapped {/api/admin/content/pages/:id, PATCH} route +1ms
[Nest] 16052  - 09/09/2026, 6:36:15 PM     LOG [RouterExplorer] Mapped {/api/admin/content/pages/:id/sections, GET} route +0ms
[Nest] 16052  - 09/09/2026, 6:36:15 PM     LOG [RouterExplorer] Mapped {/api/admin/content/pages/:id/sections, POST} route +1ms
[Nest] 16052  - 09/09/2026, 6:36:15 PM     LOG [RouterExplorer] Mapped {/api/admin/content/sections/:id, PATCH} route +1ms
[Nest] 16052  - 09/09/2026, 6:36:15 PM     LOG [RouterExplorer] Mapped {/api/admin/content/sections/:id, DELETE} route +0ms
[Nest] 16052  - 09/09/2026, 6:36:15 PM     LOG [RouterExplorer] Mapped {/api/admin/content/settings, GET} route +1ms
[Nest] 16052  - 09/09/2026, 6:36:15 PM     LOG [RouterExplorer] Mapped {/api/admin/content/settings/:key, PUT} route +0ms
[Nest] 16052  - 09/09/2026, 6:36:15 PM     LOG [RoutesResolver] AdminController {/api/admin}: +1ms
[Nest] 16052  - 09/09/2026, 6:36:15 PM     LOG [RouterExplorer] Mapped {/api/admin/dashboard, GET} route +0ms
[Nest] 16052  - 09/09/2026, 6:36:15 PM     LOG [RouterExplorer] Mapped {/api/admin/audit-logs, GET} route +1ms
[Nest] 16052  - 09/09/2026, 6:36:15 PM     LOG [RouterExplorer] Mapped {/api/admin/users, GET} route +0ms
[Nest] 16052  - 09/09/2026, 6:36:15 PM     LOG [RouterExplorer] Mapped {/api/admin/users, POST} route +1ms
[Nest] 16052  - 09/09/2026, 6:36:15 PM     LOG [RouterExplorer] Mapped {/api/admin/users/:id, PATCH} route +0ms
[Nest] 16052  - 09/09/2026, 6:36:15 PM     LOG [NestApplication] Nest application successfully started +15ms
[2J[3J[H[[90m7:39:23 PM[0m] File change detected. Starting incremental compilation...

[[90m7:39:26 PM[0m] Found 0 errors. Watching for file changes.

[2J[3J[H[[90m7:39:27 PM[0m] File change detected. Starting incremental compilation...

[[90m7:39:29 PM[0m] Found 0 errors. Watching for file changes.

[2J[3J[H[[90m7:39:30 PM[0m] File change detected. Starting incremental compilation...

[[90m7:39:32 PM[0m] Found 0 errors. Watching for file changes.

[2J[3J[H[[90m7:39:33 PM[0m] File change detected. Starting incremental compilation...

[[90m7:39:33 PM[0m] Found 0 errors. Watching for file changes.

[2J[3J[H[[90m7:39:36 PM[0m] File change detected. Starting incremental compilation...

[[90m7:39:37 PM[0m] Found 0 errors. Watching for file changes.

[2J[3J[H[[90m7:39:38 PM[0m] File change detected. Starting incremental compilation...

[[90m7:39:39 PM[0m] Found 0 errors. Watching for file changes.

[Nest] 38116  - 09/09/2026, 7:39:44 PM     LOG [NestFactory] Starting Nest application...
[Nest] 38116  - 09/09/2026, 7:39:44 PM     LOG [InstanceLoader] AppModule dependencies initialized +24ms
[Nest] 38116  - 09/09/2026, 7:39:44 PM     LOG [InstanceLoader] TypeOrmModule dependencies initialized +1ms
[Nest] 38116  - 09/09/2026, 7:39:44 PM     LOG [InstanceLoader] PassportModule dependencies initialized +1ms
[Nest] 38116  - 09/09/2026, 7:39:44 PM     LOG [InstanceLoader] ConfigHostModule dependencies initialized +0ms
[Nest] 38116  - 09/09/2026, 7:39:44 PM     LOG [InstanceLoader] ConfigModule dependencies initialized +2ms
[Nest] 38116  - 09/09/2026, 7:39:44 PM     LOG [InstanceLoader] ConfigModule dependencies initialized +0ms
[Nest] 38116  - 09/09/2026, 7:39:45 PM     LOG [InstanceLoader] JwtModule dependencies initialized +130ms
[2J[3J[H[[90m7:39:45 PM[0m] File change detected. Starting incremental compilation...

[Nest] 38116  - 09/09/2026, 7:39:45 PM     LOG [InstanceLoader] TypeOrmCoreModule dependencies initialized +531ms
[Nest] 38116  - 09/09/2026, 7:39:45 PM     LOG [InstanceLoader] TypeOrmModule dependencies initialized +0ms
[Nest] 38116  - 09/09/2026, 7:39:45 PM     LOG [InstanceLoader] TypeOrmModule dependencies initialized +1ms
[Nest] 38116  - 09/09/2026, 7:39:45 PM     LOG [InstanceLoader] TypeOrmModule dependencies initialized +1ms
[Nest] 38116  - 09/09/2026, 7:39:45 PM     LOG [InstanceLoader] TypeOrmModule dependencies initialized +0ms
[Nest] 38116  - 09/09/2026, 7:39:45 PM     LOG [InstanceLoader] TypeOrmModule dependencies initialized +0ms
[Nest] 38116  - 09/09/2026, 7:39:45 PM     LOG [InstanceLoader] AuthModule dependencies initialized +5ms
[Nest] 38116  - 09/09/2026, 7:39:45 PM     LOG [InstanceLoader] CatalogModule dependencies initialized +1ms
[Nest] 38116  - 09/09/2026, 7:39:45 PM     LOG [InstanceLoader] CmsModule dependencies initialized +0ms
[Nest] 38116  - 09/09/2026, 7:39:45 PM     LOG [InstanceLoader] AdminModule dependencies initialized +0ms
[Nest] 38116  - 09/09/2026, 7:39:45 PM     LOG [InstanceLoader] CommerceModule dependencies initialized +5ms
[Nest] 38116  - 09/09/2026, 7:39:45 PM     LOG [RoutesResolver] AuthController {/api/auth}: +86ms
[Nest] 38116  - 09/09/2026, 7:39:45 PM     LOG [RouterExplorer] Mapped {/api/auth/login, POST} route +5ms
[Nest] 38116  - 09/09/2026, 7:39:45 PM     LOG [RouterExplorer] Mapped {/api/auth/me, GET} route +2ms
[Nest] 38116  - 09/09/2026, 7:39:45 PM     LOG [RouterExplorer] Mapped {/api/auth/customer/email, POST} route +0ms
[Nest] 38116  - 09/09/2026, 7:39:45 PM     LOG [RouterExplorer] Mapped {/api/auth/customer/verify-registration, POST} route +1ms
[Nest] 38116  - 09/09/2026, 7:39:45 PM     LOG [RouterExplorer] Mapped {/api/auth/customer/register, POST} route +1ms
[Nest] 38116  - 09/09/2026, 7:39:45 PM     LOG [RouterExplorer] Mapped {/api/auth/customer/login, POST} route +0ms
[Nest] 38116  - 09/09/2026, 7:39:45 PM     LOG [RouterExplorer] Mapped {/api/auth/customer/password-reset/request, POST} route +1ms
[Nest] 38116  - 09/09/2026, 7:39:45 PM     LOG [RouterExplorer] Mapped {/api/auth/customer/password-reset/verify, POST} route +0ms
[Nest] 38116  - 09/09/2026, 7:39:45 PM     LOG [RouterExplorer] Mapped {/api/auth/customer/password-reset/complete, POST} route +1ms
[Nest] 38116  - 09/09/2026, 7:39:45 PM     LOG [RouterExplorer] Mapped {/api/auth/customer/me, GET} route +1ms
[Nest] 38116  - 09/09/2026, 7:39:45 PM     LOG [RouterExplorer] Mapped {/api/auth/customer/me, PATCH} route +1ms
[Nest] 38116  - 09/09/2026, 7:39:45 PM     LOG [RoutesResolver] CatalogController {/api/catalog}: +0ms
[Nest] 38116  - 09/09/2026, 7:39:45 PM     LOG [RouterExplorer] Mapped {/api/catalog/products, GET} route +1ms
[Nest] 38116  - 09/09/2026, 7:39:45 PM     LOG [RouterExplorer] Mapped {/api/catalog/products/listing, GET} route +0ms
[Nest] 38116  - 09/09/2026, 7:39:45 PM     LOG [RouterExplorer] Mapped {/api/catalog/products/random, GET} route +1ms
[Nest] 38116  - 09/09/2026, 7:39:45 PM     LOG [RouterExplorer] Mapped {/api/catalog/products/:slug, GET} route +1ms
[Nest] 38116  - 09/09/2026, 7:39:45 PM     LOG [RouterExplorer] Mapped {/api/catalog/categories, GET} route +0ms
[Nest] 38116  - 09/09/2026, 7:39:45 PM     LOG [RouterExplorer] Mapped {/api/catalog/collections, GET} route +0ms
[Nest] 38116  - 09/09/2026, 7:39:45 PM     LOG [RoutesResolver] AdminCatalogController {/api/admin/catalog}: +1ms
[Nest] 38116  - 09/09/2026, 7:39:45 PM     LOG [RouterExplorer] Mapped {/api/admin/catalog/products, GET} route +0ms
[Nest] 38116  - 09/09/2026, 7:39:45 PM     LOG [RouterExplorer] Mapped {/api/admin/catalog/products, POST} route +1ms
[Nest] 38116  - 09/09/2026, 7:39:45 PM     LOG [RouterExplorer] Mapped {/api/admin/catalog/products/:id, PATCH} route +0ms
[Nest] 38116  - 09/09/2026, 7:39:45 PM     LOG [RouterExplorer] Mapped {/api/admin/catalog/products/:id, DELETE} route +1ms
[Nest] 38116  - 09/09/2026, 7:39:45 PM     LOG [RouterExplorer] Mapped {/api/admin/catalog/products/:id/variants, GET} route +1ms
[Nest] 38116  - 09/09/2026, 7:39:45 PM     LOG [RouterExplorer] Mapped {/api/admin/catalog/products/:id/variants, POST} route +0ms
[Nest] 38116  - 09/09/2026, 7:39:45 PM     LOG [RouterExplorer] Mapped {/api/admin/catalog/variants/:id, PATCH} route +1ms
[Nest] 38116  - 09/09/2026, 7:39:45 PM     LOG [RouterExplorer] Mapped {/api/admin/catalog/variants/:id, DELETE} route +0ms
[Nest] 38116  - 09/09/2026, 7:39:45 PM     LOG [RouterExplorer] Mapped {/api/admin/catalog/transfers, GET} route +1ms
[Nest] 38116  - 09/09/2026, 7:39:45 PM     LOG [RouterExplorer] Mapped {/api/admin/catalog/transfers, POST} route +0ms
[Nest] 38116  - 09/09/2026, 7:39:45 PM     LOG [RouterExplorer] Mapped {/api/admin/catalog/transfers/return, POST} route +1ms
[Nest] 38116  - 09/09/2026, 7:39:45 PM     LOG [RouterExplorer] Mapped {/api/admin/catalog/categories, GET} route +0ms
[Nest] 38116  - 09/09/2026, 7:39:45 PM     LOG [RouterExplorer] Mapped {/api/admin/catalog/categories, POST} route +1ms
[Nest] 38116  - 09/09/2026, 7:39:45 PM     LOG [RouterExplorer] Mapped {/api/admin/catalog/categories/:id, PATCH} route +1ms
[Nest] 38116  - 09/09/2026, 7:39:45 PM     LOG [RouterExplorer] Mapped {/api/admin/catalog/categories/:id, DELETE} route +0ms
[Nest] 38116  - 09/09/2026, 7:39:45 PM     LOG [RouterExplorer] Mapped {/api/admin/catalog/collections, GET} route +1ms
[Nest] 38116  - 09/09/2026, 7:39:45 PM     LOG [RouterExplorer] Mapped {/api/admin/catalog/collections, POST} route +0ms
[Nest] 38116  - 09/09/2026, 7:39:45 PM     LOG [RouterExplorer] Mapped {/api/admin/catalog/collections/:id, PATCH} route +1ms
[Nest] 38116  - 09/09/2026, 7:39:45 PM     LOG [RouterExplorer] Mapped {/api/admin/catalog/collections/:id, DELETE} route +0ms
[Nest] 38116  - 09/09/2026, 7:39:45 PM     LOG [RoutesResolver] CheckoutController {/api/checkout}: +1ms
[Nest] 38116  - 09/09/2026, 7:39:45 PM     LOG [RouterExplorer] Mapped {/api/checkout/orders, POST} route +0ms
[Nest] 38116  - 09/09/2026, 7:39:45 PM     LOG [RoutesResolver] AdminCommerceController {/api/admin}: +1ms
[Nest] 38116  - 09/09/2026, 7:39:45 PM     LOG [RouterExplorer] Mapped {/api/admin/orders, GET} route +0ms
[Nest] 38116  - 09/09/2026, 7:39:45 PM     LOG [RouterExplorer] Mapped {/api/admin/orders/:id, PATCH} route +1ms
[Nest] 38116  - 09/09/2026, 7:39:45 PM     LOG [RouterExplorer] Mapped {/api/admin/customers, GET} route +0ms
[Nest] 38116  - 09/09/2026, 7:39:45 PM     LOG [RoutesResolver] CmsController {/api/content}: +1ms
[Nest] 38116  - 09/09/2026, 7:39:45 PM     LOG [RouterExplorer] Mapped {/api/content/banners, GET} route +0ms
[Nest] 38116  - 09/09/2026, 7:39:45 PM     LOG [RouterExplorer] Mapped {/api/content/posts, GET} route +0ms
[Nest] 38116  - 09/09/2026, 7:39:45 PM     LOG [RouterExplorer] Mapped {/api/content/lookbook, GET} route +1ms
[Nest] 38116  - 09/09/2026, 7:39:45 PM     LOG [RouterExplorer] Mapped {/api/content/custom-sections, GET} route +0ms
[Nest] 38116  - 09/09/2026, 7:39:45 PM     LOG [RouterExplorer] Mapped {/api/content/navigation, GET} route +1ms
[Nest] 38116  - 09/09/2026, 7:39:45 PM     LOG [RouterExplorer] Mapped {/api/content/records, GET} route +0ms
[Nest] 38116  - 09/09/2026, 7:39:45 PM     LOG [RouterExplorer] Mapped {/api/content/pages/:slug, GET} route +1ms
[Nest] 38116  - 09/09/2026, 7:39:45 PM     LOG [RoutesResolver] AdminCmsController {/api/admin/content}: +0ms
[Nest] 38116  - 09/09/2026, 7:39:45 PM     LOG [RouterExplorer] Mapped {/api/admin/content/banners, GET} route +1ms
[Nest] 38116  - 09/09/2026, 7:39:45 PM     LOG [RouterExplorer] Mapped {/api/admin/content/banners, POST} route +0ms
[Nest] 38116  - 09/09/2026, 7:39:45 PM     LOG [RouterExplorer] Mapped {/api/admin/content/banners/upload, POST} route +1ms
[Nest] 38116  - 09/09/2026, 7:39:45 PM     LOG [RouterExplorer] Mapped {/api/admin/content/banners/:id, PATCH} route +0ms
[Nest] 38116  - 09/09/2026, 7:39:45 PM     LOG [RouterExplorer] Mapped {/api/admin/content/banners/:id, DELETE} route +1ms
[Nest] 38116  - 09/09/2026, 7:39:45 PM     LOG [RouterExplorer] Mapped {/api/admin/content/posts, GET} route +0ms
[Nest] 38116  - 09/09/2026, 7:39:45 PM     LOG [RouterExplorer] Mapped {/api/admin/content/posts/upload, POST} route +1ms
[Nest] 38116  - 09/09/2026, 7:39:45 PM     LOG [RouterExplorer] Mapped {/api/admin/content/posts, POST} route +0ms
[Nest] 38116  - 09/09/2026, 7:39:45 PM     LOG [RouterExplorer] Mapped {/api/admin/content/posts/:id, PATCH} route +1ms
[Nest] 38116  - 09/09/2026, 7:39:45 PM     LOG [RouterExplorer] Mapped {/api/admin/content/posts/:id, DELETE} route +0ms
[Nest] 38116  - 09/09/2026, 7:39:45 PM     LOG [RouterExplorer] Mapped {/api/admin/content/lookbook, GET} route +0ms
[Nest] 38116  - 09/09/2026, 7:39:45 PM     LOG [RouterExplorer] Mapped {/api/admin/content/lookbook/upload, POST} route +1ms
[Nest] 38116  - 09/09/2026, 7:39:45 PM     LOG [RouterExplorer] Mapped {/api/admin/content/lookbook, POST} route +0ms
[Nest] 38116  - 09/09/2026, 7:39:45 PM     LOG [RouterExplorer] Mapped {/api/admin/content/lookbook/:id, PATCH} route +1ms
[Nest] 38116  - 09/09/2026, 7:39:45 PM     LOG [RouterExplorer] Mapped {/api/admin/content/lookbook/:id, DELETE} route +0ms
[Nest] 38116  - 09/09/2026, 7:39:45 PM     LOG [RouterExplorer] Mapped {/api/admin/content/records, GET} route +1ms
[Nest] 38116  - 09/09/2026, 7:39:45 PM     LOG [RouterExplorer] Mapped {/api/admin/content/records, POST} route +1ms
[Nest] 38116  - 09/09/2026, 7:39:45 PM     LOG [RouterExplorer] Mapped {/api/admin/content/records/:id, PATCH} route +1ms
[Nest] 38116  - 09/09/2026, 7:39:45 PM     LOG [RouterExplorer] Mapped {/api/admin/content/records/:id, DELETE} route +0ms
[Nest] 38116  - 09/09/2026, 7:39:45 PM     LOG [RouterExplorer] Mapped {/api/admin/content/records/upload, POST} route +1ms
[Nest] 38116  - 09/09/2026, 7:39:45 PM     LOG [RouterExplorer] Mapped {/api/admin/content/pages, GET} route +0ms
[Nest] 38116  - 09/09/2026, 7:39:45 PM     LOG [RouterExplorer] Mapped {/api/admin/content/pages, POST} route +1ms
[Nest] 38116  - 09/09/2026, 7:39:45 PM     LOG [RouterExplorer] Mapped {/api/admin/content/pages/:id, PATCH} route +1ms
[Nest] 38116  - 09/09/2026, 7:39:45 PM     LOG [RouterExplorer] Mapped {/api/admin/content/pages/:id/sections, GET} route +0ms
[Nest] 38116  - 09/09/2026, 7:39:45 PM     LOG [RouterExplorer] Mapped {/api/admin/content/pages/:id/sections, POST} route +1ms
[Nest] 38116  - 09/09/2026, 7:39:45 PM     LOG [RouterExplorer] Mapped {/api/admin/content/sections/:id, PATCH} route +0ms
[Nest] 38116  - 09/09/2026, 7:39:45 PM     LOG [RouterExplorer] Mapped {/api/admin/content/sections/:id, DELETE} route +1ms
[Nest] 38116  - 09/09/2026, 7:39:45 PM     LOG [RouterExplorer] Mapped {/api/admin/content/settings, GET} route +0ms
[Nest] 38116  - 09/09/2026, 7:39:45 PM     LOG [RouterExplorer] Mapped {/api/admin/content/settings/:key, PUT} route +1ms
[Nest] 38116  - 09/09/2026, 7:39:45 PM     LOG [RoutesResolver] AdminController {/api/admin}: +0ms
[Nest] 38116  - 09/09/2026, 7:39:45 PM     LOG [RouterExplorer] Mapped {/api/admin/dashboard, GET} route +1ms
[Nest] 38116  - 09/09/2026, 7:39:45 PM     LOG [RouterExplorer] Mapped {/api/admin/audit-logs, GET} route +1ms
[Nest] 38116  - 09/09/2026, 7:39:45 PM     LOG [RouterExplorer] Mapped {/api/admin/users, GET} route +0ms
[Nest] 38116  - 09/09/2026, 7:39:45 PM     LOG [RouterExplorer] Mapped {/api/admin/users, POST} route +1ms
[Nest] 38116  - 09/09/2026, 7:39:45 PM     LOG [RouterExplorer] Mapped {/api/admin/users/:id, PATCH} route +0ms
[Nest] 38116  - 09/09/2026, 7:39:45 PM     LOG [NestApplication] Nest application successfully started +16ms
