
> siren-backend@1.0.0 start:dev
> nest start --watch

[2J[3J[H[[90m5:10:58 PM[0m] Starting compilation in watch mode...

[[90m5:11:04 PM[0m] Found 0 errors. Watching for file changes.

[Nest] 4700  - 09/09/2026, 5:11:07 PM     LOG [NestFactory] Starting Nest application...
[Nest] 4700  - 09/09/2026, 5:11:07 PM     LOG [InstanceLoader] AppModule dependencies initialized +16ms
[Nest] 4700  - 09/09/2026, 5:11:07 PM     LOG [InstanceLoader] TypeOrmModule dependencies initialized +0ms
[Nest] 4700  - 09/09/2026, 5:11:07 PM     LOG [InstanceLoader] PassportModule dependencies initialized +1ms
[Nest] 4700  - 09/09/2026, 5:11:07 PM     LOG [InstanceLoader] ConfigHostModule dependencies initialized +0ms
[Nest] 4700  - 09/09/2026, 5:11:07 PM     LOG [InstanceLoader] ConfigModule dependencies initialized +1ms
[Nest] 4700  - 09/09/2026, 5:11:07 PM     LOG [InstanceLoader] ConfigModule dependencies initialized +1ms
[Nest] 4700  - 09/09/2026, 5:11:07 PM     LOG [InstanceLoader] JwtModule dependencies initialized +58ms
[Nest] 4700  - 09/09/2026, 5:11:08 PM     LOG [InstanceLoader] TypeOrmCoreModule dependencies initialized +225ms
[Nest] 4700  - 09/09/2026, 5:11:08 PM     LOG [InstanceLoader] TypeOrmModule dependencies initialized +1ms
[Nest] 4700  - 09/09/2026, 5:11:08 PM     LOG [InstanceLoader] TypeOrmModule dependencies initialized +0ms
[Nest] 4700  - 09/09/2026, 5:11:08 PM     LOG [InstanceLoader] TypeOrmModule dependencies initialized +0ms
[Nest] 4700  - 09/09/2026, 5:11:08 PM     LOG [InstanceLoader] TypeOrmModule dependencies initialized +0ms
[Nest] 4700  - 09/09/2026, 5:11:08 PM     LOG [InstanceLoader] TypeOrmModule dependencies initialized +0ms
[Nest] 4700  - 09/09/2026, 5:11:08 PM     LOG [InstanceLoader] AuthModule dependencies initialized +3ms
[Nest] 4700  - 09/09/2026, 5:11:08 PM     LOG [InstanceLoader] CatalogModule dependencies initialized +0ms
[Nest] 4700  - 09/09/2026, 5:11:08 PM     LOG [InstanceLoader] CmsModule dependencies initialized +0ms
[Nest] 4700  - 09/09/2026, 5:11:08 PM     LOG [InstanceLoader] AdminModule dependencies initialized +0ms
[Nest] 4700  - 09/09/2026, 5:11:08 PM     LOG [InstanceLoader] CommerceModule dependencies initialized +1ms
[Nest] 4700  - 09/09/2026, 5:11:08 PM     LOG [RoutesResolver] AuthController {/api/auth}: +31ms
[Nest] 4700  - 09/09/2026, 5:11:08 PM     LOG [RouterExplorer] Mapped {/api/auth/login, POST} route +2ms
[Nest] 4700  - 09/09/2026, 5:11:08 PM     LOG [RouterExplorer] Mapped {/api/auth/me, GET} route +0ms
[Nest] 4700  - 09/09/2026, 5:11:08 PM     LOG [RouterExplorer] Mapped {/api/auth/customer/email, POST} route +1ms
[Nest] 4700  - 09/09/2026, 5:11:08 PM     LOG [RouterExplorer] Mapped {/api/auth/customer/verify-registration, POST} route +0ms
[Nest] 4700  - 09/09/2026, 5:11:08 PM     LOG [RouterExplorer] Mapped {/api/auth/customer/register, POST} route +1ms
[Nest] 4700  - 09/09/2026, 5:11:08 PM     LOG [RouterExplorer] Mapped {/api/auth/customer/login, POST} route +0ms
[Nest] 4700  - 09/09/2026, 5:11:08 PM     LOG [RouterExplorer] Mapped {/api/auth/customer/password-reset/request, POST} route +0ms
[Nest] 4700  - 09/09/2026, 5:11:08 PM     LOG [RouterExplorer] Mapped {/api/auth/customer/password-reset/verify, POST} route +1ms
[Nest] 4700  - 09/09/2026, 5:11:08 PM     LOG [RouterExplorer] Mapped {/api/auth/customer/password-reset/complete, POST} route +0ms
[Nest] 4700  - 09/09/2026, 5:11:08 PM     LOG [RouterExplorer] Mapped {/api/auth/customer/me, GET} route +0ms
[Nest] 4700  - 09/09/2026, 5:11:08 PM     LOG [RouterExplorer] Mapped {/api/auth/customer/me, PATCH} route +1ms
[Nest] 4700  - 09/09/2026, 5:11:08 PM     LOG [RoutesResolver] CatalogController {/api/catalog}: +0ms
[Nest] 4700  - 09/09/2026, 5:11:08 PM     LOG [RouterExplorer] Mapped {/api/catalog/products, GET} route +0ms
[Nest] 4700  - 09/09/2026, 5:11:08 PM     LOG [RouterExplorer] Mapped {/api/catalog/products/random, GET} route +1ms
[Nest] 4700  - 09/09/2026, 5:11:08 PM     LOG [RouterExplorer] Mapped {/api/catalog/products/:slug, GET} route +0ms
[Nest] 4700  - 09/09/2026, 5:11:08 PM     LOG [RouterExplorer] Mapped {/api/catalog/categories, GET} route +0ms
[Nest] 4700  - 09/09/2026, 5:11:08 PM     LOG [RouterExplorer] Mapped {/api/catalog/collections, GET} route +1ms
[Nest] 4700  - 09/09/2026, 5:11:08 PM     LOG [RoutesResolver] AdminCatalogController {/api/admin/catalog}: +0ms
[Nest] 4700  - 09/09/2026, 5:11:08 PM     LOG [RouterExplorer] Mapped {/api/admin/catalog/products, GET} route +0ms
[Nest] 4700  - 09/09/2026, 5:11:08 PM     LOG [RouterExplorer] Mapped {/api/admin/catalog/products, POST} route +0ms
[Nest] 4700  - 09/09/2026, 5:11:08 PM     LOG [RouterExplorer] Mapped {/api/admin/catalog/products/:id, PATCH} route +1ms
[Nest] 4700  - 09/09/2026, 5:11:08 PM     LOG [RouterExplorer] Mapped {/api/admin/catalog/products/:id, DELETE} route +0ms
[Nest] 4700  - 09/09/2026, 5:11:08 PM     LOG [RouterExplorer] Mapped {/api/admin/catalog/products/:id/variants, GET} route +0ms
[Nest] 4700  - 09/09/2026, 5:11:08 PM     LOG [RouterExplorer] Mapped {/api/admin/catalog/products/:id/variants, POST} route +1ms
[Nest] 4700  - 09/09/2026, 5:11:08 PM     LOG [RouterExplorer] Mapped {/api/admin/catalog/variants/:id, PATCH} route +0ms
[Nest] 4700  - 09/09/2026, 5:11:08 PM     LOG [RouterExplorer] Mapped {/api/admin/catalog/variants/:id, DELETE} route +0ms
[Nest] 4700  - 09/09/2026, 5:11:08 PM     LOG [RouterExplorer] Mapped {/api/admin/catalog/transfers, GET} route +0ms
[Nest] 4700  - 09/09/2026, 5:11:08 PM     LOG [RouterExplorer] Mapped {/api/admin/catalog/transfers, POST} route +1ms
[Nest] 4700  - 09/09/2026, 5:11:08 PM     LOG [RouterExplorer] Mapped {/api/admin/catalog/transfers/return, POST} route +0ms
[Nest] 4700  - 09/09/2026, 5:11:08 PM     LOG [RouterExplorer] Mapped {/api/admin/catalog/categories, GET} route +0ms
[Nest] 4700  - 09/09/2026, 5:11:08 PM     LOG [RouterExplorer] Mapped {/api/admin/catalog/categories, POST} route +1ms
[Nest] 4700  - 09/09/2026, 5:11:08 PM     LOG [RouterExplorer] Mapped {/api/admin/catalog/categories/:id, PATCH} route +0ms
[Nest] 4700  - 09/09/2026, 5:11:08 PM     LOG [RouterExplorer] Mapped {/api/admin/catalog/categories/:id, DELETE} route +0ms
[Nest] 4700  - 09/09/2026, 5:11:08 PM     LOG [RouterExplorer] Mapped {/api/admin/catalog/collections, GET} route +1ms
[Nest] 4700  - 09/09/2026, 5:11:08 PM     LOG [RouterExplorer] Mapped {/api/admin/catalog/collections, POST} route +0ms
[Nest] 4700  - 09/09/2026, 5:11:08 PM     LOG [RouterExplorer] Mapped {/api/admin/catalog/collections/:id, PATCH} route +0ms
[Nest] 4700  - 09/09/2026, 5:11:08 PM     LOG [RouterExplorer] Mapped {/api/admin/catalog/collections/:id, DELETE} route +1ms
[Nest] 4700  - 09/09/2026, 5:11:08 PM     LOG [RoutesResolver] CheckoutController {/api/checkout}: +0ms
[Nest] 4700  - 09/09/2026, 5:11:08 PM     LOG [RouterExplorer] Mapped {/api/checkout/orders, POST} route +0ms
[Nest] 4700  - 09/09/2026, 5:11:08 PM     LOG [RoutesResolver] AdminCommerceController {/api/admin}: +0ms
[Nest] 4700  - 09/09/2026, 5:11:08 PM     LOG [RouterExplorer] Mapped {/api/admin/orders, GET} route +1ms
[Nest] 4700  - 09/09/2026, 5:11:08 PM     LOG [RouterExplorer] Mapped {/api/admin/orders/:id, PATCH} route +0ms
[Nest] 4700  - 09/09/2026, 5:11:08 PM     LOG [RouterExplorer] Mapped {/api/admin/customers, GET} route +0ms
[Nest] 4700  - 09/09/2026, 5:11:08 PM     LOG [RoutesResolver] CmsController {/api/content}: +0ms
[Nest] 4700  - 09/09/2026, 5:11:08 PM     LOG [RouterExplorer] Mapped {/api/content/banners, GET} route +1ms
[Nest] 4700  - 09/09/2026, 5:11:08 PM     LOG [RouterExplorer] Mapped {/api/content/posts, GET} route +0ms
[Nest] 4700  - 09/09/2026, 5:11:08 PM     LOG [RouterExplorer] Mapped {/api/content/lookbook, GET} route +0ms
[Nest] 4700  - 09/09/2026, 5:11:08 PM     LOG [RouterExplorer] Mapped {/api/content/custom-sections, GET} route +1ms
[Nest] 4700  - 09/09/2026, 5:11:08 PM     LOG [RouterExplorer] Mapped {/api/content/navigation, GET} route +0ms
[Nest] 4700  - 09/09/2026, 5:11:08 PM     LOG [RouterExplorer] Mapped {/api/content/records, GET} route +0ms
[Nest] 4700  - 09/09/2026, 5:11:08 PM     LOG [RouterExplorer] Mapped {/api/content/pages/:slug, GET} route +0ms
[Nest] 4700  - 09/09/2026, 5:11:08 PM     LOG [RoutesResolver] AdminCmsController {/api/admin/content}: +1ms
[Nest] 4700  - 09/09/2026, 5:11:08 PM     LOG [RouterExplorer] Mapped {/api/admin/content/banners, GET} route +0ms
[Nest] 4700  - 09/09/2026, 5:11:08 PM     LOG [RouterExplorer] Mapped {/api/admin/content/banners, POST} route +0ms
[Nest] 4700  - 09/09/2026, 5:11:08 PM     LOG [RouterExplorer] Mapped {/api/admin/content/banners/upload, POST} route +1ms
[Nest] 4700  - 09/09/2026, 5:11:08 PM     LOG [RouterExplorer] Mapped {/api/admin/content/banners/:id, PATCH} route +0ms
[Nest] 4700  - 09/09/2026, 5:11:08 PM     LOG [RouterExplorer] Mapped {/api/admin/content/banners/:id, DELETE} route +0ms
[Nest] 4700  - 09/09/2026, 5:11:08 PM     LOG [RouterExplorer] Mapped {/api/admin/content/posts, GET} route +1ms
[Nest] 4700  - 09/09/2026, 5:11:08 PM     LOG [RouterExplorer] Mapped {/api/admin/content/posts/upload, POST} route +0ms
[Nest] 4700  - 09/09/2026, 5:11:08 PM     LOG [RouterExplorer] Mapped {/api/admin/content/posts, POST} route +0ms
[Nest] 4700  - 09/09/2026, 5:11:08 PM     LOG [RouterExplorer] Mapped {/api/admin/content/posts/:id, PATCH} route +1ms
[Nest] 4700  - 09/09/2026, 5:11:08 PM     LOG [RouterExplorer] Mapped {/api/admin/content/posts/:id, DELETE} route +0ms
[Nest] 4700  - 09/09/2026, 5:11:08 PM     LOG [RouterExplorer] Mapped {/api/admin/content/lookbook, GET} route +0ms
[Nest] 4700  - 09/09/2026, 5:11:08 PM     LOG [RouterExplorer] Mapped {/api/admin/content/lookbook/upload, POST} route +1ms
[Nest] 4700  - 09/09/2026, 5:11:08 PM     LOG [RouterExplorer] Mapped {/api/admin/content/lookbook, POST} route +0ms
[Nest] 4700  - 09/09/2026, 5:11:08 PM     LOG [RouterExplorer] Mapped {/api/admin/content/lookbook/:id, PATCH} route +0ms
[Nest] 4700  - 09/09/2026, 5:11:08 PM     LOG [RouterExplorer] Mapped {/api/admin/content/lookbook/:id, DELETE} route +0ms
[Nest] 4700  - 09/09/2026, 5:11:08 PM     LOG [RouterExplorer] Mapped {/api/admin/content/records, GET} route +1ms
[Nest] 4700  - 09/09/2026, 5:11:08 PM     LOG [RouterExplorer] Mapped {/api/admin/content/records, POST} route +0ms
[Nest] 4700  - 09/09/2026, 5:11:08 PM     LOG [RouterExplorer] Mapped {/api/admin/content/records/:id, PATCH} route +0ms
[Nest] 4700  - 09/09/2026, 5:11:08 PM     LOG [RouterExplorer] Mapped {/api/admin/content/records/:id, DELETE} route +1ms
[Nest] 4700  - 09/09/2026, 5:11:08 PM     LOG [RouterExplorer] Mapped {/api/admin/content/records/upload, POST} route +0ms
[Nest] 4700  - 09/09/2026, 5:11:08 PM     LOG [RouterExplorer] Mapped {/api/admin/content/pages, GET} route +0ms
[Nest] 4700  - 09/09/2026, 5:11:08 PM     LOG [RouterExplorer] Mapped {/api/admin/content/pages, POST} route +1ms
[Nest] 4700  - 09/09/2026, 5:11:08 PM     LOG [RouterExplorer] Mapped {/api/admin/content/pages/:id, PATCH} route +0ms
[Nest] 4700  - 09/09/2026, 5:11:08 PM     LOG [RouterExplorer] Mapped {/api/admin/content/pages/:id/sections, GET} route +0ms
[Nest] 4700  - 09/09/2026, 5:11:08 PM     LOG [RouterExplorer] Mapped {/api/admin/content/pages/:id/sections, POST} route +0ms
[Nest] 4700  - 09/09/2026, 5:11:08 PM     LOG [RouterExplorer] Mapped {/api/admin/content/sections/:id, PATCH} route +1ms
[Nest] 4700  - 09/09/2026, 5:11:08 PM     LOG [RouterExplorer] Mapped {/api/admin/content/sections/:id, DELETE} route +0ms
[Nest] 4700  - 09/09/2026, 5:11:08 PM     LOG [RouterExplorer] Mapped {/api/admin/content/settings, GET} route +0ms
[Nest] 4700  - 09/09/2026, 5:11:08 PM     LOG [RouterExplorer] Mapped {/api/admin/content/settings/:key, PUT} route +1ms
[Nest] 4700  - 09/09/2026, 5:11:08 PM     LOG [RoutesResolver] AdminController {/api/admin}: +0ms
[Nest] 4700  - 09/09/2026, 5:11:08 PM     LOG [RouterExplorer] Mapped {/api/admin/dashboard, GET} route +0ms
[Nest] 4700  - 09/09/2026, 5:11:08 PM     LOG [RouterExplorer] Mapped {/api/admin/audit-logs, GET} route +1ms
[Nest] 4700  - 09/09/2026, 5:11:08 PM     LOG [RouterExplorer] Mapped {/api/admin/users, GET} route +0ms
[Nest] 4700  - 09/09/2026, 5:11:08 PM     LOG [RouterExplorer] Mapped {/api/admin/users, POST} route +0ms
[Nest] 4700  - 09/09/2026, 5:11:08 PM     LOG [RouterExplorer] Mapped {/api/admin/users/:id, PATCH} route +1ms
[Nest] 4700  - 09/09/2026, 5:11:08 PM     LOG [NestApplication] Nest application successfully started +7ms
[2J[3J[H[[90m5:25:55 PM[0m] File change detected. Starting incremental compilation...

[[90m5:25:57 PM[0m] Found 0 errors. Watching for file changes.

[2J[3J[H[[90m5:25:57 PM[0m] File change detected. Starting incremental compilation...

[Nest] 12804  - 09/09/2026, 5:26:03 PM     LOG [NestFactory] Starting Nest application...
[Nest] 12804  - 09/09/2026, 5:26:03 PM     LOG [InstanceLoader] AppModule dependencies initialized +29ms
[Nest] 12804  - 09/09/2026, 5:26:03 PM     LOG [InstanceLoader] TypeOrmModule dependencies initialized +0ms
[Nest] 12804  - 09/09/2026, 5:26:03 PM     LOG [InstanceLoader] PassportModule dependencies initialized +1ms
[Nest] 12804  - 09/09/2026, 5:26:03 PM     LOG [InstanceLoader] ConfigHostModule dependencies initialized +0ms
[Nest] 12804  - 09/09/2026, 5:26:03 PM     LOG [InstanceLoader] ConfigModule dependencies initialized +2ms
[Nest] 12804  - 09/09/2026, 5:26:03 PM     LOG [InstanceLoader] ConfigModule dependencies initialized +3ms
[Nest] 12804  - 09/09/2026, 5:26:03 PM     LOG [InstanceLoader] JwtModule dependencies initialized +145ms
[Nest] 12804  - 09/09/2026, 5:26:04 PM     LOG [InstanceLoader] TypeOrmCoreModule dependencies initialized +350ms
[Nest] 12804  - 09/09/2026, 5:26:04 PM     LOG [InstanceLoader] TypeOrmModule dependencies initialized +1ms
[Nest] 12804  - 09/09/2026, 5:26:04 PM     LOG [InstanceLoader] TypeOrmModule dependencies initialized +0ms
[Nest] 12804  - 09/09/2026, 5:26:04 PM     LOG [InstanceLoader] TypeOrmModule dependencies initialized +1ms
[Nest] 12804  - 09/09/2026, 5:26:04 PM     LOG [InstanceLoader] TypeOrmModule dependencies initialized +0ms
[Nest] 12804  - 09/09/2026, 5:26:04 PM     LOG [InstanceLoader] TypeOrmModule dependencies initialized +0ms
[Nest] 12804  - 09/09/2026, 5:26:04 PM     LOG [InstanceLoader] AuthModule dependencies initialized +5ms
[Nest] 12804  - 09/09/2026, 5:26:04 PM     LOG [InstanceLoader] CatalogModule dependencies initialized +0ms
[Nest] 12804  - 09/09/2026, 5:26:04 PM     LOG [InstanceLoader] CmsModule dependencies initialized +0ms
[Nest] 12804  - 09/09/2026, 5:26:04 PM     LOG [InstanceLoader] AdminModule dependencies initialized +1ms
[Nest] 12804  - 09/09/2026, 5:26:04 PM     LOG [InstanceLoader] CommerceModule dependencies initialized +0ms
[Nest] 12804  - 09/09/2026, 5:26:04 PM     LOG [RoutesResolver] AuthController {/api/auth}: +105ms
[Nest] 12804  - 09/09/2026, 5:26:04 PM     LOG [RouterExplorer] Mapped {/api/auth/login, POST} route +22ms
[Nest] 12804  - 09/09/2026, 5:26:04 PM     LOG [RouterExplorer] Mapped {/api/auth/me, GET} route +2ms
[Nest] 12804  - 09/09/2026, 5:26:04 PM     LOG [RouterExplorer] Mapped {/api/auth/customer/email, POST} route +1ms
[Nest] 12804  - 09/09/2026, 5:26:04 PM     LOG [RouterExplorer] Mapped {/api/auth/customer/verify-registration, POST} route +1ms
[Nest] 12804  - 09/09/2026, 5:26:04 PM     LOG [RouterExplorer] Mapped {/api/auth/customer/register, POST} route +1ms
[Nest] 12804  - 09/09/2026, 5:26:04 PM     LOG [RouterExplorer] Mapped {/api/auth/customer/login, POST} route +2ms
[Nest] 12804  - 09/09/2026, 5:26:04 PM     LOG [RouterExplorer] Mapped {/api/auth/customer/password-reset/request, POST} route +2ms
[Nest] 12804  - 09/09/2026, 5:26:04 PM     LOG [RouterExplorer] Mapped {/api/auth/customer/password-reset/verify, POST} route +2ms
[Nest] 12804  - 09/09/2026, 5:26:04 PM     LOG [RouterExplorer] Mapped {/api/auth/customer/password-reset/complete, POST} route +3ms
[Nest] 12804  - 09/09/2026, 5:26:04 PM     LOG [RouterExplorer] Mapped {/api/auth/customer/me, GET} route +1ms
[Nest] 12804  - 09/09/2026, 5:26:04 PM     LOG [RouterExplorer] Mapped {/api/auth/customer/me, PATCH} route +2ms
[Nest] 12804  - 09/09/2026, 5:26:04 PM     LOG [RoutesResolver] CatalogController {/api/catalog}: +2ms
[Nest] 12804  - 09/09/2026, 5:26:04 PM     LOG [RouterExplorer] Mapped {/api/catalog/products, GET} route +1ms
[Nest] 12804  - 09/09/2026, 5:26:04 PM     LOG [RouterExplorer] Mapped {/api/catalog/products/random, GET} route +1ms
[Nest] 12804  - 09/09/2026, 5:26:04 PM     LOG [RouterExplorer] Mapped {/api/catalog/products/:slug, GET} route +1ms
[Nest] 12804  - 09/09/2026, 5:26:04 PM     LOG [RouterExplorer] Mapped {/api/catalog/categories, GET} route +1ms
[Nest] 12804  - 09/09/2026, 5:26:04 PM     LOG [RouterExplorer] Mapped {/api/catalog/collections, GET} route +0ms
[Nest] 12804  - 09/09/2026, 5:26:04 PM     LOG [RoutesResolver] AdminCatalogController {/api/admin/catalog}: +1ms
[Nest] 12804  - 09/09/2026, 5:26:04 PM     LOG [RouterExplorer] Mapped {/api/admin/catalog/products, GET} route +0ms
[Nest] 12804  - 09/09/2026, 5:26:04 PM     LOG [RouterExplorer] Mapped {/api/admin/catalog/products, POST} route +1ms
[Nest] 12804  - 09/09/2026, 5:26:04 PM     LOG [RouterExplorer] Mapped {/api/admin/catalog/products/:id, PATCH} route +0ms
[Nest] 12804  - 09/09/2026, 5:26:04 PM     LOG [RouterExplorer] Mapped {/api/admin/catalog/products/:id, DELETE} route +1ms
[Nest] 12804  - 09/09/2026, 5:26:04 PM     LOG [RouterExplorer] Mapped {/api/admin/catalog/products/:id/variants, GET} route +1ms
[Nest] 12804  - 09/09/2026, 5:26:04 PM     LOG [RouterExplorer] Mapped {/api/admin/catalog/products/:id/variants, POST} route +0ms
[Nest] 12804  - 09/09/2026, 5:26:04 PM     LOG [RouterExplorer] Mapped {/api/admin/catalog/variants/:id, PATCH} route +1ms
[Nest] 12804  - 09/09/2026, 5:26:04 PM     LOG [RouterExplorer] Mapped {/api/admin/catalog/variants/:id, DELETE} route +0ms
[Nest] 12804  - 09/09/2026, 5:26:04 PM     LOG [RouterExplorer] Mapped {/api/admin/catalog/transfers, GET} route +1ms
[Nest] 12804  - 09/09/2026, 5:26:04 PM     LOG [RouterExplorer] Mapped {/api/admin/catalog/transfers, POST} route +0ms
[Nest] 12804  - 09/09/2026, 5:26:04 PM     LOG [RouterExplorer] Mapped {/api/admin/catalog/transfers/return, POST} route +1ms
[Nest] 12804  - 09/09/2026, 5:26:04 PM     LOG [RouterExplorer] Mapped {/api/admin/catalog/categories, GET} route +0ms
[Nest] 12804  - 09/09/2026, 5:26:04 PM     LOG [RouterExplorer] Mapped {/api/admin/catalog/categories, POST} route +1ms
[Nest] 12804  - 09/09/2026, 5:26:04 PM     LOG [RouterExplorer] Mapped {/api/admin/catalog/categories/:id, PATCH} route +1ms
[Nest] 12804  - 09/09/2026, 5:26:04 PM     LOG [RouterExplorer] Mapped {/api/admin/catalog/categories/:id, DELETE} route +0ms
[Nest] 12804  - 09/09/2026, 5:26:04 PM     LOG [RouterExplorer] Mapped {/api/admin/catalog/collections, GET} route +1ms
[Nest] 12804  - 09/09/2026, 5:26:04 PM     LOG [RouterExplorer] Mapped {/api/admin/catalog/collections, POST} route +0ms
[Nest] 12804  - 09/09/2026, 5:26:04 PM     LOG [RouterExplorer] Mapped {/api/admin/catalog/collections/:id, PATCH} route +1ms
[Nest] 12804  - 09/09/2026, 5:26:04 PM     LOG [RouterExplorer] Mapped {/api/admin/catalog/collections/:id, DELETE} route +0ms
[Nest] 12804  - 09/09/2026, 5:26:04 PM     LOG [RoutesResolver] CheckoutController {/api/checkout}: +1ms
[Nest] 12804  - 09/09/2026, 5:26:04 PM     LOG [RouterExplorer] Mapped {/api/checkout/orders, POST} route +0ms
[Nest] 12804  - 09/09/2026, 5:26:04 PM     LOG [RoutesResolver] AdminCommerceController {/api/admin}: +1ms
[Nest] 12804  - 09/09/2026, 5:26:04 PM     LOG [RouterExplorer] Mapped {/api/admin/orders, GET} route +0ms
[Nest] 12804  - 09/09/2026, 5:26:04 PM     LOG [RouterExplorer] Mapped {/api/admin/orders/:id, PATCH} route +1ms
[Nest] 12804  - 09/09/2026, 5:26:04 PM     LOG [RouterExplorer] Mapped {/api/admin/customers, GET} route +0ms
[Nest] 12804  - 09/09/2026, 5:26:04 PM     LOG [RoutesResolver] CmsController {/api/content}: +0ms
[Nest] 12804  - 09/09/2026, 5:26:04 PM     LOG [RouterExplorer] Mapped {/api/content/banners, GET} route +1ms
[Nest] 12804  - 09/09/2026, 5:26:04 PM     LOG [RouterExplorer] Mapped {/api/content/posts, GET} route +0ms
[Nest] 12804  - 09/09/2026, 5:26:04 PM     LOG [RouterExplorer] Mapped {/api/content/lookbook, GET} route +1ms
[Nest] 12804  - 09/09/2026, 5:26:04 PM     LOG [RouterExplorer] Mapped {/api/content/custom-sections, GET} route +0ms
[Nest] 12804  - 09/09/2026, 5:26:04 PM     LOG [RouterExplorer] Mapped {/api/content/navigation, GET} route +1ms
[Nest] 12804  - 09/09/2026, 5:26:04 PM     LOG [RouterExplorer] Mapped {/api/content/records, GET} route +1ms
[Nest] 12804  - 09/09/2026, 5:26:04 PM     LOG [RouterExplorer] Mapped {/api/content/pages/:slug, GET} route +0ms
[Nest] 12804  - 09/09/2026, 5:26:04 PM     LOG [RoutesResolver] AdminCmsController {/api/admin/content}: +1ms
[Nest] 12804  - 09/09/2026, 5:26:04 PM     LOG [RouterExplorer] Mapped {/api/admin/content/banners, GET} route +0ms
[Nest] 12804  - 09/09/2026, 5:26:04 PM     LOG [RouterExplorer] Mapped {/api/admin/content/banners, POST} route +1ms
[Nest] 12804  - 09/09/2026, 5:26:04 PM     LOG [RouterExplorer] Mapped {/api/admin/content/banners/upload, POST} route +1ms
[Nest] 12804  - 09/09/2026, 5:26:04 PM     LOG [RouterExplorer] Mapped {/api/admin/content/banners/:id, PATCH} route +0ms
[Nest] 12804  - 09/09/2026, 5:26:04 PM     LOG [RouterExplorer] Mapped {/api/admin/content/banners/:id, DELETE} route +1ms
[Nest] 12804  - 09/09/2026, 5:26:04 PM     LOG [RouterExplorer] Mapped {/api/admin/content/posts, GET} route +1ms
[Nest] 12804  - 09/09/2026, 5:26:04 PM     LOG [RouterExplorer] Mapped {/api/admin/content/posts/upload, POST} route +1ms
[Nest] 12804  - 09/09/2026, 5:26:04 PM     LOG [RouterExplorer] Mapped {/api/admin/content/posts, POST} route +0ms
[Nest] 12804  - 09/09/2026, 5:26:04 PM     LOG [RouterExplorer] Mapped {/api/admin/content/posts/:id, PATCH} route +1ms
[Nest] 12804  - 09/09/2026, 5:26:04 PM     LOG [RouterExplorer] Mapped {/api/admin/content/posts/:id, DELETE} route +0ms
[Nest] 12804  - 09/09/2026, 5:26:04 PM     LOG [RouterExplorer] Mapped {/api/admin/content/lookbook, GET} route +1ms
[Nest] 12804  - 09/09/2026, 5:26:04 PM     LOG [RouterExplorer] Mapped {/api/admin/content/lookbook/upload, POST} route +0ms
[Nest] 12804  - 09/09/2026, 5:26:04 PM     LOG [RouterExplorer] Mapped {/api/admin/content/lookbook, POST} route +1ms
[Nest] 12804  - 09/09/2026, 5:26:04 PM     LOG [RouterExplorer] Mapped {/api/admin/content/lookbook/:id, PATCH} route +0ms
[Nest] 12804  - 09/09/2026, 5:26:04 PM     LOG [RouterExplorer] Mapped {/api/admin/content/lookbook/:id, DELETE} route +0ms
[Nest] 12804  - 09/09/2026, 5:26:04 PM     LOG [RouterExplorer] Mapped {/api/admin/content/records, GET} route +1ms
[Nest] 12804  - 09/09/2026, 5:26:04 PM     LOG [RouterExplorer] Mapped {/api/admin/content/records, POST} route +0ms
[Nest] 12804  - 09/09/2026, 5:26:04 PM     LOG [RouterExplorer] Mapped {/api/admin/content/records/:id, PATCH} route +1ms
[Nest] 12804  - 09/09/2026, 5:26:04 PM     LOG [RouterExplorer] Mapped {/api/admin/content/records/:id, DELETE} route +1ms
[Nest] 12804  - 09/09/2026, 5:26:04 PM     LOG [RouterExplorer] Mapped {/api/admin/content/records/upload, POST} route +2ms
[Nest] 12804  - 09/09/2026, 5:26:04 PM     LOG [RouterExplorer] Mapped {/api/admin/content/pages, GET} route +0ms
[Nest] 12804  - 09/09/2026, 5:26:04 PM     LOG [RouterExplorer] Mapped {/api/admin/content/pages, POST} route +1ms
[Nest] 12804  - 09/09/2026, 5:26:04 PM     LOG [RouterExplorer] Mapped {/api/admin/content/pages/:id, PATCH} route +0ms
[Nest] 12804  - 09/09/2026, 5:26:04 PM     LOG [RouterExplorer] Mapped {/api/admin/content/pages/:id/sections, GET} route +1ms
[Nest] 12804  - 09/09/2026, 5:26:04 PM     LOG [RouterExplorer] Mapped {/api/admin/content/pages/:id/sections, POST} route +1ms
[Nest] 12804  - 09/09/2026, 5:26:04 PM     LOG [RouterExplorer] Mapped {/api/admin/content/sections/:id, PATCH} route +1ms
[Nest] 12804  - 09/09/2026, 5:26:04 PM     LOG [RouterExplorer] Mapped {/api/admin/content/sections/:id, DELETE} route +0ms
[Nest] 12804  - 09/09/2026, 5:26:04 PM     LOG [RouterExplorer] Mapped {/api/admin/content/settings, GET} route +1ms
[Nest] 12804  - 09/09/2026, 5:26:04 PM     LOG [RouterExplorer] Mapped {/api/admin/content/settings/:key, PUT} route +0ms
[Nest] 12804  - 09/09/2026, 5:26:04 PM     LOG [RoutesResolver] AdminController {/api/admin}: +1ms
[Nest] 12804  - 09/09/2026, 5:26:04 PM     LOG [RouterExplorer] Mapped {/api/admin/dashboard, GET} route +0ms
[Nest] 12804  - 09/09/2026, 5:26:04 PM     LOG [RouterExplorer] Mapped {/api/admin/audit-logs, GET} route +1ms
[Nest] 12804  - 09/09/2026, 5:26:04 PM     LOG [RouterExplorer] Mapped {/api/admin/users, GET} route +0ms
[Nest] 12804  - 09/09/2026, 5:26:04 PM     LOG [RouterExplorer] Mapped {/api/admin/users, POST} route +1ms
[Nest] 12804  - 09/09/2026, 5:26:04 PM     LOG [RouterExplorer] Mapped {/api/admin/users/:id, PATCH} route +0ms
[Nest] 12804  - 09/09/2026, 5:26:04 PM     LOG [NestApplication] Nest application successfully started +18ms
